[0.245s] DEBUG:colcon:Command line arguments: ['/usr/bin/colcon', 'build']
[0.245s] DEBUG:colcon:Parsed command line arguments: Namespace(log_base=None, log_level=None, verb_name='build', build_base='build', install_base='install', merge_install=False, symlink_install=False, test_result_base=None, continue_on_error=False, executor='parallel', parallel_workers=16, event_handlers=None, ignore_user_meta=False, metas=['./colcon.meta'], base_paths=['.'], packages_ignore=None, packages_ignore_regex=None, paths=None, packages_up_to=None, packages_up_to_regex=None, packages_above=None, packages_above_and_dependencies=None, packages_above_depth=None, packages_select_by_dep=None, packages_skip_by_dep=None, packages_skip_up_to=None, packages_select_build_failed=False, packages_skip_build_finished=False, packages_select_test_failures=False, packages_skip_test_passed=False, packages_select=None, packages_skip=None, packages_select_regex=None, packages_skip_regex=None, packages_start=None, packages_end=None, allow_overriding=[], cmake_args=None, cmake_target=None, cmake_target_skip_unavailable=False, cmake_clean_cache=False, cmake_clean_first=False, cmake_force_configure=False, ament_cmake_args=None, catkin_cmake_args=None, catkin_skip_building_tests=False, mixin_files=None, mixin=None, verb_parser=<colcon_mixin.mixin.mixin_argument.MixinArgumentDecorator object at 0x7fb2bde2b790>, verb_extension=<colcon_core.verb.build.BuildVerb object at 0x7fb2bde2b1c0>, main=<bound method BuildVerb.main of <colcon_core.verb.build.BuildVerb object at 0x7fb2bde2b1c0>>, mixin_verb=('build',))
[0.656s] Level 1:colcon.colcon_core.package_discovery:discover_packages(colcon_meta) check parameters
[0.656s] Level 1:colcon.colcon_core.package_discovery:discover_packages(recursive) check parameters
[0.656s] Level 1:colcon.colcon_core.package_discovery:discover_packages(ignore) check parameters
[0.656s] Level 1:colcon.colcon_core.package_discovery:discover_packages(path) check parameters
[0.656s] Level 1:colcon.colcon_core.package_discovery:discover_packages(colcon_meta) discover
[0.656s] Level 1:colcon.colcon_core.package_discovery:discover_packages(recursive) discover
[0.657s] INFO:colcon.colcon_core.package_discovery:Crawling recursively for packages in '/home/lalit/ros2_ws/src/Anvrit'
[0.657s] Level 1:colcon.colcon_core.package_identification:_identify(.) by extensions ['ignore', 'ignore_ament_install']
[0.657s] Level 1:colcon.colcon_core.package_identification:_identify(.) by extension 'ignore'
[0.657s] Level 1:colcon.colcon_core.package_identification:_identify(.) by extension 'ignore_ament_install'
[0.657s] Level 1:colcon.colcon_core.package_identification:_identify(.) by extensions ['colcon_pkg']
[0.657s] Level 1:colcon.colcon_core.package_identification:_identify(.) by extension 'colcon_pkg'
[0.657s] Level 1:colcon.colcon_core.package_identification:_identify(.) by extensions ['colcon_meta']
[0.657s] Level 1:colcon.colcon_core.package_identification:_identify(.) by extension 'colcon_meta'
[0.657s] Level 1:colcon.colcon_core.package_identification:_identify(.) by extensions ['ros']
[0.657s] Level 1:colcon.colcon_core.package_identification:_identify(.) by extension 'ros'
[0.676s] Level 1:colcon.colcon_core.package_identification:_identify(.) by extensions ['cmake', 'python']
[0.676s] Level 1:colcon.colcon_core.package_identification:_identify(.) by extension 'cmake'
[0.676s] Level 1:colcon.colcon_core.package_identification:_identify(.) by extension 'python'
[0.676s] Level 1:colcon.colcon_core.package_identification:_identify(.) by extensions ['python_setup_py']
[0.676s] Level 1:colcon.colcon_core.package_identification:_identify(.) by extension 'python_setup_py'
[0.676s] Level 1:colcon.colcon_core.package_identification:_identify(anvrit_description) by extensions ['ignore', 'ignore_ament_install']
[0.676s] Level 1:colcon.colcon_core.package_identification:_identify(anvrit_description) by extension 'ignore'
[0.677s] Level 1:colcon.colcon_core.package_identification:_identify(anvrit_description) by extension 'ignore_ament_install'
[0.677s] Level 1:colcon.colcon_core.package_identification:_identify(anvrit_description) by extensions ['colcon_pkg']
[0.677s] Level 1:colcon.colcon_core.package_identification:_identify(anvrit_description) by extension 'colcon_pkg'
[0.677s] Level 1:colcon.colcon_core.package_identification:_identify(anvrit_description) by extensions ['colcon_meta']
[0.677s] Level 1:colcon.colcon_core.package_identification:_identify(anvrit_description) by extension 'colcon_meta'
[0.677s] Level 1:colcon.colcon_core.package_identification:_identify(anvrit_description) by extensions ['ros']
[0.677s] Level 1:colcon.colcon_core.package_identification:_identify(anvrit_description) by extension 'ros'
[0.683s] DEBUG:colcon.colcon_core.package_identification:Package 'anvrit_description' with type 'ros.ament_cmake' and name 'anvrit_description'
[0.683s] Level 1:colcon.colcon_core.package_identification:_identify(anvrit_gazebo) by extensions ['ignore', 'ignore_ament_install']
[0.683s] Level 1:colcon.colcon_core.package_identification:_identify(anvrit_gazebo) by extension 'ignore'
[0.683s] Level 1:colcon.colcon_core.package_identification:_identify(anvrit_gazebo) by extension 'ignore_ament_install'
[0.683s] Level 1:colcon.colcon_core.package_identification:_identify(anvrit_gazebo) by extensions ['colcon_pkg']
[0.683s] Level 1:colcon.colcon_core.package_identification:_identify(anvrit_gazebo) by extension 'colcon_pkg'
[0.684s] Level 1:colcon.colcon_core.package_identification:_identify(anvrit_gazebo) by extensions ['colcon_meta']
[0.684s] Level 1:colcon.colcon_core.package_identification:_identify(anvrit_gazebo) by extension 'colcon_meta'
[0.684s] Level 1:colcon.colcon_core.package_identification:_identify(anvrit_gazebo) by extensions ['ros']
[0.684s] Level 1:colcon.colcon_core.package_identification:_identify(anvrit_gazebo) by extension 'ros'
[0.686s] DEBUG:colcon.colcon_core.package_identification:Package 'anvrit_gazebo' with type 'ros.ament_cmake' and name 'anvrit_gazebo'
[0.687s] Level 1:colcon.colcon_core.package_identification:_identify(anvrit_navigation) by extensions ['ignore', 'ignore_ament_install']
[0.687s] Level 1:colcon.colcon_core.package_identification:_identify(anvrit_navigation) by extension 'ignore'
[0.687s] Level 1:colcon.colcon_core.package_identification:_identify(anvrit_navigation) by extension 'ignore_ament_install'
[0.687s] Level 1:colcon.colcon_core.package_identification:_identify(anvrit_navigation) by extensions ['colcon_pkg']
[0.687s] Level 1:colcon.colcon_core.package_identification:_identify(anvrit_navigation) by extension 'colcon_pkg'
[0.687s] Level 1:colcon.colcon_core.package_identification:_identify(anvrit_navigation) by extensions ['colcon_meta']
[0.687s] Level 1:colcon.colcon_core.package_identification:_identify(anvrit_navigation) by extension 'colcon_meta'
[0.687s] Level 1:colcon.colcon_core.package_identification:_identify(anvrit_navigation) by extensions ['ros']
[0.687s] Level 1:colcon.colcon_core.package_identification:_identify(anvrit_navigation) by extension 'ros'
[0.688s] DEBUG:colcon.colcon_core.package_identification:Package 'anvrit_navigation' with type 'ros.ament_python' and name 'anvrit_navigation'
[0.688s] Level 1:colcon.colcon_core.package_identification:_identify(anvrit_odometry) by extensions ['ignore', 'ignore_ament_install']
[0.688s] Level 1:colcon.colcon_core.package_identification:_identify(anvrit_odometry) by extension 'ignore'
[0.689s] Level 1:colcon.colcon_core.package_identification:_identify(anvrit_odometry) by extension 'ignore_ament_install'
[0.689s] Level 1:colcon.colcon_core.package_identification:_identify(anvrit_odometry) by extensions ['colcon_pkg']
[0.689s] Level 1:colcon.colcon_core.package_identification:_identify(anvrit_odometry) by extension 'colcon_pkg'
[0.689s] Level 1:colcon.colcon_core.package_identification:_identify(anvrit_odometry) by extensions ['colcon_meta']
[0.689s] Level 1:colcon.colcon_core.package_identification:_identify(anvrit_odometry) by extension 'colcon_meta'
[0.689s] Level 1:colcon.colcon_core.package_identification:_identify(anvrit_odometry) by extensions ['ros']
[0.689s] Level 1:colcon.colcon_core.package_identification:_identify(anvrit_odometry) by extension 'ros'
[0.690s] DEBUG:colcon.colcon_core.package_identification:Package 'anvrit_odometry' with type 'ros.ament_python' and name 'anvrit_odometry'
[0.690s] Level 1:colcon.colcon_core.package_identification:_identify(build) by extensions ['ignore', 'ignore_ament_install']
[0.690s] Level 1:colcon.colcon_core.package_identification:_identify(build) by extension 'ignore'
[0.691s] Level 1:colcon.colcon_core.package_identification:_identify(build) ignored
[0.691s] Level 1:colcon.colcon_core.package_identification:_identify(install) by extensions ['ignore', 'ignore_ament_install']
[0.691s] Level 1:colcon.colcon_core.package_identification:_identify(install) by extension 'ignore'
[0.691s] Level 1:colcon.colcon_core.package_identification:_identify(install) ignored
[0.691s] Level 1:colcon.colcon_core.package_identification:_identify(log) by extensions ['ignore', 'ignore_ament_install']
[0.691s] Level 1:colcon.colcon_core.package_identification:_identify(log) by extension 'ignore'
[0.691s] Level 1:colcon.colcon_core.package_identification:_identify(log) ignored
[0.691s] Level 1:colcon.colcon_core.package_discovery:discover_packages(recursive) using defaults
[0.691s] Level 1:colcon.colcon_core.package_discovery:discover_packages(ignore) discover
[0.691s] Level 1:colcon.colcon_core.package_discovery:discover_packages(ignore) using defaults
[0.691s] Level 1:colcon.colcon_core.package_discovery:discover_packages(path) discover
[0.691s] Level 1:colcon.colcon_core.package_discovery:discover_packages(path) using defaults
[0.740s] Level 1:colcon.colcon_core.package_discovery:discover_packages(prefix_path) check parameters
[0.740s] Level 1:colcon.colcon_core.package_discovery:discover_packages(prefix_path) discover
[0.747s] DEBUG:colcon.colcon_installed_package_information.package_discovery:Found 9 installed packages in /home/lalit/ros2_ws/install
[0.750s] DEBUG:colcon.colcon_installed_package_information.package_discovery:Found 419 installed packages in /opt/ros/humble
[0.753s] Level 1:colcon.colcon_core.package_discovery:discover_packages(prefix_path) using defaults
[0.827s] Level 5:colcon.colcon_core.verb:set package 'anvrit_description' build argument 'cmake_args' from command line to 'None'
[0.827s] Level 5:colcon.colcon_core.verb:set package 'anvrit_description' build argument 'cmake_target' from command line to 'None'
[0.827s] Level 5:colcon.colcon_core.verb:set package 'anvrit_description' build argument 'cmake_target_skip_unavailable' from command line to 'False'
[0.827s] Level 5:colcon.colcon_core.verb:set package 'anvrit_description' build argument 'cmake_clean_cache' from command line to 'False'
[0.827s] Level 5:colcon.colcon_core.verb:set package 'anvrit_description' build argument 'cmake_clean_first' from command line to 'False'
[0.827s] Level 5:colcon.colcon_core.verb:set package 'anvrit_description' build argument 'cmake_force_configure' from command line to 'False'
[0.827s] Level 5:colcon.colcon_core.verb:set package 'anvrit_description' build argument 'ament_cmake_args' from command line to 'None'
[0.827s] Level 5:colcon.colcon_core.verb:set package 'anvrit_description' build argument 'catkin_cmake_args' from command line to 'None'
[0.827s] Level 5:colcon.colcon_core.verb:set package 'anvrit_description' build argument 'catkin_skip_building_tests' from command line to 'False'
[0.827s] DEBUG:colcon.colcon_core.verb:Building package 'anvrit_description' with the following arguments: {'ament_cmake_args': None, 'build_base': '/home/lalit/ros2_ws/src/Anvrit/build/anvrit_description', 'catkin_cmake_args': None, 'catkin_skip_building_tests': False, 'cmake_args': None, 'cmake_clean_cache': False, 'cmake_clean_first': False, 'cmake_force_configure': False, 'cmake_target': None, 'cmake_target_skip_unavailable': False, 'install_base': '/home/lalit/ros2_ws/src/Anvrit/install/anvrit_description', 'merge_install': False, 'path': '/home/lalit/ros2_ws/src/Anvrit/anvrit_description', 'symlink_install': False, 'test_result_base': None}
[0.828s] Level 5:colcon.colcon_core.verb:set package 'anvrit_gazebo' build argument 'cmake_args' from command line to 'None'
[0.828s] Level 5:colcon.colcon_core.verb:set package 'anvrit_gazebo' build argument 'cmake_target' from command line to 'None'
[0.828s] Level 5:colcon.colcon_core.verb:set package 'anvrit_gazebo' build argument 'cmake_target_skip_unavailable' from command line to 'False'
[0.828s] Level 5:colcon.colcon_core.verb:set package 'anvrit_gazebo' build argument 'cmake_clean_cache' from command line to 'False'
[0.828s] Level 5:colcon.colcon_core.verb:set package 'anvrit_gazebo' build argument 'cmake_clean_first' from command line to 'False'
[0.828s] Level 5:colcon.colcon_core.verb:set package 'anvrit_gazebo' build argument 'cmake_force_configure' from command line to 'False'
[0.828s] Level 5:colcon.colcon_core.verb:set package 'anvrit_gazebo' build argument 'ament_cmake_args' from command line to 'None'
[0.828s] Level 5:colcon.colcon_core.verb:set package 'anvrit_gazebo' build argument 'catkin_cmake_args' from command line to 'None'
[0.828s] Level 5:colcon.colcon_core.verb:set package 'anvrit_gazebo' build argument 'catkin_skip_building_tests' from command line to 'False'
[0.828s] DEBUG:colcon.colcon_core.verb:Building package 'anvrit_gazebo' with the following arguments: {'ament_cmake_args': None, 'build_base': '/home/lalit/ros2_ws/src/Anvrit/build/anvrit_gazebo', 'catkin_cmake_args': None, 'catkin_skip_building_tests': False, 'cmake_args': None, 'cmake_clean_cache': False, 'cmake_clean_first': False, 'cmake_force_configure': False, 'cmake_target': None, 'cmake_target_skip_unavailable': False, 'install_base': '/home/lalit/ros2_ws/src/Anvrit/install/anvrit_gazebo', 'merge_install': False, 'path': '/home/lalit/ros2_ws/src/Anvrit/anvrit_gazebo', 'symlink_install': False, 'test_result_base': None}
[0.828s] Level 5:colcon.colcon_core.verb:set package 'anvrit_navigation' build argument 'cmake_args' from command line to 'None'
[0.828s] Level 5:colcon.colcon_core.verb:set package 'anvrit_navigation' build argument 'cmake_target' from command line to 'None'
[0.828s] Level 5:colcon.colcon_core.verb:set package 'anvrit_navigation' build argument 'cmake_target_skip_unavailable' from command line to 'False'
[0.828s] Level 5:colcon.colcon_core.verb:set package 'anvrit_navigation' build argument 'cmake_clean_cache' from command line to 'False'
[0.828s] Level 5:colcon.colcon_core.verb:set package 'anvrit_navigation' build argument 'cmake_clean_first' from command line to 'False'
[0.828s] Level 5:colcon.colcon_core.verb:set package 'anvrit_navigation' build argument 'cmake_force_configure' from command line to 'False'
[0.828s] Level 5:colcon.colcon_core.verb:set package 'anvrit_navigation' build argument 'ament_cmake_args' from command line to 'None'
[0.828s] Level 5:colcon.colcon_core.verb:set package 'anvrit_navigation' build argument 'catkin_cmake_args' from command line to 'None'
[0.828s] Level 5:colcon.colcon_core.verb:set package 'anvrit_navigation' build argument 'catkin_skip_building_tests' from command line to 'False'
[0.828s] DEBUG:colcon.colcon_core.verb:Building package 'anvrit_navigation' with the following arguments: {'ament_cmake_args': None, 'build_base': '/home/lalit/ros2_ws/src/Anvrit/build/anvrit_navigation', 'catkin_cmake_args': None, 'catkin_skip_building_tests': False, 'cmake_args': None, 'cmake_clean_cache': False, 'cmake_clean_first': False, 'cmake_force_configure': False, 'cmake_target': None, 'cmake_target_skip_unavailable': False, 'install_base': '/home/lalit/ros2_ws/src/Anvrit/install/anvrit_navigation', 'merge_install': False, 'path': '/home/lalit/ros2_ws/src/Anvrit/anvrit_navigation', 'symlink_install': False, 'test_result_base': None}
[0.829s] Level 5:colcon.colcon_core.verb:set package 'anvrit_odometry' build argument 'cmake_args' from command line to 'None'
[0.829s] Level 5:colcon.colcon_core.verb:set package 'anvrit_odometry' build argument 'cmake_target' from command line to 'None'
[0.829s] Level 5:colcon.colcon_core.verb:set package 'anvrit_odometry' build argument 'cmake_target_skip_unavailable' from command line to 'False'
[0.829s] Level 5:colcon.colcon_core.verb:set package 'anvrit_odometry' build argument 'cmake_clean_cache' from command line to 'False'
[0.829s] Level 5:colcon.colcon_core.verb:set package 'anvrit_odometry' build argument 'cmake_clean_first' from command line to 'False'
[0.829s] Level 5:colcon.colcon_core.verb:set package 'anvrit_odometry' build argument 'cmake_force_configure' from command line to 'False'
[0.829s] Level 5:colcon.colcon_core.verb:set package 'anvrit_odometry' build argument 'ament_cmake_args' from command line to 'None'
[0.829s] Level 5:colcon.colcon_core.verb:set package 'anvrit_odometry' build argument 'catkin_cmake_args' from command line to 'None'
[0.829s] Level 5:colcon.colcon_core.verb:set package 'anvrit_odometry' build argument 'catkin_skip_building_tests' from command line to 'False'
[0.829s] DEBUG:colcon.colcon_core.verb:Building package 'anvrit_odometry' with the following arguments: {'ament_cmake_args': None, 'build_base': '/home/lalit/ros2_ws/src/Anvrit/build/anvrit_odometry', 'catkin_cmake_args': None, 'catkin_skip_building_tests': False, 'cmake_args': None, 'cmake_clean_cache': False, 'cmake_clean_first': False, 'cmake_force_configure': False, 'cmake_target': None, 'cmake_target_skip_unavailable': False, 'install_base': '/home/lalit/ros2_ws/src/Anvrit/install/anvrit_odometry', 'merge_install': False, 'path': '/home/lalit/ros2_ws/src/Anvrit/anvrit_odometry', 'symlink_install': False, 'test_result_base': None}
[0.829s] INFO:colcon.colcon_core.executor:Executing jobs using 'parallel' executor
[0.830s] DEBUG:colcon.colcon_parallel_executor.executor.parallel:run_until_complete
[0.831s] INFO:colcon.colcon_ros.task.ament_cmake.build:Building ROS package in '/home/lalit/ros2_ws/src/Anvrit/anvrit_description' with build type 'ament_cmake'
[0.831s] INFO:colcon.colcon_cmake.task.cmake.build:Building CMake package in '/home/lalit/ros2_ws/src/Anvrit/anvrit_description'
[0.837s] INFO:colcon.colcon_core.plugin_system:Skipping extension 'colcon_core.shell.bat': Not used on non-Windows systems
[0.837s] INFO:colcon.colcon_core.shell:Skip shell extension 'powershell' for command environment: Not usable outside of PowerShell
[0.837s] DEBUG:colcon.colcon_core.shell:Skip shell extension 'dsv' for command environment
[0.843s] INFO:colcon.colcon_ros.task.ament_cmake.build:Building ROS package in '/home/lalit/ros2_ws/src/Anvrit/anvrit_gazebo' with build type 'ament_cmake'
[0.843s] INFO:colcon.colcon_cmake.task.cmake.build:Building CMake package in '/home/lalit/ros2_ws/src/Anvrit/anvrit_gazebo'
[0.844s] INFO:colcon.colcon_core.shell:Skip shell extension 'powershell' for command environment: Not usable outside of PowerShell
[0.844s] DEBUG:colcon.colcon_core.shell:Skip shell extension 'dsv' for command environment
[0.848s] INFO:colcon.colcon_ros.task.ament_python.build:Building ROS package in '/home/lalit/ros2_ws/src/Anvrit/anvrit_navigation' with build type 'ament_python'
[0.849s] Level 1:colcon.colcon_core.shell:create_environment_hook('anvrit_navigation', 'ament_prefix_path')
[0.849s] INFO:colcon.colcon_core.shell:Creating environment hook '/home/lalit/ros2_ws/src/Anvrit/install/anvrit_navigation/share/anvrit_navigation/hook/ament_prefix_path.ps1'
[0.850s] INFO:colcon.colcon_core.shell:Creating environment descriptor '/home/lalit/ros2_ws/src/Anvrit/install/anvrit_navigation/share/anvrit_navigation/hook/ament_prefix_path.dsv'
[0.851s] INFO:colcon.colcon_core.shell:Creating environment hook '/home/lalit/ros2_ws/src/Anvrit/install/anvrit_navigation/share/anvrit_navigation/hook/ament_prefix_path.sh'
[0.852s] INFO:colcon.colcon_core.shell:Skip shell extension 'powershell' for command environment: Not usable outside of PowerShell
[0.852s] DEBUG:colcon.colcon_core.shell:Skip shell extension 'dsv' for command environment
[0.856s] INFO:colcon.colcon_ros.task.ament_python.build:Building ROS package in '/home/lalit/ros2_ws/src/Anvrit/anvrit_odometry' with build type 'ament_python'
[0.857s] Level 1:colcon.colcon_core.shell:create_environment_hook('anvrit_odometry', 'ament_prefix_path')
[0.857s] INFO:colcon.colcon_core.shell:Creating environment hook '/home/lalit/ros2_ws/src/Anvrit/install/anvrit_odometry/share/anvrit_odometry/hook/ament_prefix_path.ps1'
[0.858s] INFO:colcon.colcon_core.shell:Creating environment descriptor '/home/lalit/ros2_ws/src/Anvrit/install/anvrit_odometry/share/anvrit_odometry/hook/ament_prefix_path.dsv'
[0.858s] INFO:colcon.colcon_core.shell:Creating environment hook '/home/lalit/ros2_ws/src/Anvrit/install/anvrit_odometry/share/anvrit_odometry/hook/ament_prefix_path.sh'
[0.858s] INFO:colcon.colcon_core.shell:Skip shell extension 'powershell' for command environment: Not usable outside of PowerShell
[0.859s] DEBUG:colcon.colcon_core.shell:Skip shell extension 'dsv' for command environment
[0.871s] DEBUG:colcon.colcon_core.event_handler.log_command:Invoking command in '/home/lalit/ros2_ws/src/Anvrit/build/anvrit_description': CMAKE_PREFIX_PATH=${CMAKE_PREFIX_PATH}:/home/lalit/ros2_ws/install/turtle_controller:/home/lalit/ros2_ws/install/nav2_gps_waypoint_follower_demo:/home/lalit/ros2_ws/install/bot_control:/home/lalit/ros2_ws/install/anvrit_odometry:/opt/ros/humble /usr/bin/cmake /home/lalit/ros2_ws/src/Anvrit/anvrit_description -DCMAKE_INSTALL_PREFIX=/home/lalit/ros2_ws/src/Anvrit/install/anvrit_description
[0.882s] DEBUG:colcon.colcon_core.event_handler.log_command:Invoking command in '/home/lalit/ros2_ws/src/Anvrit/build/anvrit_gazebo': CMAKE_PREFIX_PATH=${CMAKE_PREFIX_PATH}:/home/lalit/ros2_ws/install/turtle_controller:/home/lalit/ros2_ws/install/nav2_gps_waypoint_follower_demo:/home/lalit/ros2_ws/install/bot_control:/home/lalit/ros2_ws/install/anvrit_odometry:/opt/ros/humble /usr/bin/cmake /home/lalit/ros2_ws/src/Anvrit/anvrit_gazebo -DCMAKE_INSTALL_PREFIX=/home/lalit/ros2_ws/src/Anvrit/install/anvrit_gazebo
[1.355s] INFO:colcon.colcon_core.task.python.build:Building Python package in '/home/lalit/ros2_ws/src/Anvrit/anvrit_navigation'
[1.356s] INFO:colcon.colcon_core.shell:Skip shell extension 'powershell' for command environment: Not usable outside of PowerShell
[1.356s] DEBUG:colcon.colcon_core.shell:Skip shell extension 'dsv' for command environment
[1.850s] INFO:colcon.colcon_core.task.python.build:Building Python package in '/home/lalit/ros2_ws/src/Anvrit/anvrit_odometry'
[1.851s] INFO:colcon.colcon_core.shell:Skip shell extension 'powershell' for command environment: Not usable outside of PowerShell
[1.851s] DEBUG:colcon.colcon_core.shell:Skip shell extension 'dsv' for command environment
[2.267s] DEBUG:colcon.colcon_core.event_handler.log_command:Invoked command in '/home/lalit/ros2_ws/src/Anvrit/build/anvrit_description' returned '0': CMAKE_PREFIX_PATH=${CMAKE_PREFIX_PATH}:/home/lalit/ros2_ws/install/turtle_controller:/home/lalit/ros2_ws/install/nav2_gps_waypoint_follower_demo:/home/lalit/ros2_ws/install/bot_control:/home/lalit/ros2_ws/install/anvrit_odometry:/opt/ros/humble /usr/bin/cmake /home/lalit/ros2_ws/src/Anvrit/anvrit_description -DCMAKE_INSTALL_PREFIX=/home/lalit/ros2_ws/src/Anvrit/install/anvrit_description
[2.271s] DEBUG:colcon.colcon_core.event_handler.log_command:Invoking command in '/home/lalit/ros2_ws/src/Anvrit/build/anvrit_description': CMAKE_PREFIX_PATH=${CMAKE_PREFIX_PATH}:/home/lalit/ros2_ws/install/turtle_controller:/home/lalit/ros2_ws/install/nav2_gps_waypoint_follower_demo:/home/lalit/ros2_ws/install/bot_control:/home/lalit/ros2_ws/install/anvrit_odometry:/opt/ros/humble /usr/bin/cmake --build /home/lalit/ros2_ws/src/Anvrit/build/anvrit_description -- -j16 -l16
[2.346s] DEBUG:colcon.colcon_core.event_handler.log_command:Invoked command in '/home/lalit/ros2_ws/src/Anvrit/build/anvrit_description' returned '0': CMAKE_PREFIX_PATH=${CMAKE_PREFIX_PATH}:/home/lalit/ros2_ws/install/turtle_controller:/home/lalit/ros2_ws/install/nav2_gps_waypoint_follower_demo:/home/lalit/ros2_ws/install/bot_control:/home/lalit/ros2_ws/install/anvrit_odometry:/opt/ros/humble /usr/bin/cmake --build /home/lalit/ros2_ws/src/Anvrit/build/anvrit_description -- -j16 -l16
[2.413s] DEBUG:colcon.colcon_core.event_handler.log_command:Invoking command in '/home/lalit/ros2_ws/src/Anvrit/build/anvrit_description': CMAKE_PREFIX_PATH=${CMAKE_PREFIX_PATH}:/home/lalit/ros2_ws/install/turtle_controller:/home/lalit/ros2_ws/install/nav2_gps_waypoint_follower_demo:/home/lalit/ros2_ws/install/bot_control:/home/lalit/ros2_ws/install/anvrit_odometry:/opt/ros/humble /usr/bin/cmake --install /home/lalit/ros2_ws/src/Anvrit/build/anvrit_description
[2.486s] Level 1:colcon.colcon_core.environment:create_environment_scripts_only(anvrit_description)
[2.488s] DEBUG:colcon.colcon_core.event_handler.log_command:Invoked command in '/home/lalit/ros2_ws/src/Anvrit/build/anvrit_description' returned '0': CMAKE_PREFIX_PATH=${CMAKE_PREFIX_PATH}:/home/lalit/ros2_ws/install/turtle_controller:/home/lalit/ros2_ws/install/nav2_gps_waypoint_follower_demo:/home/lalit/ros2_ws/install/bot_control:/home/lalit/ros2_ws/install/anvrit_odometry:/opt/ros/humble /usr/bin/cmake --install /home/lalit/ros2_ws/src/Anvrit/build/anvrit_description
[2.497s] Level 1:colcon.colcon_core.environment:checking '/home/lalit/ros2_ws/src/Anvrit/install/anvrit_description' for CMake module files
[2.498s] Level 1:colcon.colcon_core.environment:checking '/home/lalit/ros2_ws/src/Anvrit/install/anvrit_description' for CMake config files
[2.498s] Level 1:colcon.colcon_core.shell:create_environment_hook('anvrit_description', 'cmake_prefix_path')
[2.499s] INFO:colcon.colcon_core.shell:Creating environment hook '/home/lalit/ros2_ws/src/Anvrit/install/anvrit_description/share/anvrit_description/hook/cmake_prefix_path.ps1'
[2.499s] INFO:colcon.colcon_core.shell:Creating environment descriptor '/home/lalit/ros2_ws/src/Anvrit/install/anvrit_description/share/anvrit_description/hook/cmake_prefix_path.dsv'
[2.500s] INFO:colcon.colcon_core.shell:Creating environment hook '/home/lalit/ros2_ws/src/Anvrit/install/anvrit_description/share/anvrit_description/hook/cmake_prefix_path.sh'
[2.501s] Level 1:colcon.colcon_core.environment:checking '/home/lalit/ros2_ws/src/Anvrit/install/anvrit_description/bin'
[2.501s] Level 1:colcon.colcon_core.environment:checking '/home/lalit/ros2_ws/src/Anvrit/install/anvrit_description/lib/pkgconfig/anvrit_description.pc'
[2.501s] Level 1:colcon.colcon_core.environment:checking '/home/lalit/ros2_ws/src/Anvrit/install/anvrit_description/lib/python3.10/site-packages'
[2.501s] Level 1:colcon.colcon_core.environment:checking '/home/lalit/ros2_ws/src/Anvrit/install/anvrit_description/bin'
[2.502s] INFO:colcon.colcon_core.shell:Creating package script '/home/lalit/ros2_ws/src/Anvrit/install/anvrit_description/share/anvrit_description/package.ps1'
[2.504s] INFO:colcon.colcon_core.shell:Creating package descriptor '/home/lalit/ros2_ws/src/Anvrit/install/anvrit_description/share/anvrit_description/package.dsv'
[2.506s] INFO:colcon.colcon_core.shell:Creating package script '/home/lalit/ros2_ws/src/Anvrit/install/anvrit_description/share/anvrit_description/package.sh'
[2.507s] INFO:colcon.colcon_core.shell:Creating package script '/home/lalit/ros2_ws/src/Anvrit/install/anvrit_description/share/anvrit_description/package.bash'
[2.509s] INFO:colcon.colcon_core.shell:Creating package script '/home/lalit/ros2_ws/src/Anvrit/install/anvrit_description/share/anvrit_description/package.zsh'
[2.510s] Level 1:colcon.colcon_core.environment:create_file_with_runtime_dependencies(/home/lalit/ros2_ws/src/Anvrit/install/anvrit_description/share/colcon-core/packages/anvrit_description)
[2.550s] Level 1:colcon.colcon_core.environment:create_environment_scripts_only(anvrit_description)
[2.551s] Level 1:colcon.colcon_core.environment:checking '/home/lalit/ros2_ws/src/Anvrit/install/anvrit_description' for CMake module files
[2.551s] Level 1:colcon.colcon_core.environment:checking '/home/lalit/ros2_ws/src/Anvrit/install/anvrit_description' for CMake config files
[2.552s] Level 1:colcon.colcon_core.shell:create_environment_hook('anvrit_description', 'cmake_prefix_path')
[2.552s] INFO:colcon.colcon_core.shell:Creating environment hook '/home/lalit/ros2_ws/src/Anvrit/install/anvrit_description/share/anvrit_description/hook/cmake_prefix_path.ps1'
[2.553s] INFO:colcon.colcon_core.shell:Creating environment descriptor '/home/lalit/ros2_ws/src/Anvrit/install/anvrit_description/share/anvrit_description/hook/cmake_prefix_path.dsv'
[2.553s] INFO:colcon.colcon_core.shell:Creating environment hook '/home/lalit/ros2_ws/src/Anvrit/install/anvrit_description/share/anvrit_description/hook/cmake_prefix_path.sh'
[2.554s] Level 1:colcon.colcon_core.environment:checking '/home/lalit/ros2_ws/src/Anvrit/install/anvrit_description/bin'
[2.554s] Level 1:colcon.colcon_core.environment:checking '/home/lalit/ros2_ws/src/Anvrit/install/anvrit_description/lib/pkgconfig/anvrit_description.pc'
[2.555s] Level 1:colcon.colcon_core.environment:checking '/home/lalit/ros2_ws/src/Anvrit/install/anvrit_description/lib/python3.10/site-packages'
[2.555s] Level 1:colcon.colcon_core.environment:checking '/home/lalit/ros2_ws/src/Anvrit/install/anvrit_description/bin'
[2.555s] INFO:colcon.colcon_core.shell:Creating package script '/home/lalit/ros2_ws/src/Anvrit/install/anvrit_description/share/anvrit_description/package.ps1'
[2.556s] INFO:colcon.colcon_core.shell:Creating package descriptor '/home/lalit/ros2_ws/src/Anvrit/install/anvrit_description/share/anvrit_description/package.dsv'
[2.557s] INFO:colcon.colcon_core.shell:Creating package script '/home/lalit/ros2_ws/src/Anvrit/install/anvrit_description/share/anvrit_description/package.sh'
[2.557s] INFO:colcon.colcon_core.shell:Creating package script '/home/lalit/ros2_ws/src/Anvrit/install/anvrit_description/share/anvrit_description/package.bash'
[2.558s] INFO:colcon.colcon_core.shell:Creating package script '/home/lalit/ros2_ws/src/Anvrit/install/anvrit_description/share/anvrit_description/package.zsh'
[2.558s] Level 1:colcon.colcon_core.environment:create_file_with_runtime_dependencies(/home/lalit/ros2_ws/src/Anvrit/install/anvrit_description/share/colcon-core/packages/anvrit_description)
[2.706s] DEBUG:colcon.colcon_core.event_handler.log_command:Invoking command in '/home/lalit/ros2_ws/src/Anvrit/anvrit_navigation': PYTHONPATH=/home/lalit/ros2_ws/src/Anvrit/build/anvrit_navigation/prefix_override:/usr/lib/python3/dist-packages/colcon_core/task/python/colcon_distutils_commands:/home/lalit/ros2_ws/src/Anvrit/install/anvrit_navigation/lib/python3.10/site-packages:${PYTHONPATH} /usr/bin/python3 -W ignore:setup.py install is deprecated setup.py egg_info --egg-base ../build/anvrit_navigation build --build-base /home/lalit/ros2_ws/src/Anvrit/build/anvrit_navigation/build install --record /home/lalit/ros2_ws/src/Anvrit/build/anvrit_navigation/install.log --single-version-externally-managed install_data
[2.708s] DEBUG:colcon.colcon_core.event_handler.log_command:Invoking command in '/home/lalit/ros2_ws/src/Anvrit/anvrit_odometry': PYTHONPATH=/home/lalit/ros2_ws/src/Anvrit/build/anvrit_odometry/prefix_override:/usr/lib/python3/dist-packages/colcon_core/task/python/colcon_distutils_commands:/home/lalit/ros2_ws/src/Anvrit/install/anvrit_odometry/lib/python3.10/site-packages:${PYTHONPATH} /usr/bin/python3 -W ignore:setup.py install is deprecated setup.py egg_info --egg-base ../build/anvrit_odometry build --build-base /home/lalit/ros2_ws/src/Anvrit/build/anvrit_odometry/build install --record /home/lalit/ros2_ws/src/Anvrit/build/anvrit_odometry/install.log --single-version-externally-managed install_data
[3.239s] Level 1:colcon.colcon_core.environment:checking '/home/lalit/ros2_ws/src/Anvrit/install/anvrit_navigation' for CMake module files
[3.240s] DEBUG:colcon.colcon_core.event_handler.log_command:Invoked command in '/home/lalit/ros2_ws/src/Anvrit/anvrit_navigation' returned '0': PYTHONPATH=/home/lalit/ros2_ws/src/Anvrit/build/anvrit_navigation/prefix_override:/usr/lib/python3/dist-packages/colcon_core/task/python/colcon_distutils_commands:/home/lalit/ros2_ws/src/Anvrit/install/anvrit_navigation/lib/python3.10/site-packages:${PYTHONPATH} /usr/bin/python3 -W ignore:setup.py install is deprecated setup.py egg_info --egg-base ../build/anvrit_navigation build --build-base /home/lalit/ros2_ws/src/Anvrit/build/anvrit_navigation/build install --record /home/lalit/ros2_ws/src/Anvrit/build/anvrit_navigation/install.log --single-version-externally-managed install_data
[3.241s] Level 1:colcon.colcon_core.environment:checking '/home/lalit/ros2_ws/src/Anvrit/install/anvrit_navigation' for CMake config files
[3.242s] Level 1:colcon.colcon_core.environment:checking '/home/lalit/ros2_ws/src/Anvrit/install/anvrit_navigation/lib'
[3.242s] Level 1:colcon.colcon_core.environment:checking '/home/lalit/ros2_ws/src/Anvrit/install/anvrit_navigation/bin'
[3.242s] Level 1:colcon.colcon_core.environment:checking '/home/lalit/ros2_ws/src/Anvrit/install/anvrit_navigation/lib/pkgconfig/anvrit_navigation.pc'
[3.243s] Level 1:colcon.colcon_core.environment:checking '/home/lalit/ros2_ws/src/Anvrit/install/anvrit_navigation/lib/python3.10/site-packages'
[3.243s] Level 1:colcon.colcon_core.shell:create_environment_hook('anvrit_navigation', 'pythonpath')
[3.243s] INFO:colcon.colcon_core.shell:Creating environment hook '/home/lalit/ros2_ws/src/Anvrit/install/anvrit_navigation/share/anvrit_navigation/hook/pythonpath.ps1'
[3.244s] INFO:colcon.colcon_core.shell:Creating environment descriptor '/home/lalit/ros2_ws/src/Anvrit/install/anvrit_navigation/share/anvrit_navigation/hook/pythonpath.dsv'
[3.245s] INFO:colcon.colcon_core.shell:Creating environment hook '/home/lalit/ros2_ws/src/Anvrit/install/anvrit_navigation/share/anvrit_navigation/hook/pythonpath.sh'
[3.246s] Level 1:colcon.colcon_core.environment:checking '/home/lalit/ros2_ws/src/Anvrit/install/anvrit_navigation/bin'
[3.246s] Level 1:colcon.colcon_core.environment:create_environment_scripts_only(anvrit_navigation)
[3.247s] INFO:colcon.colcon_core.shell:Creating package script '/home/lalit/ros2_ws/src/Anvrit/install/anvrit_navigation/share/anvrit_navigation/package.ps1'
[3.248s] INFO:colcon.colcon_core.shell:Creating package descriptor '/home/lalit/ros2_ws/src/Anvrit/install/anvrit_navigation/share/anvrit_navigation/package.dsv'
[3.249s] INFO:colcon.colcon_core.shell:Creating package script '/home/lalit/ros2_ws/src/Anvrit/install/anvrit_navigation/share/anvrit_navigation/package.sh'
[3.250s] INFO:colcon.colcon_core.shell:Creating package script '/home/lalit/ros2_ws/src/Anvrit/install/anvrit_navigation/share/anvrit_navigation/package.bash'
[3.250s] INFO:colcon.colcon_core.shell:Creating package script '/home/lalit/ros2_ws/src/Anvrit/install/anvrit_navigation/share/anvrit_navigation/package.zsh'
[3.251s] Level 1:colcon.colcon_core.environment:create_file_with_runtime_dependencies(/home/lalit/ros2_ws/src/Anvrit/install/anvrit_navigation/share/colcon-core/packages/anvrit_navigation)
[3.254s] Level 1:colcon.colcon_core.environment:checking '/home/lalit/ros2_ws/src/Anvrit/install/anvrit_odometry' for CMake module files
[3.255s] DEBUG:colcon.colcon_core.event_handler.log_command:Invoked command in '/home/lalit/ros2_ws/src/Anvrit/anvrit_odometry' returned '0': PYTHONPATH=/home/lalit/ros2_ws/src/Anvrit/build/anvrit_odometry/prefix_override:/usr/lib/python3/dist-packages/colcon_core/task/python/colcon_distutils_commands:/home/lalit/ros2_ws/src/Anvrit/install/anvrit_odometry/lib/python3.10/site-packages:${PYTHONPATH} /usr/bin/python3 -W ignore:setup.py install is deprecated setup.py egg_info --egg-base ../build/anvrit_odometry build --build-base /home/lalit/ros2_ws/src/Anvrit/build/anvrit_odometry/build install --record /home/lalit/ros2_ws/src/Anvrit/build/anvrit_odometry/install.log --single-version-externally-managed install_data
[3.255s] Level 1:colcon.colcon_core.environment:checking '/home/lalit/ros2_ws/src/Anvrit/install/anvrit_odometry' for CMake config files
[3.256s] Level 1:colcon.colcon_core.environment:checking '/home/lalit/ros2_ws/src/Anvrit/install/anvrit_odometry/lib'
[3.257s] Level 1:colcon.colcon_core.environment:checking '/home/lalit/ros2_ws/src/Anvrit/install/anvrit_odometry/bin'
[3.257s] Level 1:colcon.colcon_core.environment:checking '/home/lalit/ros2_ws/src/Anvrit/install/anvrit_odometry/lib/pkgconfig/anvrit_odometry.pc'
[3.257s] Level 1:colcon.colcon_core.environment:checking '/home/lalit/ros2_ws/src/Anvrit/install/anvrit_odometry/lib/python3.10/site-packages'
[3.257s] Level 1:colcon.colcon_core.shell:create_environment_hook('anvrit_odometry', 'pythonpath')
[3.258s] INFO:colcon.colcon_core.shell:Creating environment hook '/home/lalit/ros2_ws/src/Anvrit/install/anvrit_odometry/share/anvrit_odometry/hook/pythonpath.ps1'
[3.259s] INFO:colcon.colcon_core.shell:Creating environment descriptor '/home/lalit/ros2_ws/src/Anvrit/install/anvrit_odometry/share/anvrit_odometry/hook/pythonpath.dsv'
[3.259s] INFO:colcon.colcon_core.shell:Creating environment hook '/home/lalit/ros2_ws/src/Anvrit/install/anvrit_odometry/share/anvrit_odometry/hook/pythonpath.sh'
[3.260s] Level 1:colcon.colcon_core.environment:checking '/home/lalit/ros2_ws/src/Anvrit/install/anvrit_odometry/bin'
[3.260s] Level 1:colcon.colcon_core.environment:create_environment_scripts_only(anvrit_odometry)
[3.261s] INFO:colcon.colcon_core.shell:Creating package script '/home/lalit/ros2_ws/src/Anvrit/install/anvrit_odometry/share/anvrit_odometry/package.ps1'
[3.262s] INFO:colcon.colcon_core.shell:Creating package descriptor '/home/lalit/ros2_ws/src/Anvrit/install/anvrit_odometry/share/anvrit_odometry/package.dsv'
[3.263s] INFO:colcon.colcon_core.shell:Creating package script '/home/lalit/ros2_ws/src/Anvrit/install/anvrit_odometry/share/anvrit_odometry/package.sh'
[3.263s] INFO:colcon.colcon_core.shell:Creating package script '/home/lalit/ros2_ws/src/Anvrit/install/anvrit_odometry/share/anvrit_odometry/package.bash'
[3.264s] INFO:colcon.colcon_core.shell:Creating package script '/home/lalit/ros2_ws/src/Anvrit/install/anvrit_odometry/share/anvrit_odometry/package.zsh'
[3.265s] Level 1:colcon.colcon_core.environment:create_file_with_runtime_dependencies(/home/lalit/ros2_ws/src/Anvrit/install/anvrit_odometry/share/colcon-core/packages/anvrit_odometry)
[3.708s] DEBUG:colcon.colcon_core.event_handler.log_command:Invoked command in '/home/lalit/ros2_ws/src/Anvrit/build/anvrit_gazebo' returned '0': CMAKE_PREFIX_PATH=${CMAKE_PREFIX_PATH}:/home/lalit/ros2_ws/install/turtle_controller:/home/lalit/ros2_ws/install/nav2_gps_waypoint_follower_demo:/home/lalit/ros2_ws/install/bot_control:/home/lalit/ros2_ws/install/anvrit_odometry:/opt/ros/humble /usr/bin/cmake /home/lalit/ros2_ws/src/Anvrit/anvrit_gazebo -DCMAKE_INSTALL_PREFIX=/home/lalit/ros2_ws/src/Anvrit/install/anvrit_gazebo
[3.709s] DEBUG:colcon.colcon_core.event_handler.log_command:Invoking command in '/home/lalit/ros2_ws/src/Anvrit/build/anvrit_gazebo': CMAKE_PREFIX_PATH=${CMAKE_PREFIX_PATH}:/home/lalit/ros2_ws/install/turtle_controller:/home/lalit/ros2_ws/install/nav2_gps_waypoint_follower_demo:/home/lalit/ros2_ws/install/bot_control:/home/lalit/ros2_ws/install/anvrit_odometry:/opt/ros/humble /usr/bin/cmake --build /home/lalit/ros2_ws/src/Anvrit/build/anvrit_gazebo -- -j16 -l16
[3.759s] DEBUG:colcon.colcon_core.event_handler.log_command:Invoked command in '/home/lalit/ros2_ws/src/Anvrit/build/anvrit_gazebo' returned '0': CMAKE_PREFIX_PATH=${CMAKE_PREFIX_PATH}:/home/lalit/ros2_ws/install/turtle_controller:/home/lalit/ros2_ws/install/nav2_gps_waypoint_follower_demo:/home/lalit/ros2_ws/install/bot_control:/home/lalit/ros2_ws/install/anvrit_odometry:/opt/ros/humble /usr/bin/cmake --build /home/lalit/ros2_ws/src/Anvrit/build/anvrit_gazebo -- -j16 -l16
[3.794s] DEBUG:colcon.colcon_core.event_handler.log_command:Invoking command in '/home/lalit/ros2_ws/src/Anvrit/build/anvrit_gazebo': CMAKE_PREFIX_PATH=${CMAKE_PREFIX_PATH}:/home/lalit/ros2_ws/install/turtle_controller:/home/lalit/ros2_ws/install/nav2_gps_waypoint_follower_demo:/home/lalit/ros2_ws/install/bot_control:/home/lalit/ros2_ws/install/anvrit_odometry:/opt/ros/humble /usr/bin/cmake --install /home/lalit/ros2_ws/src/Anvrit/build/anvrit_gazebo
[3.870s] Level 1:colcon.colcon_core.environment:create_environment_scripts_only(anvrit_gazebo)
[3.871s] Level 1:colcon.colcon_core.environment:checking '/home/lalit/ros2_ws/src/Anvrit/install/anvrit_gazebo' for CMake module files
[3.871s] DEBUG:colcon.colcon_core.event_handler.log_command:Invoked command in '/home/lalit/ros2_ws/src/Anvrit/build/anvrit_gazebo' returned '0': CMAKE_PREFIX_PATH=${CMAKE_PREFIX_PATH}:/home/lalit/ros2_ws/install/turtle_controller:/home/lalit/ros2_ws/install/nav2_gps_waypoint_follower_demo:/home/lalit/ros2_ws/install/bot_control:/home/lalit/ros2_ws/install/anvrit_odometry:/opt/ros/humble /usr/bin/cmake --install /home/lalit/ros2_ws/src/Anvrit/build/anvrit_gazebo
[3.872s] Level 1:colcon.colcon_core.environment:checking '/home/lalit/ros2_ws/src/Anvrit/install/anvrit_gazebo' for CMake config files
[3.873s] Level 1:colcon.colcon_core.shell:create_environment_hook('anvrit_gazebo', 'cmake_prefix_path')
[3.873s] INFO:colcon.colcon_core.shell:Creating environment hook '/home/lalit/ros2_ws/src/Anvrit/install/anvrit_gazebo/share/anvrit_gazebo/hook/cmake_prefix_path.ps1'
[3.874s] INFO:colcon.colcon_core.shell:Creating environment descriptor '/home/lalit/ros2_ws/src/Anvrit/install/anvrit_gazebo/share/anvrit_gazebo/hook/cmake_prefix_path.dsv'
[3.874s] INFO:colcon.colcon_core.shell:Creating environment hook '/home/lalit/ros2_ws/src/Anvrit/install/anvrit_gazebo/share/anvrit_gazebo/hook/cmake_prefix_path.sh'
[3.875s] Level 1:colcon.colcon_core.environment:checking '/home/lalit/ros2_ws/src/Anvrit/install/anvrit_gazebo/bin'
[3.875s] Level 1:colcon.colcon_core.environment:checking '/home/lalit/ros2_ws/src/Anvrit/install/anvrit_gazebo/lib/pkgconfig/anvrit_gazebo.pc'
[3.875s] Level 1:colcon.colcon_core.environment:checking '/home/lalit/ros2_ws/src/Anvrit/install/anvrit_gazebo/lib/python3.10/site-packages'
[3.876s] Level 1:colcon.colcon_core.environment:checking '/home/lalit/ros2_ws/src/Anvrit/install/anvrit_gazebo/bin'
[3.876s] INFO:colcon.colcon_core.shell:Creating package script '/home/lalit/ros2_ws/src/Anvrit/install/anvrit_gazebo/share/anvrit_gazebo/package.ps1'
[3.877s] INFO:colcon.colcon_core.shell:Creating package descriptor '/home/lalit/ros2_ws/src/Anvrit/install/anvrit_gazebo/share/anvrit_gazebo/package.dsv'
[3.877s] INFO:colcon.colcon_core.shell:Creating package script '/home/lalit/ros2_ws/src/Anvrit/install/anvrit_gazebo/share/anvrit_gazebo/package.sh'
[3.877s] INFO:colcon.colcon_core.shell:Creating package script '/home/lalit/ros2_ws/src/Anvrit/install/anvrit_gazebo/share/anvrit_gazebo/package.bash'
[3.878s] INFO:colcon.colcon_core.shell:Creating package script '/home/lalit/ros2_ws/src/Anvrit/install/anvrit_gazebo/share/anvrit_gazebo/package.zsh'
[3.878s] Level 1:colcon.colcon_core.environment:create_file_with_runtime_dependencies(/home/lalit/ros2_ws/src/Anvrit/install/anvrit_gazebo/share/colcon-core/packages/anvrit_gazebo)
[3.913s] Level 1:colcon.colcon_core.environment:create_environment_scripts_only(anvrit_gazebo)
[3.914s] Level 1:colcon.colcon_core.environment:checking '/home/lalit/ros2_ws/src/Anvrit/install/anvrit_gazebo' for CMake module files
[3.914s] Level 1:colcon.colcon_core.environment:checking '/home/lalit/ros2_ws/src/Anvrit/install/anvrit_gazebo' for CMake config files
[3.915s] Level 1:colcon.colcon_core.shell:create_environment_hook('anvrit_gazebo', 'cmake_prefix_path')
[3.916s] INFO:colcon.colcon_core.shell:Creating environment hook '/home/lalit/ros2_ws/src/Anvrit/install/anvrit_gazebo/share/anvrit_gazebo/hook/cmake_prefix_path.ps1'
[3.916s] INFO:colcon.colcon_core.shell:Creating environment descriptor '/home/lalit/ros2_ws/src/Anvrit/install/anvrit_gazebo/share/anvrit_gazebo/hook/cmake_prefix_path.dsv'
[3.917s] INFO:colcon.colcon_core.shell:Creating environment hook '/home/lalit/ros2_ws/src/Anvrit/install/anvrit_gazebo/share/anvrit_gazebo/hook/cmake_prefix_path.sh'
[3.917s] Level 1:colcon.colcon_core.environment:checking '/home/lalit/ros2_ws/src/Anvrit/install/anvrit_gazebo/bin'
[3.917s] Level 1:colcon.colcon_core.environment:checking '/home/lalit/ros2_ws/src/Anvrit/install/anvrit_gazebo/lib/pkgconfig/anvrit_gazebo.pc'
[3.917s] Level 1:colcon.colcon_core.environment:checking '/home/lalit/ros2_ws/src/Anvrit/install/anvrit_gazebo/lib/python3.10/site-packages'
[3.918s] Level 1:colcon.colcon_core.environment:checking '/home/lalit/ros2_ws/src/Anvrit/install/anvrit_gazebo/bin'
[3.918s] INFO:colcon.colcon_core.shell:Creating package script '/home/lalit/ros2_ws/src/Anvrit/install/anvrit_gazebo/share/anvrit_gazebo/package.ps1'
[3.919s] INFO:colcon.colcon_core.shell:Creating package descriptor '/home/lalit/ros2_ws/src/Anvrit/install/anvrit_gazebo/share/anvrit_gazebo/package.dsv'
[3.919s] INFO:colcon.colcon_core.shell:Creating package script '/home/lalit/ros2_ws/src/Anvrit/install/anvrit_gazebo/share/anvrit_gazebo/package.sh'
[3.920s] INFO:colcon.colcon_core.shell:Creating package script '/home/lalit/ros2_ws/src/Anvrit/install/anvrit_gazebo/share/anvrit_gazebo/package.bash'
[3.920s] INFO:colcon.colcon_core.shell:Creating package script '/home/lalit/ros2_ws/src/Anvrit/install/anvrit_gazebo/share/anvrit_gazebo/package.zsh'
[3.920s] Level 1:colcon.colcon_core.environment:create_file_with_runtime_dependencies(/home/lalit/ros2_ws/src/Anvrit/install/anvrit_gazebo/share/colcon-core/packages/anvrit_gazebo)
[3.921s] DEBUG:colcon.colcon_parallel_executor.executor.parallel:closing loop
[3.921s] DEBUG:colcon.colcon_parallel_executor.executor.parallel:loop closed
[3.921s] DEBUG:colcon.colcon_parallel_executor.executor.parallel:run_until_complete finished with '0'
[3.921s] DEBUG:colcon.colcon_core.event_reactor:joining thread
[3.931s] INFO:colcon.colcon_core.plugin_system:Skipping extension 'colcon_notification.desktop_notification.terminal_notifier': Not used on non-Darwin systems
[3.931s] INFO:colcon.colcon_core.plugin_system:Skipping extension 'colcon_notification.desktop_notification.win32': Not used on non-Windows systems
[3.931s] INFO:colcon.colcon_notification.desktop_notification:Sending desktop notification using 'notify2'
[3.964s] DEBUG:colcon.colcon_core.event_reactor:joined thread
[3.965s] INFO:colcon.colcon_core.shell:Creating prefix script '/home/lalit/ros2_ws/src/Anvrit/install/local_setup.ps1'
[3.966s] INFO:colcon.colcon_core.shell:Creating prefix util module '/home/lalit/ros2_ws/src/Anvrit/install/_local_setup_util_ps1.py'
[3.968s] INFO:colcon.colcon_core.shell:Creating prefix chain script '/home/lalit/ros2_ws/src/Anvrit/install/setup.ps1'
[3.970s] INFO:colcon.colcon_core.shell:Creating prefix script '/home/lalit/ros2_ws/src/Anvrit/install/local_setup.sh'
[3.972s] INFO:colcon.colcon_core.shell:Creating prefix util module '/home/lalit/ros2_ws/src/Anvrit/install/_local_setup_util_sh.py'
[3.972s] INFO:colcon.colcon_core.shell:Creating prefix chain script '/home/lalit/ros2_ws/src/Anvrit/install/setup.sh'
[3.974s] INFO:colcon.colcon_core.shell:Creating prefix script '/home/lalit/ros2_ws/src/Anvrit/install/local_setup.bash'
[3.975s] INFO:colcon.colcon_core.shell:Creating prefix chain script '/home/lalit/ros2_ws/src/Anvrit/install/setup.bash'
[3.977s] INFO:colcon.colcon_core.shell:Creating prefix script '/home/lalit/ros2_ws/src/Anvrit/install/local_setup.zsh'
[3.978s] INFO:colcon.colcon_core.shell:Creating prefix chain script '/home/lalit/ros2_ws/src/Anvrit/install/setup.zsh'
