[2.026s] Invoking command in '/home/lalit/cyb_ws/src/Anvrit/anvrit_odometry': PYTHONPATH=/home/lalit/cyb_ws/build/anvrit_odometry/prefix_override:/usr/lib/python3/dist-packages/colcon_core/task/python/colcon_distutils_commands:/home/lalit/cyb_ws/install/anvrit_odometry/lib/python3.10/site-packages:${PYTHONPATH} /usr/bin/python3 -W ignore:setup.py install is deprecated setup.py egg_info --egg-base ../../../build/anvrit_odometry build --build-base /home/lalit/cyb_ws/build/anvrit_odometry/build install --record /home/lalit/cyb_ws/build/anvrit_odometry/install.log --single-version-externally-managed install_data
[2.503s] running egg_info
[2.505s] writing ../../../build/anvrit_odometry/anvrit_odometry.egg-info/PKG-INFO
[2.506s] writing dependency_links to ../../../build/anvrit_odometry/anvrit_odometry.egg-info/dependency_links.txt
[2.506s] writing entry points to ../../../build/anvrit_odometry/anvrit_odometry.egg-info/entry_points.txt
[2.506s] writing requirements to ../../../build/anvrit_odometry/anvrit_odometry.egg-info/requires.txt
[2.506s] writing top-level names to ../../../build/anvrit_odometry/anvrit_odometry.egg-info/top_level.txt
[2.508s] reading manifest file '../../../build/anvrit_odometry/anvrit_odometry.egg-info/SOURCES.txt'
[2.510s] writing manifest file '../../../build/anvrit_odometry/anvrit_odometry.egg-info/SOURCES.txt'
[2.510s] running build
[2.510s] running build_py
[2.511s] copying anvrit_odometry/odometry_gen.py -> /home/lalit/cyb_ws/build/anvrit_odometry/build/lib/anvrit_odometry
[2.512s] running install
[2.513s] running install_lib
[2.515s] copying /home/lalit/cyb_ws/build/anvrit_odometry/build/lib/anvrit_odometry/odometry_gen.py -> /home/lalit/cyb_ws/install/anvrit_odometry/lib/python3.10/site-packages/anvrit_odometry
[2.517s] byte-compiling /home/lalit/cyb_ws/install/anvrit_odometry/lib/python3.10/site-packages/anvrit_odometry/odometry_gen.py to odometry_gen.cpython-310.pyc
[2.519s] running install_data
[2.520s] running install_egg_info
[2.523s] removing '/home/lalit/cyb_ws/install/anvrit_odometry/lib/python3.10/site-packages/anvrit_odometry-0.0.0-py3.10.egg-info' (and everything under it)
[2.524s] Copying ../../../build/anvrit_odometry/anvrit_odometry.egg-info to /home/lalit/cyb_ws/install/anvrit_odometry/lib/python3.10/site-packages/anvrit_odometry-0.0.0-py3.10.egg-info
[2.525s] running install_scripts
[2.566s] Installing odometry_gen script to /home/lalit/cyb_ws/install/anvrit_odometry/lib/anvrit_odometry
[2.566s] Installing pid script to /home/lalit/cyb_ws/install/anvrit_odometry/lib/anvrit_odometry
[2.566s] Installing rpm_gen script to /home/lalit/cyb_ws/install/anvrit_odometry/lib/anvrit_odometry
[2.566s] Installing teleop script to /home/lalit/cyb_ws/install/anvrit_odometry/lib/anvrit_odometry
[2.566s] Installing ticks_publisher script to /home/lalit/cyb_ws/install/anvrit_odometry/lib/anvrit_odometry
[2.567s] writing list of installed files to '/home/lalit/cyb_ws/build/anvrit_odometry/install.log'
[2.627s] Invoked command in '/home/lalit/cyb_ws/src/Anvrit/anvrit_odometry' returned '0': PYTHONPATH=/home/lalit/cyb_ws/build/anvrit_odometry/prefix_override:/usr/lib/python3/dist-packages/colcon_core/task/python/colcon_distutils_commands:/home/lalit/cyb_ws/install/anvrit_odometry/lib/python3.10/site-packages:${PYTHONPATH} /usr/bin/python3 -W ignore:setup.py install is deprecated setup.py egg_info --egg-base ../../../build/anvrit_odometry build --build-base /home/lalit/cyb_ws/build/anvrit_odometry/build install --record /home/lalit/cyb_ws/build/anvrit_odometry/install.log --single-version-externally-managed install_data
