running egg_info
creating ../../../build/anvrit_odometry/anvrit_odometry.egg-info
writing ../../../build/anvrit_odometry/anvrit_odometry.egg-info/PKG-INFO
writing dependency_links to ../../../build/anvrit_odometry/anvrit_odometry.egg-info/dependency_links.txt
writing entry points to ../../../build/anvrit_odometry/anvrit_odometry.egg-info/entry_points.txt
writing requirements to ../../../build/anvrit_odometry/anvrit_odometry.egg-info/requires.txt
writing top-level names to ../../../build/anvrit_odometry/anvrit_odometry.egg-info/top_level.txt
writing manifest file '../../../build/anvrit_odometry/anvrit_odometry.egg-info/SOURCES.txt'
reading manifest file '../../../build/anvrit_odometry/anvrit_odometry.egg-info/SOURCES.txt'
writing manifest file '../../../build/anvrit_odometry/anvrit_odometry.egg-info/SOURCES.txt'
running build
running build_py
creating /home/lalit/cyb_ws/build/anvrit_odometry/build
creating /home/lalit/cyb_ws/build/anvrit_odometry/build/lib
creating /home/lalit/cyb_ws/build/anvrit_odometry/build/lib/anvrit_odometry
copying anvrit_odometry/teleop.py -> /home/lalit/cyb_ws/build/anvrit_odometry/build/lib/anvrit_odometry
copying anvrit_odometry/ticks_pub.py -> /home/lalit/cyb_ws/build/anvrit_odometry/build/lib/anvrit_odometry
copying anvrit_odometry/test.py -> /home/lalit/cyb_ws/build/anvrit_odometry/build/lib/anvrit_odometry
copying anvrit_odometry/rpm_gen.py -> /home/lalit/cyb_ws/build/anvrit_odometry/build/lib/anvrit_odometry
copying anvrit_odometry/controller.py -> /home/lalit/cyb_ws/build/anvrit_odometry/build/lib/anvrit_odometry
copying anvrit_odometry/__init__.py -> /home/lalit/cyb_ws/build/anvrit_odometry/build/lib/anvrit_odometry
copying anvrit_odometry/odometry_gen.py -> /home/lalit/cyb_ws/build/anvrit_odometry/build/lib/anvrit_odometry
running install
running install_lib
creating /home/lalit/cyb_ws/install/anvrit_odometry/lib/python3.10/site-packages/anvrit_odometry
copying /home/lalit/cyb_ws/build/anvrit_odometry/build/lib/anvrit_odometry/teleop.py -> /home/lalit/cyb_ws/install/anvrit_odometry/lib/python3.10/site-packages/anvrit_odometry
copying /home/lalit/cyb_ws/build/anvrit_odometry/build/lib/anvrit_odometry/ticks_pub.py -> /home/lalit/cyb_ws/install/anvrit_odometry/lib/python3.10/site-packages/anvrit_odometry
copying /home/lalit/cyb_ws/build/anvrit_odometry/build/lib/anvrit_odometry/test.py -> /home/lalit/cyb_ws/install/anvrit_odometry/lib/python3.10/site-packages/anvrit_odometry
copying /home/lalit/cyb_ws/build/anvrit_odometry/build/lib/anvrit_odometry/rpm_gen.py -> /home/lalit/cyb_ws/install/anvrit_odometry/lib/python3.10/site-packages/anvrit_odometry
copying /home/lalit/cyb_ws/build/anvrit_odometry/build/lib/anvrit_odometry/controller.py -> /home/lalit/cyb_ws/install/anvrit_odometry/lib/python3.10/site-packages/anvrit_odometry
copying /home/lalit/cyb_ws/build/anvrit_odometry/build/lib/anvrit_odometry/__init__.py -> /home/lalit/cyb_ws/install/anvrit_odometry/lib/python3.10/site-packages/anvrit_odometry
copying /home/lalit/cyb_ws/build/anvrit_odometry/build/lib/anvrit_odometry/odometry_gen.py -> /home/lalit/cyb_ws/install/anvrit_odometry/lib/python3.10/site-packages/anvrit_odometry
byte-compiling /home/lalit/cyb_ws/install/anvrit_odometry/lib/python3.10/site-packages/anvrit_odometry/teleop.py to teleop.cpython-310.pyc
byte-compiling /home/lalit/cyb_ws/install/anvrit_odometry/lib/python3.10/site-packages/anvrit_odometry/ticks_pub.py to ticks_pub.cpython-310.pyc
byte-compiling /home/lalit/cyb_ws/install/anvrit_odometry/lib/python3.10/site-packages/anvrit_odometry/test.py to test.cpython-310.pyc
byte-compiling /home/lalit/cyb_ws/install/anvrit_odometry/lib/python3.10/site-packages/anvrit_odometry/rpm_gen.py to rpm_gen.cpython-310.pyc
byte-compiling /home/lalit/cyb_ws/install/anvrit_odometry/lib/python3.10/site-packages/anvrit_odometry/controller.py to controller.cpython-310.pyc
byte-compiling /home/lalit/cyb_ws/install/anvrit_odometry/lib/python3.10/site-packages/anvrit_odometry/__init__.py to __init__.cpython-310.pyc
byte-compiling /home/lalit/cyb_ws/install/anvrit_odometry/lib/python3.10/site-packages/anvrit_odometry/odometry_gen.py to odometry_gen.cpython-310.pyc
running install_data
creating /home/lalit/cyb_ws/install/anvrit_odometry/share/ament_index
creating /home/lalit/cyb_ws/install/anvrit_odometry/share/ament_index/resource_index
creating /home/lalit/cyb_ws/install/anvrit_odometry/share/ament_index/resource_index/packages
copying resource/anvrit_odometry -> /home/lalit/cyb_ws/install/anvrit_odometry/share/ament_index/resource_index/packages
copying package.xml -> /home/lalit/cyb_ws/install/anvrit_odometry/share/anvrit_odometry
running install_egg_info
Copying ../../../build/anvrit_odometry/anvrit_odometry.egg-info to /home/lalit/cyb_ws/install/anvrit_odometry/lib/python3.10/site-packages/anvrit_odometry-0.0.0-py3.10.egg-info
running install_scripts
Installing odometry_gen script to /home/lalit/cyb_ws/install/anvrit_odometry/lib/anvrit_odometry
Installing pid script to /home/lalit/cyb_ws/install/anvrit_odometry/lib/anvrit_odometry
Installing rpm_gen script to /home/lalit/cyb_ws/install/anvrit_odometry/lib/anvrit_odometry
Installing teleop script to /home/lalit/cyb_ws/install/anvrit_odometry/lib/anvrit_odometry
Installing ticks_publisher script to /home/lalit/cyb_ws/install/anvrit_odometry/lib/anvrit_odometry
writing list of installed files to '/home/lalit/cyb_ws/build/anvrit_odometry/install.log'
