[0.126s] DEBUG:colcon:Command line arguments: ['/usr/bin/colcon', 'build']
[0.126s] DEBUG:colcon:Parsed command line arguments: Namespace(log_base=None, log_level=None, verb_name='build', build_base='build', install_base='install', merge_install=False, symlink_install=False, test_result_base=None, continue_on_error=False, executor='parallel', parallel_workers=16, event_handlers=None, ignore_user_meta=False, metas=['./colcon.meta'], base_paths=['.'], packages_ignore=None, packages_ignore_regex=None, paths=None, packages_up_to=None, packages_up_to_regex=None, packages_above=None, packages_above_and_dependencies=None, packages_above_depth=None, packages_select_by_dep=None, packages_skip_by_dep=None, packages_skip_up_to=None, packages_select_build_failed=False, packages_skip_build_finished=False, packages_select_test_failures=False, packages_skip_test_passed=False, packages_select=None, packages_skip=None, packages_select_regex=None, packages_skip_regex=None, packages_start=None, packages_end=None, allow_overriding=[], cmake_args=None, cmake_target=None, cmake_target_skip_unavailable=False, cmake_clean_cache=False, cmake_clean_first=False, cmake_force_configure=False, ament_cmake_args=None, catkin_cmake_args=None, catkin_skip_building_tests=False, mixin_files=None, mixin=None, verb_parser=<colcon_mixin.mixin.mixin_argument.MixinArgumentDecorator object at 0x7092923787c0>, verb_extension=<colcon_core.verb.build.BuildVerb object at 0x709292347d00>, main=<bound method BuildVerb.main of <colcon_core.verb.build.BuildVerb object at 0x709292347d00>>, mixin_verb=('build',))
[0.318s] Level 1:colcon.colcon_core.package_discovery:discover_packages(colcon_meta) check parameters
[0.318s] Level 1:colcon.colcon_core.package_discovery:discover_packages(recursive) check parameters
[0.318s] Level 1:colcon.colcon_core.package_discovery:discover_packages(ignore) check parameters
[0.318s] Level 1:colcon.colcon_core.package_discovery:discover_packages(path) check parameters
[0.318s] Level 1:colcon.colcon_core.package_discovery:discover_packages(colcon_meta) discover
[0.318s] Level 1:colcon.colcon_core.package_discovery:discover_packages(recursive) discover
[0.318s] INFO:colcon.colcon_core.package_discovery:Crawling recursively for packages in '/home/lalit/cyb_ws'
[0.318s] Level 1:colcon.colcon_core.package_identification:_identify(.) by extensions ['ignore', 'ignore_ament_install']
[0.318s] Level 1:colcon.colcon_core.package_identification:_identify(.) by extension 'ignore'
[0.318s] Level 1:colcon.colcon_core.package_identification:_identify(.) by extension 'ignore_ament_install'
[0.318s] Level 1:colcon.colcon_core.package_identification:_identify(.) by extensions ['colcon_pkg']
[0.318s] Level 1:colcon.colcon_core.package_identification:_identify(.) by extension 'colcon_pkg'
[0.318s] Level 1:colcon.colcon_core.package_identification:_identify(.) by extensions ['colcon_meta']
[0.318s] Level 1:colcon.colcon_core.package_identification:_identify(.) by extension 'colcon_meta'
[0.319s] Level 1:colcon.colcon_core.package_identification:_identify(.) by extensions ['ros']
[0.319s] Level 1:colcon.colcon_core.package_identification:_identify(.) by extension 'ros'
[0.332s] Level 1:colcon.colcon_core.package_identification:_identify(.) by extensions ['cmake', 'python']
[0.332s] Level 1:colcon.colcon_core.package_identification:_identify(.) by extension 'cmake'
[0.332s] Level 1:colcon.colcon_core.package_identification:_identify(.) by extension 'python'
[0.332s] Level 1:colcon.colcon_core.package_identification:_identify(.) by extensions ['python_setup_py']
[0.332s] Level 1:colcon.colcon_core.package_identification:_identify(.) by extension 'python_setup_py'
[0.332s] Level 1:colcon.colcon_core.package_identification:_identify(build) by extensions ['ignore', 'ignore_ament_install']
[0.332s] Level 1:colcon.colcon_core.package_identification:_identify(build) by extension 'ignore'
[0.332s] Level 1:colcon.colcon_core.package_identification:_identify(build) ignored
[0.332s] Level 1:colcon.colcon_core.package_identification:_identify(install) by extensions ['ignore', 'ignore_ament_install']
[0.332s] Level 1:colcon.colcon_core.package_identification:_identify(install) by extension 'ignore'
[0.332s] Level 1:colcon.colcon_core.package_identification:_identify(install) ignored
[0.332s] Level 1:colcon.colcon_core.package_identification:_identify(log) by extensions ['ignore', 'ignore_ament_install']
[0.333s] Level 1:colcon.colcon_core.package_identification:_identify(log) by extension 'ignore'
[0.333s] Level 1:colcon.colcon_core.package_identification:_identify(log) ignored
[0.333s] Level 1:colcon.colcon_core.package_identification:_identify(src) by extensions ['ignore', 'ignore_ament_install']
[0.333s] Level 1:colcon.colcon_core.package_identification:_identify(src) by extension 'ignore'
[0.333s] Level 1:colcon.colcon_core.package_identification:_identify(src) by extension 'ignore_ament_install'
[0.333s] Level 1:colcon.colcon_core.package_identification:_identify(src) by extensions ['colcon_pkg']
[0.333s] Level 1:colcon.colcon_core.package_identification:_identify(src) by extension 'colcon_pkg'
[0.333s] Level 1:colcon.colcon_core.package_identification:_identify(src) by extensions ['colcon_meta']
[0.333s] Level 1:colcon.colcon_core.package_identification:_identify(src) by extension 'colcon_meta'
[0.333s] Level 1:colcon.colcon_core.package_identification:_identify(src) by extensions ['ros']
[0.333s] Level 1:colcon.colcon_core.package_identification:_identify(src) by extension 'ros'
[0.333s] Level 1:colcon.colcon_core.package_identification:_identify(src) by extensions ['cmake', 'python']
[0.333s] Level 1:colcon.colcon_core.package_identification:_identify(src) by extension 'cmake'
[0.333s] Level 1:colcon.colcon_core.package_identification:_identify(src) by extension 'python'
[0.333s] Level 1:colcon.colcon_core.package_identification:_identify(src) by extensions ['python_setup_py']
[0.333s] Level 1:colcon.colcon_core.package_identification:_identify(src) by extension 'python_setup_py'
[0.333s] Level 1:colcon.colcon_core.package_identification:_identify(src/Anvrit) by extensions ['ignore', 'ignore_ament_install']
[0.333s] Level 1:colcon.colcon_core.package_identification:_identify(src/Anvrit) by extension 'ignore'
[0.333s] Level 1:colcon.colcon_core.package_identification:_identify(src/Anvrit) by extension 'ignore_ament_install'
[0.333s] Level 1:colcon.colcon_core.package_identification:_identify(src/Anvrit) by extensions ['colcon_pkg']
[0.333s] Level 1:colcon.colcon_core.package_identification:_identify(src/Anvrit) by extension 'colcon_pkg'
[0.333s] Level 1:colcon.colcon_core.package_identification:_identify(src/Anvrit) by extensions ['colcon_meta']
[0.333s] Level 1:colcon.colcon_core.package_identification:_identify(src/Anvrit) by extension 'colcon_meta'
[0.334s] Level 1:colcon.colcon_core.package_identification:_identify(src/Anvrit) by extensions ['ros']
[0.334s] Level 1:colcon.colcon_core.package_identification:_identify(src/Anvrit) by extension 'ros'
[0.334s] Level 1:colcon.colcon_core.package_identification:_identify(src/Anvrit) by extensions ['cmake', 'python']
[0.334s] Level 1:colcon.colcon_core.package_identification:_identify(src/Anvrit) by extension 'cmake'
[0.334s] Level 1:colcon.colcon_core.package_identification:_identify(src/Anvrit) by extension 'python'
[0.334s] Level 1:colcon.colcon_core.package_identification:_identify(src/Anvrit) by extensions ['python_setup_py']
[0.334s] Level 1:colcon.colcon_core.package_identification:_identify(src/Anvrit) by extension 'python_setup_py'
[0.334s] Level 1:colcon.colcon_core.package_identification:_identify(src/Anvrit/anvrit_description) by extensions ['ignore', 'ignore_ament_install']
[0.334s] Level 1:colcon.colcon_core.package_identification:_identify(src/Anvrit/anvrit_description) by extension 'ignore'
[0.334s] Level 1:colcon.colcon_core.package_identification:_identify(src/Anvrit/anvrit_description) by extension 'ignore_ament_install'
[0.334s] Level 1:colcon.colcon_core.package_identification:_identify(src/Anvrit/anvrit_description) by extensions ['colcon_pkg']
[0.334s] Level 1:colcon.colcon_core.package_identification:_identify(src/Anvrit/anvrit_description) by extension 'colcon_pkg'
[0.334s] Level 1:colcon.colcon_core.package_identification:_identify(src/Anvrit/anvrit_description) by extensions ['colcon_meta']
[0.334s] Level 1:colcon.colcon_core.package_identification:_identify(src/Anvrit/anvrit_description) by extension 'colcon_meta'
[0.334s] Level 1:colcon.colcon_core.package_identification:_identify(src/Anvrit/anvrit_description) by extensions ['ros']
[0.334s] Level 1:colcon.colcon_core.package_identification:_identify(src/Anvrit/anvrit_description) by extension 'ros'
[0.337s] DEBUG:colcon.colcon_core.package_identification:Package 'src/Anvrit/anvrit_description' with type 'ros.ament_cmake' and name 'anvrit_description'
[0.337s] Level 1:colcon.colcon_core.package_identification:_identify(src/Anvrit/anvrit_gazebo) by extensions ['ignore', 'ignore_ament_install']
[0.337s] Level 1:colcon.colcon_core.package_identification:_identify(src/Anvrit/anvrit_gazebo) by extension 'ignore'
[0.337s] Level 1:colcon.colcon_core.package_identification:_identify(src/Anvrit/anvrit_gazebo) by extension 'ignore_ament_install'
[0.337s] Level 1:colcon.colcon_core.package_identification:_identify(src/Anvrit/anvrit_gazebo) by extensions ['colcon_pkg']
[0.338s] Level 1:colcon.colcon_core.package_identification:_identify(src/Anvrit/anvrit_gazebo) by extension 'colcon_pkg'
[0.338s] Level 1:colcon.colcon_core.package_identification:_identify(src/Anvrit/anvrit_gazebo) by extensions ['colcon_meta']
[0.338s] Level 1:colcon.colcon_core.package_identification:_identify(src/Anvrit/anvrit_gazebo) by extension 'colcon_meta'
[0.338s] Level 1:colcon.colcon_core.package_identification:_identify(src/Anvrit/anvrit_gazebo) by extensions ['ros']
[0.338s] Level 1:colcon.colcon_core.package_identification:_identify(src/Anvrit/anvrit_gazebo) by extension 'ros'
[0.338s] DEBUG:colcon.colcon_core.package_identification:Package 'src/Anvrit/anvrit_gazebo' with type 'ros.ament_cmake' and name 'anvrit_gazebo'
[0.338s] Level 1:colcon.colcon_core.package_identification:_identify(src/Anvrit/anvrit_navigation) by extensions ['ignore', 'ignore_ament_install']
[0.339s] Level 1:colcon.colcon_core.package_identification:_identify(src/Anvrit/anvrit_navigation) by extension 'ignore'
[0.339s] Level 1:colcon.colcon_core.package_identification:_identify(src/Anvrit/anvrit_navigation) by extension 'ignore_ament_install'
[0.339s] Level 1:colcon.colcon_core.package_identification:_identify(src/Anvrit/anvrit_navigation) by extensions ['colcon_pkg']
[0.339s] Level 1:colcon.colcon_core.package_identification:_identify(src/Anvrit/anvrit_navigation) by extension 'colcon_pkg'
[0.339s] Level 1:colcon.colcon_core.package_identification:_identify(src/Anvrit/anvrit_navigation) by extensions ['colcon_meta']
[0.339s] Level 1:colcon.colcon_core.package_identification:_identify(src/Anvrit/anvrit_navigation) by extension 'colcon_meta'
[0.339s] Level 1:colcon.colcon_core.package_identification:_identify(src/Anvrit/anvrit_navigation) by extensions ['ros']
[0.339s] Level 1:colcon.colcon_core.package_identification:_identify(src/Anvrit/anvrit_navigation) by extension 'ros'
[0.339s] DEBUG:colcon.colcon_core.package_identification:Package 'src/Anvrit/anvrit_navigation' with type 'ros.ament_python' and name 'anvrit_navigation'
[0.340s] Level 1:colcon.colcon_core.package_identification:_identify(src/Anvrit/anvrit_odometry) by extensions ['ignore', 'ignore_ament_install']
[0.340s] Level 1:colcon.colcon_core.package_identification:_identify(src/Anvrit/anvrit_odometry) by extension 'ignore'
[0.340s] Level 1:colcon.colcon_core.package_identification:_identify(src/Anvrit/anvrit_odometry) by extension 'ignore_ament_install'
[0.340s] Level 1:colcon.colcon_core.package_identification:_identify(src/Anvrit/anvrit_odometry) by extensions ['colcon_pkg']
[0.340s] Level 1:colcon.colcon_core.package_identification:_identify(src/Anvrit/anvrit_odometry) by extension 'colcon_pkg'
[0.340s] Level 1:colcon.colcon_core.package_identification:_identify(src/Anvrit/anvrit_odometry) by extensions ['colcon_meta']
[0.340s] Level 1:colcon.colcon_core.package_identification:_identify(src/Anvrit/anvrit_odometry) by extension 'colcon_meta'
[0.340s] Level 1:colcon.colcon_core.package_identification:_identify(src/Anvrit/anvrit_odometry) by extensions ['ros']
[0.340s] Level 1:colcon.colcon_core.package_identification:_identify(src/Anvrit/anvrit_odometry) by extension 'ros'
[0.340s] DEBUG:colcon.colcon_core.package_identification:Package 'src/Anvrit/anvrit_odometry' with type 'ros.ament_python' and name 'anvrit_odometry'
[0.341s] Level 1:colcon.colcon_core.package_identification:_identify(src/Anvrit/log) by extensions ['ignore', 'ignore_ament_install']
[0.341s] Level 1:colcon.colcon_core.package_identification:_identify(src/Anvrit/log) by extension 'ignore'
[0.341s] Level 1:colcon.colcon_core.package_identification:_identify(src/Anvrit/log) ignored
[0.341s] Level 1:colcon.colcon_core.package_discovery:discover_packages(recursive) using defaults
[0.341s] Level 1:colcon.colcon_core.package_discovery:discover_packages(ignore) discover
[0.341s] Level 1:colcon.colcon_core.package_discovery:discover_packages(ignore) using defaults
[0.341s] Level 1:colcon.colcon_core.package_discovery:discover_packages(path) discover
[0.341s] Level 1:colcon.colcon_core.package_discovery:discover_packages(path) using defaults
[0.364s] Level 1:colcon.colcon_core.package_discovery:discover_packages(prefix_path) check parameters
[0.364s] Level 1:colcon.colcon_core.package_discovery:discover_packages(prefix_path) discover
[0.365s] WARNING:colcon.colcon_ros.prefix_path.ament:The path '/home/lalit/cyb_ws/install/anvrit_odometry' in the environment variable AMENT_PREFIX_PATH doesn't exist
[0.365s] WARNING:colcon.colcon_ros.prefix_path.ament:The path '/home/lalit/cyb_ws/install/anvrit_navigation' in the environment variable AMENT_PREFIX_PATH doesn't exist
[0.365s] WARNING:colcon.colcon_ros.prefix_path.ament:The path '/home/lalit/cyb_ws/install/anvrit_gazebo' in the environment variable AMENT_PREFIX_PATH doesn't exist
[0.365s] WARNING:colcon.colcon_ros.prefix_path.ament:The path '/home/lalit/cyb_ws/install/anvrit_description' in the environment variable AMENT_PREFIX_PATH doesn't exist
[0.366s] WARNING:colcon.colcon_ros.prefix_path.catkin:The path '/home/lalit/cyb_ws/install/anvrit_gazebo' in the environment variable CMAKE_PREFIX_PATH doesn't exist
[0.366s] WARNING:colcon.colcon_ros.prefix_path.catkin:The path '/home/lalit/cyb_ws/install/anvrit_description' in the environment variable CMAKE_PREFIX_PATH doesn't exist
[0.367s] DEBUG:colcon.colcon_installed_package_information.package_discovery:Found 0 installed packages in /home/lalit/cyb_ws/install
[0.367s] DEBUG:colcon.colcon_installed_package_information.package_discovery:Found 9 installed packages in /home/lalit/ros2_ws/install
[0.368s] DEBUG:colcon.colcon_installed_package_information.package_discovery:Found 13 installed packages in /home/lalit/ros2_ws/src/install
[0.370s] DEBUG:colcon.colcon_installed_package_information.package_discovery:Found 419 installed packages in /opt/ros/humble
[0.373s] Level 1:colcon.colcon_core.package_discovery:discover_packages(prefix_path) using defaults
[0.449s] Level 5:colcon.colcon_core.verb:set package 'anvrit_description' build argument 'cmake_args' from command line to 'None'
[0.449s] Level 5:colcon.colcon_core.verb:set package 'anvrit_description' build argument 'cmake_target' from command line to 'None'
[0.449s] Level 5:colcon.colcon_core.verb:set package 'anvrit_description' build argument 'cmake_target_skip_unavailable' from command line to 'False'
[0.449s] Level 5:colcon.colcon_core.verb:set package 'anvrit_description' build argument 'cmake_clean_cache' from command line to 'False'
[0.449s] Level 5:colcon.colcon_core.verb:set package 'anvrit_description' build argument 'cmake_clean_first' from command line to 'False'
[0.449s] Level 5:colcon.colcon_core.verb:set package 'anvrit_description' build argument 'cmake_force_configure' from command line to 'False'
[0.449s] Level 5:colcon.colcon_core.verb:set package 'anvrit_description' build argument 'ament_cmake_args' from command line to 'None'
[0.449s] Level 5:colcon.colcon_core.verb:set package 'anvrit_description' build argument 'catkin_cmake_args' from command line to 'None'
[0.449s] Level 5:colcon.colcon_core.verb:set package 'anvrit_description' build argument 'catkin_skip_building_tests' from command line to 'False'
[0.449s] DEBUG:colcon.colcon_core.verb:Building package 'anvrit_description' with the following arguments: {'ament_cmake_args': None, 'build_base': '/home/lalit/cyb_ws/build/anvrit_description', 'catkin_cmake_args': None, 'catkin_skip_building_tests': False, 'cmake_args': None, 'cmake_clean_cache': False, 'cmake_clean_first': False, 'cmake_force_configure': False, 'cmake_target': None, 'cmake_target_skip_unavailable': False, 'install_base': '/home/lalit/cyb_ws/install/anvrit_description', 'merge_install': False, 'path': '/home/lalit/cyb_ws/src/Anvrit/anvrit_description', 'symlink_install': False, 'test_result_base': None}
[0.450s] Level 5:colcon.colcon_core.verb:set package 'anvrit_gazebo' build argument 'cmake_args' from command line to 'None'
[0.450s] Level 5:colcon.colcon_core.verb:set package 'anvrit_gazebo' build argument 'cmake_target' from command line to 'None'
[0.450s] Level 5:colcon.colcon_core.verb:set package 'anvrit_gazebo' build argument 'cmake_target_skip_unavailable' from command line to 'False'
[0.450s] Level 5:colcon.colcon_core.verb:set package 'anvrit_gazebo' build argument 'cmake_clean_cache' from command line to 'False'
[0.450s] Level 5:colcon.colcon_core.verb:set package 'anvrit_gazebo' build argument 'cmake_clean_first' from command line to 'False'
[0.450s] Level 5:colcon.colcon_core.verb:set package 'anvrit_gazebo' build argument 'cmake_force_configure' from command line to 'False'
[0.450s] Level 5:colcon.colcon_core.verb:set package 'anvrit_gazebo' build argument 'ament_cmake_args' from command line to 'None'
[0.450s] Level 5:colcon.colcon_core.verb:set package 'anvrit_gazebo' build argument 'catkin_cmake_args' from command line to 'None'
[0.450s] Level 5:colcon.colcon_core.verb:set package 'anvrit_gazebo' build argument 'catkin_skip_building_tests' from command line to 'False'
[0.450s] DEBUG:colcon.colcon_core.verb:Building package 'anvrit_gazebo' with the following arguments: {'ament_cmake_args': None, 'build_base': '/home/lalit/cyb_ws/build/anvrit_gazebo', 'catkin_cmake_args': None, 'catkin_skip_building_tests': False, 'cmake_args': None, 'cmake_clean_cache': False, 'cmake_clean_first': False, 'cmake_force_configure': False, 'cmake_target': None, 'cmake_target_skip_unavailable': False, 'install_base': '/home/lalit/cyb_ws/install/anvrit_gazebo', 'merge_install': False, 'path': '/home/lalit/cyb_ws/src/Anvrit/anvrit_gazebo', 'symlink_install': False, 'test_result_base': None}
[0.450s] Level 5:colcon.colcon_core.verb:set package 'anvrit_navigation' build argument 'cmake_args' from command line to 'None'
[0.450s] Level 5:colcon.colcon_core.verb:set package 'anvrit_navigation' build argument 'cmake_target' from command line to 'None'
[0.450s] Level 5:colcon.colcon_core.verb:set package 'anvrit_navigation' build argument 'cmake_target_skip_unavailable' from command line to 'False'
[0.450s] Level 5:colcon.colcon_core.verb:set package 'anvrit_navigation' build argument 'cmake_clean_cache' from command line to 'False'
[0.450s] Level 5:colcon.colcon_core.verb:set package 'anvrit_navigation' build argument 'cmake_clean_first' from command line to 'False'
[0.450s] Level 5:colcon.colcon_core.verb:set package 'anvrit_navigation' build argument 'cmake_force_configure' from command line to 'False'
[0.450s] Level 5:colcon.colcon_core.verb:set package 'anvrit_navigation' build argument 'ament_cmake_args' from command line to 'None'
[0.450s] Level 5:colcon.colcon_core.verb:set package 'anvrit_navigation' build argument 'catkin_cmake_args' from command line to 'None'
[0.450s] Level 5:colcon.colcon_core.verb:set package 'anvrit_navigation' build argument 'catkin_skip_building_tests' from command line to 'False'
[0.450s] DEBUG:colcon.colcon_core.verb:Building package 'anvrit_navigation' with the following arguments: {'ament_cmake_args': None, 'build_base': '/home/lalit/cyb_ws/build/anvrit_navigation', 'catkin_cmake_args': None, 'catkin_skip_building_tests': False, 'cmake_args': None, 'cmake_clean_cache': False, 'cmake_clean_first': False, 'cmake_force_configure': False, 'cmake_target': None, 'cmake_target_skip_unavailable': False, 'install_base': '/home/lalit/cyb_ws/install/anvrit_navigation', 'merge_install': False, 'path': '/home/lalit/cyb_ws/src/Anvrit/anvrit_navigation', 'symlink_install': False, 'test_result_base': None}
[0.451s] Level 5:colcon.colcon_core.verb:set package 'anvrit_odometry' build argument 'cmake_args' from command line to 'None'
[0.451s] Level 5:colcon.colcon_core.verb:set package 'anvrit_odometry' build argument 'cmake_target' from command line to 'None'
[0.451s] Level 5:colcon.colcon_core.verb:set package 'anvrit_odometry' build argument 'cmake_target_skip_unavailable' from command line to 'False'
[0.451s] Level 5:colcon.colcon_core.verb:set package 'anvrit_odometry' build argument 'cmake_clean_cache' from command line to 'False'
[0.451s] Level 5:colcon.colcon_core.verb:set package 'anvrit_odometry' build argument 'cmake_clean_first' from command line to 'False'
[0.451s] Level 5:colcon.colcon_core.verb:set package 'anvrit_odometry' build argument 'cmake_force_configure' from command line to 'False'
[0.451s] Level 5:colcon.colcon_core.verb:set package 'anvrit_odometry' build argument 'ament_cmake_args' from command line to 'None'
[0.451s] Level 5:colcon.colcon_core.verb:set package 'anvrit_odometry' build argument 'catkin_cmake_args' from command line to 'None'
[0.451s] Level 5:colcon.colcon_core.verb:set package 'anvrit_odometry' build argument 'catkin_skip_building_tests' from command line to 'False'
[0.451s] DEBUG:colcon.colcon_core.verb:Building package 'anvrit_odometry' with the following arguments: {'ament_cmake_args': None, 'build_base': '/home/lalit/cyb_ws/build/anvrit_odometry', 'catkin_cmake_args': None, 'catkin_skip_building_tests': False, 'cmake_args': None, 'cmake_clean_cache': False, 'cmake_clean_first': False, 'cmake_force_configure': False, 'cmake_target': None, 'cmake_target_skip_unavailable': False, 'install_base': '/home/lalit/cyb_ws/install/anvrit_odometry', 'merge_install': False, 'path': '/home/lalit/cyb_ws/src/Anvrit/anvrit_odometry', 'symlink_install': False, 'test_result_base': None}
[0.451s] INFO:colcon.colcon_core.executor:Executing jobs using 'parallel' executor
[0.452s] DEBUG:colcon.colcon_parallel_executor.executor.parallel:run_until_complete
[0.453s] INFO:colcon.colcon_ros.task.ament_cmake.build:Building ROS package in '/home/lalit/cyb_ws/src/Anvrit/anvrit_description' with build type 'ament_cmake'
[0.453s] INFO:colcon.colcon_cmake.task.cmake.build:Building CMake package in '/home/lalit/cyb_ws/src/Anvrit/anvrit_description'
[0.455s] INFO:colcon.colcon_core.plugin_system:Skipping extension 'colcon_core.shell.bat': Not used on non-Windows systems
[0.456s] INFO:colcon.colcon_core.shell:Skip shell extension 'powershell' for command environment: Not usable outside of PowerShell
[0.456s] DEBUG:colcon.colcon_core.shell:Skip shell extension 'dsv' for command environment
[0.461s] INFO:colcon.colcon_ros.task.ament_cmake.build:Building ROS package in '/home/lalit/cyb_ws/src/Anvrit/anvrit_gazebo' with build type 'ament_cmake'
[0.461s] INFO:colcon.colcon_cmake.task.cmake.build:Building CMake package in '/home/lalit/cyb_ws/src/Anvrit/anvrit_gazebo'
[0.462s] INFO:colcon.colcon_core.shell:Skip shell extension 'powershell' for command environment: Not usable outside of PowerShell
[0.462s] DEBUG:colcon.colcon_core.shell:Skip shell extension 'dsv' for command environment
[0.467s] INFO:colcon.colcon_ros.task.ament_python.build:Building ROS package in '/home/lalit/cyb_ws/src/Anvrit/anvrit_navigation' with build type 'ament_python'
[0.467s] Level 1:colcon.colcon_core.shell:create_environment_hook('anvrit_navigation', 'ament_prefix_path')
[0.467s] INFO:colcon.colcon_core.shell:Creating environment hook '/home/lalit/cyb_ws/install/anvrit_navigation/share/anvrit_navigation/hook/ament_prefix_path.ps1'
[0.468s] INFO:colcon.colcon_core.shell:Creating environment descriptor '/home/lalit/cyb_ws/install/anvrit_navigation/share/anvrit_navigation/hook/ament_prefix_path.dsv'
[0.469s] INFO:colcon.colcon_core.shell:Creating environment hook '/home/lalit/cyb_ws/install/anvrit_navigation/share/anvrit_navigation/hook/ament_prefix_path.sh'
[0.469s] INFO:colcon.colcon_core.shell:Skip shell extension 'powershell' for command environment: Not usable outside of PowerShell
[0.469s] DEBUG:colcon.colcon_core.shell:Skip shell extension 'dsv' for command environment
[0.476s] INFO:colcon.colcon_ros.task.ament_python.build:Building ROS package in '/home/lalit/cyb_ws/src/Anvrit/anvrit_odometry' with build type 'ament_python'
[0.476s] Level 1:colcon.colcon_core.shell:create_environment_hook('anvrit_odometry', 'ament_prefix_path')
[0.476s] INFO:colcon.colcon_core.shell:Creating environment hook '/home/lalit/cyb_ws/install/anvrit_odometry/share/anvrit_odometry/hook/ament_prefix_path.ps1'
[0.477s] INFO:colcon.colcon_core.shell:Creating environment descriptor '/home/lalit/cyb_ws/install/anvrit_odometry/share/anvrit_odometry/hook/ament_prefix_path.dsv'
[0.477s] INFO:colcon.colcon_core.shell:Creating environment hook '/home/lalit/cyb_ws/install/anvrit_odometry/share/anvrit_odometry/hook/ament_prefix_path.sh'
[0.478s] INFO:colcon.colcon_core.shell:Skip shell extension 'powershell' for command environment: Not usable outside of PowerShell
[0.478s] DEBUG:colcon.colcon_core.shell:Skip shell extension 'dsv' for command environment
[0.495s] DEBUG:colcon.colcon_core.event_handler.log_command:Invoking command in '/home/lalit/cyb_ws/build/anvrit_description': CMAKE_PREFIX_PATH=${CMAKE_PREFIX_PATH}:/home/lalit/cyb_ws/install/anvrit_odometry:/home/lalit/cyb_ws/install/anvrit_navigation:/home/lalit/ros2_ws/src/install/turtle_controller:/home/lalit/ros2_ws/src/install/bot_control:/home/lalit/ros2_ws/src/install/nav2_gps_waypoint_follower_demo:/home/lalit/ros2_ws/src/install/anvrit_odometry:/home/lalit/ros2_ws/src/install/anvrit_navigation:/home/lalit/ros2_ws/install/turtle_controller:/home/lalit/ros2_ws/install/nav2_gps_waypoint_follower_demo:/home/lalit/ros2_ws/install/bot_control:/home/lalit/ros2_ws/install/anvrit_odometry:/opt/ros/humble /usr/bin/cmake /home/lalit/cyb_ws/src/Anvrit/anvrit_description -DCMAKE_INSTALL_PREFIX=/home/lalit/cyb_ws/install/anvrit_description
[0.499s] DEBUG:colcon.colcon_core.event_handler.log_command:Invoking command in '/home/lalit/cyb_ws/build/anvrit_gazebo': CMAKE_PREFIX_PATH=${CMAKE_PREFIX_PATH}:/home/lalit/cyb_ws/install/anvrit_odometry:/home/lalit/cyb_ws/install/anvrit_navigation:/home/lalit/ros2_ws/src/install/turtle_controller:/home/lalit/ros2_ws/src/install/bot_control:/home/lalit/ros2_ws/src/install/nav2_gps_waypoint_follower_demo:/home/lalit/ros2_ws/src/install/anvrit_odometry:/home/lalit/ros2_ws/src/install/anvrit_navigation:/home/lalit/ros2_ws/install/turtle_controller:/home/lalit/ros2_ws/install/nav2_gps_waypoint_follower_demo:/home/lalit/ros2_ws/install/bot_control:/home/lalit/ros2_ws/install/anvrit_odometry:/opt/ros/humble /usr/bin/cmake /home/lalit/cyb_ws/src/Anvrit/anvrit_gazebo -DCMAKE_INSTALL_PREFIX=/home/lalit/cyb_ws/install/anvrit_gazebo
[1.023s] INFO:colcon.colcon_core.task.python.build:Building Python package in '/home/lalit/cyb_ws/src/Anvrit/anvrit_navigation'
[1.024s] INFO:colcon.colcon_core.shell:Skip shell extension 'powershell' for command environment: Not usable outside of PowerShell
[1.024s] DEBUG:colcon.colcon_core.shell:Skip shell extension 'dsv' for command environment
[1.542s] INFO:colcon.colcon_core.task.python.build:Building Python package in '/home/lalit/cyb_ws/src/Anvrit/anvrit_odometry'
[1.542s] INFO:colcon.colcon_core.shell:Skip shell extension 'powershell' for command environment: Not usable outside of PowerShell
[1.542s] DEBUG:colcon.colcon_core.shell:Skip shell extension 'dsv' for command environment
[1.779s] DEBUG:colcon.colcon_core.event_handler.log_command:Invoked command in '/home/lalit/cyb_ws/build/anvrit_description' returned '0': CMAKE_PREFIX_PATH=${CMAKE_PREFIX_PATH}:/home/lalit/cyb_ws/install/anvrit_odometry:/home/lalit/cyb_ws/install/anvrit_navigation:/home/lalit/ros2_ws/src/install/turtle_controller:/home/lalit/ros2_ws/src/install/bot_control:/home/lalit/ros2_ws/src/install/nav2_gps_waypoint_follower_demo:/home/lalit/ros2_ws/src/install/anvrit_odometry:/home/lalit/ros2_ws/src/install/anvrit_navigation:/home/lalit/ros2_ws/install/turtle_controller:/home/lalit/ros2_ws/install/nav2_gps_waypoint_follower_demo:/home/lalit/ros2_ws/install/bot_control:/home/lalit/ros2_ws/install/anvrit_odometry:/opt/ros/humble /usr/bin/cmake /home/lalit/cyb_ws/src/Anvrit/anvrit_description -DCMAKE_INSTALL_PREFIX=/home/lalit/cyb_ws/install/anvrit_description
[1.782s] DEBUG:colcon.colcon_core.event_handler.log_command:Invoking command in '/home/lalit/cyb_ws/build/anvrit_description': CMAKE_PREFIX_PATH=${CMAKE_PREFIX_PATH}:/home/lalit/cyb_ws/install/anvrit_odometry:/home/lalit/cyb_ws/install/anvrit_navigation:/home/lalit/ros2_ws/src/install/turtle_controller:/home/lalit/ros2_ws/src/install/bot_control:/home/lalit/ros2_ws/src/install/nav2_gps_waypoint_follower_demo:/home/lalit/ros2_ws/src/install/anvrit_odometry:/home/lalit/ros2_ws/src/install/anvrit_navigation:/home/lalit/ros2_ws/install/turtle_controller:/home/lalit/ros2_ws/install/nav2_gps_waypoint_follower_demo:/home/lalit/ros2_ws/install/bot_control:/home/lalit/ros2_ws/install/anvrit_odometry:/opt/ros/humble /usr/bin/cmake --build /home/lalit/cyb_ws/build/anvrit_description -- -j16 -l16
[1.867s] DEBUG:colcon.colcon_core.event_handler.log_command:Invoked command in '/home/lalit/cyb_ws/build/anvrit_description' returned '0': CMAKE_PREFIX_PATH=${CMAKE_PREFIX_PATH}:/home/lalit/cyb_ws/install/anvrit_odometry:/home/lalit/cyb_ws/install/anvrit_navigation:/home/lalit/ros2_ws/src/install/turtle_controller:/home/lalit/ros2_ws/src/install/bot_control:/home/lalit/ros2_ws/src/install/nav2_gps_waypoint_follower_demo:/home/lalit/ros2_ws/src/install/anvrit_odometry:/home/lalit/ros2_ws/src/install/anvrit_navigation:/home/lalit/ros2_ws/install/turtle_controller:/home/lalit/ros2_ws/install/nav2_gps_waypoint_follower_demo:/home/lalit/ros2_ws/install/bot_control:/home/lalit/ros2_ws/install/anvrit_odometry:/opt/ros/humble /usr/bin/cmake --build /home/lalit/cyb_ws/build/anvrit_description -- -j16 -l16
[1.932s] DEBUG:colcon.colcon_core.event_handler.log_command:Invoking command in '/home/lalit/cyb_ws/build/anvrit_description': CMAKE_PREFIX_PATH=${CMAKE_PREFIX_PATH}:/home/lalit/cyb_ws/install/anvrit_odometry:/home/lalit/cyb_ws/install/anvrit_navigation:/home/lalit/ros2_ws/src/install/turtle_controller:/home/lalit/ros2_ws/src/install/bot_control:/home/lalit/ros2_ws/src/install/nav2_gps_waypoint_follower_demo:/home/lalit/ros2_ws/src/install/anvrit_odometry:/home/lalit/ros2_ws/src/install/anvrit_navigation:/home/lalit/ros2_ws/install/turtle_controller:/home/lalit/ros2_ws/install/nav2_gps_waypoint_follower_demo:/home/lalit/ros2_ws/install/bot_control:/home/lalit/ros2_ws/install/anvrit_odometry:/opt/ros/humble /usr/bin/cmake --install /home/lalit/cyb_ws/build/anvrit_description
[1.985s] Level 1:colcon.colcon_core.environment:create_environment_scripts_only(anvrit_description)
[1.987s] DEBUG:colcon.colcon_core.event_handler.log_command:Invoked command in '/home/lalit/cyb_ws/build/anvrit_description' returned '0': CMAKE_PREFIX_PATH=${CMAKE_PREFIX_PATH}:/home/lalit/cyb_ws/install/anvrit_odometry:/home/lalit/cyb_ws/install/anvrit_navigation:/home/lalit/ros2_ws/src/install/turtle_controller:/home/lalit/ros2_ws/src/install/bot_control:/home/lalit/ros2_ws/src/install/nav2_gps_waypoint_follower_demo:/home/lalit/ros2_ws/src/install/anvrit_odometry:/home/lalit/ros2_ws/src/install/anvrit_navigation:/home/lalit/ros2_ws/install/turtle_controller:/home/lalit/ros2_ws/install/nav2_gps_waypoint_follower_demo:/home/lalit/ros2_ws/install/bot_control:/home/lalit/ros2_ws/install/anvrit_odometry:/opt/ros/humble /usr/bin/cmake --install /home/lalit/cyb_ws/build/anvrit_description
[1.991s] Level 1:colcon.colcon_core.environment:checking '/home/lalit/cyb_ws/install/anvrit_description' for CMake module files
[1.992s] Level 1:colcon.colcon_core.environment:checking '/home/lalit/cyb_ws/install/anvrit_description' for CMake config files
[1.992s] Level 1:colcon.colcon_core.shell:create_environment_hook('anvrit_description', 'cmake_prefix_path')
[1.992s] INFO:colcon.colcon_core.shell:Creating environment hook '/home/lalit/cyb_ws/install/anvrit_description/share/anvrit_description/hook/cmake_prefix_path.ps1'
[1.993s] INFO:colcon.colcon_core.shell:Creating environment descriptor '/home/lalit/cyb_ws/install/anvrit_description/share/anvrit_description/hook/cmake_prefix_path.dsv'
[1.993s] INFO:colcon.colcon_core.shell:Creating environment hook '/home/lalit/cyb_ws/install/anvrit_description/share/anvrit_description/hook/cmake_prefix_path.sh'
[1.995s] Level 1:colcon.colcon_core.environment:checking '/home/lalit/cyb_ws/install/anvrit_description/bin'
[1.995s] Level 1:colcon.colcon_core.environment:checking '/home/lalit/cyb_ws/install/anvrit_description/lib/pkgconfig/anvrit_description.pc'
[1.995s] Level 1:colcon.colcon_core.environment:checking '/home/lalit/cyb_ws/install/anvrit_description/lib/python3.10/site-packages'
[1.995s] Level 1:colcon.colcon_core.environment:checking '/home/lalit/cyb_ws/install/anvrit_description/bin'
[1.996s] INFO:colcon.colcon_core.shell:Creating package script '/home/lalit/cyb_ws/install/anvrit_description/share/anvrit_description/package.ps1'
[1.998s] INFO:colcon.colcon_core.shell:Creating package descriptor '/home/lalit/cyb_ws/install/anvrit_description/share/anvrit_description/package.dsv'
[1.999s] INFO:colcon.colcon_core.shell:Creating package script '/home/lalit/cyb_ws/install/anvrit_description/share/anvrit_description/package.sh'
[2.000s] INFO:colcon.colcon_core.shell:Creating package script '/home/lalit/cyb_ws/install/anvrit_description/share/anvrit_description/package.bash'
[2.001s] INFO:colcon.colcon_core.shell:Creating package script '/home/lalit/cyb_ws/install/anvrit_description/share/anvrit_description/package.zsh'
[2.002s] Level 1:colcon.colcon_core.environment:create_file_with_runtime_dependencies(/home/lalit/cyb_ws/install/anvrit_description/share/colcon-core/packages/anvrit_description)
[2.052s] Level 1:colcon.colcon_core.environment:create_environment_scripts_only(anvrit_description)
[2.053s] Level 1:colcon.colcon_core.environment:checking '/home/lalit/cyb_ws/install/anvrit_description' for CMake module files
[2.054s] Level 1:colcon.colcon_core.environment:checking '/home/lalit/cyb_ws/install/anvrit_description' for CMake config files
[2.055s] Level 1:colcon.colcon_core.shell:create_environment_hook('anvrit_description', 'cmake_prefix_path')
[2.055s] INFO:colcon.colcon_core.shell:Creating environment hook '/home/lalit/cyb_ws/install/anvrit_description/share/anvrit_description/hook/cmake_prefix_path.ps1'
[2.056s] INFO:colcon.colcon_core.shell:Creating environment descriptor '/home/lalit/cyb_ws/install/anvrit_description/share/anvrit_description/hook/cmake_prefix_path.dsv'
[2.056s] INFO:colcon.colcon_core.shell:Creating environment hook '/home/lalit/cyb_ws/install/anvrit_description/share/anvrit_description/hook/cmake_prefix_path.sh'
[2.057s] Level 1:colcon.colcon_core.environment:checking '/home/lalit/cyb_ws/install/anvrit_description/bin'
[2.057s] Level 1:colcon.colcon_core.environment:checking '/home/lalit/cyb_ws/install/anvrit_description/lib/pkgconfig/anvrit_description.pc'
[2.058s] Level 1:colcon.colcon_core.environment:checking '/home/lalit/cyb_ws/install/anvrit_description/lib/python3.10/site-packages'
[2.058s] Level 1:colcon.colcon_core.environment:checking '/home/lalit/cyb_ws/install/anvrit_description/bin'
[2.059s] INFO:colcon.colcon_core.shell:Creating package script '/home/lalit/cyb_ws/install/anvrit_description/share/anvrit_description/package.ps1'
[2.060s] INFO:colcon.colcon_core.shell:Creating package descriptor '/home/lalit/cyb_ws/install/anvrit_description/share/anvrit_description/package.dsv'
[2.061s] INFO:colcon.colcon_core.shell:Creating package script '/home/lalit/cyb_ws/install/anvrit_description/share/anvrit_description/package.sh'
[2.062s] INFO:colcon.colcon_core.shell:Creating package script '/home/lalit/cyb_ws/install/anvrit_description/share/anvrit_description/package.bash'
[2.062s] INFO:colcon.colcon_core.shell:Creating package script '/home/lalit/cyb_ws/install/anvrit_description/share/anvrit_description/package.zsh'
[2.063s] Level 1:colcon.colcon_core.environment:create_file_with_runtime_dependencies(/home/lalit/cyb_ws/install/anvrit_description/share/colcon-core/packages/anvrit_description)
[2.285s] DEBUG:colcon.colcon_core.event_handler.log_command:Invoking command in '/home/lalit/cyb_ws/src/Anvrit/anvrit_odometry': PYTHONPATH=/home/lalit/cyb_ws/build/anvrit_odometry/prefix_override:/usr/lib/python3/dist-packages/colcon_core/task/python/colcon_distutils_commands:/home/lalit/cyb_ws/install/anvrit_odometry/lib/python3.10/site-packages:${PYTHONPATH} /usr/bin/python3 -W ignore:setup.py install is deprecated setup.py egg_info --egg-base ../../../build/anvrit_odometry build --build-base /home/lalit/cyb_ws/build/anvrit_odometry/build install --record /home/lalit/cyb_ws/build/anvrit_odometry/install.log --single-version-externally-managed install_data
[2.324s] DEBUG:colcon.colcon_core.event_handler.log_command:Invoking command in '/home/lalit/cyb_ws/src/Anvrit/anvrit_navigation': PYTHONPATH=/home/lalit/cyb_ws/build/anvrit_navigation/prefix_override:/usr/lib/python3/dist-packages/colcon_core/task/python/colcon_distutils_commands:/home/lalit/cyb_ws/install/anvrit_navigation/lib/python3.10/site-packages:${PYTHONPATH} /usr/bin/python3 -W ignore:setup.py install is deprecated setup.py egg_info --egg-base ../../../build/anvrit_navigation build --build-base /home/lalit/cyb_ws/build/anvrit_navigation/build install --record /home/lalit/cyb_ws/build/anvrit_navigation/install.log --single-version-externally-managed install_data
[2.852s] Level 1:colcon.colcon_core.environment:checking '/home/lalit/cyb_ws/install/anvrit_odometry' for CMake module files
[2.854s] DEBUG:colcon.colcon_core.event_handler.log_command:Invoked command in '/home/lalit/cyb_ws/src/Anvrit/anvrit_odometry' returned '0': PYTHONPATH=/home/lalit/cyb_ws/build/anvrit_odometry/prefix_override:/usr/lib/python3/dist-packages/colcon_core/task/python/colcon_distutils_commands:/home/lalit/cyb_ws/install/anvrit_odometry/lib/python3.10/site-packages:${PYTHONPATH} /usr/bin/python3 -W ignore:setup.py install is deprecated setup.py egg_info --egg-base ../../../build/anvrit_odometry build --build-base /home/lalit/cyb_ws/build/anvrit_odometry/build install --record /home/lalit/cyb_ws/build/anvrit_odometry/install.log --single-version-externally-managed install_data
[2.854s] Level 1:colcon.colcon_core.environment:checking '/home/lalit/cyb_ws/install/anvrit_odometry' for CMake config files
[2.855s] Level 1:colcon.colcon_core.environment:checking '/home/lalit/cyb_ws/install/anvrit_odometry/lib'
[2.855s] Level 1:colcon.colcon_core.environment:checking '/home/lalit/cyb_ws/install/anvrit_odometry/bin'
[2.856s] Level 1:colcon.colcon_core.environment:checking '/home/lalit/cyb_ws/install/anvrit_odometry/lib/pkgconfig/anvrit_odometry.pc'
[2.856s] Level 1:colcon.colcon_core.environment:checking '/home/lalit/cyb_ws/install/anvrit_odometry/lib/python3.10/site-packages'
[2.856s] Level 1:colcon.colcon_core.shell:create_environment_hook('anvrit_odometry', 'pythonpath')
[2.856s] INFO:colcon.colcon_core.shell:Creating environment hook '/home/lalit/cyb_ws/install/anvrit_odometry/share/anvrit_odometry/hook/pythonpath.ps1'
[2.857s] INFO:colcon.colcon_core.shell:Creating environment descriptor '/home/lalit/cyb_ws/install/anvrit_odometry/share/anvrit_odometry/hook/pythonpath.dsv'
[2.857s] INFO:colcon.colcon_core.shell:Creating environment hook '/home/lalit/cyb_ws/install/anvrit_odometry/share/anvrit_odometry/hook/pythonpath.sh'
[2.858s] Level 1:colcon.colcon_core.environment:checking '/home/lalit/cyb_ws/install/anvrit_odometry/bin'
[2.858s] Level 1:colcon.colcon_core.environment:create_environment_scripts_only(anvrit_odometry)
[2.859s] INFO:colcon.colcon_core.shell:Creating package script '/home/lalit/cyb_ws/install/anvrit_odometry/share/anvrit_odometry/package.ps1'
[2.860s] INFO:colcon.colcon_core.shell:Creating package descriptor '/home/lalit/cyb_ws/install/anvrit_odometry/share/anvrit_odometry/package.dsv'
[2.860s] INFO:colcon.colcon_core.shell:Creating package script '/home/lalit/cyb_ws/install/anvrit_odometry/share/anvrit_odometry/package.sh'
[2.861s] INFO:colcon.colcon_core.shell:Creating package script '/home/lalit/cyb_ws/install/anvrit_odometry/share/anvrit_odometry/package.bash'
[2.861s] INFO:colcon.colcon_core.shell:Creating package script '/home/lalit/cyb_ws/install/anvrit_odometry/share/anvrit_odometry/package.zsh'
[2.862s] Level 1:colcon.colcon_core.environment:create_file_with_runtime_dependencies(/home/lalit/cyb_ws/install/anvrit_odometry/share/colcon-core/packages/anvrit_odometry)
[2.881s] Level 1:colcon.colcon_core.environment:checking '/home/lalit/cyb_ws/install/anvrit_navigation' for CMake module files
[2.882s] DEBUG:colcon.colcon_core.event_handler.log_command:Invoked command in '/home/lalit/cyb_ws/src/Anvrit/anvrit_navigation' returned '0': PYTHONPATH=/home/lalit/cyb_ws/build/anvrit_navigation/prefix_override:/usr/lib/python3/dist-packages/colcon_core/task/python/colcon_distutils_commands:/home/lalit/cyb_ws/install/anvrit_navigation/lib/python3.10/site-packages:${PYTHONPATH} /usr/bin/python3 -W ignore:setup.py install is deprecated setup.py egg_info --egg-base ../../../build/anvrit_navigation build --build-base /home/lalit/cyb_ws/build/anvrit_navigation/build install --record /home/lalit/cyb_ws/build/anvrit_navigation/install.log --single-version-externally-managed install_data
[2.883s] Level 1:colcon.colcon_core.environment:checking '/home/lalit/cyb_ws/install/anvrit_navigation' for CMake config files
[2.883s] Level 1:colcon.colcon_core.environment:checking '/home/lalit/cyb_ws/install/anvrit_navigation/lib'
[2.883s] Level 1:colcon.colcon_core.environment:checking '/home/lalit/cyb_ws/install/anvrit_navigation/bin'
[2.884s] Level 1:colcon.colcon_core.environment:checking '/home/lalit/cyb_ws/install/anvrit_navigation/lib/pkgconfig/anvrit_navigation.pc'
[2.884s] Level 1:colcon.colcon_core.environment:checking '/home/lalit/cyb_ws/install/anvrit_navigation/lib/python3.10/site-packages'
[2.884s] Level 1:colcon.colcon_core.shell:create_environment_hook('anvrit_navigation', 'pythonpath')
[2.884s] INFO:colcon.colcon_core.shell:Creating environment hook '/home/lalit/cyb_ws/install/anvrit_navigation/share/anvrit_navigation/hook/pythonpath.ps1'
[2.885s] INFO:colcon.colcon_core.shell:Creating environment descriptor '/home/lalit/cyb_ws/install/anvrit_navigation/share/anvrit_navigation/hook/pythonpath.dsv'
[2.885s] INFO:colcon.colcon_core.shell:Creating environment hook '/home/lalit/cyb_ws/install/anvrit_navigation/share/anvrit_navigation/hook/pythonpath.sh'
[2.886s] Level 1:colcon.colcon_core.environment:checking '/home/lalit/cyb_ws/install/anvrit_navigation/bin'
[2.886s] Level 1:colcon.colcon_core.environment:create_environment_scripts_only(anvrit_navigation)
[2.887s] INFO:colcon.colcon_core.shell:Creating package script '/home/lalit/cyb_ws/install/anvrit_navigation/share/anvrit_navigation/package.ps1'
[2.888s] INFO:colcon.colcon_core.shell:Creating package descriptor '/home/lalit/cyb_ws/install/anvrit_navigation/share/anvrit_navigation/package.dsv'
[2.888s] INFO:colcon.colcon_core.shell:Creating package script '/home/lalit/cyb_ws/install/anvrit_navigation/share/anvrit_navigation/package.sh'
[2.889s] INFO:colcon.colcon_core.shell:Creating package script '/home/lalit/cyb_ws/install/anvrit_navigation/share/anvrit_navigation/package.bash'
[2.889s] INFO:colcon.colcon_core.shell:Creating package script '/home/lalit/cyb_ws/install/anvrit_navigation/share/anvrit_navigation/package.zsh'
[2.890s] Level 1:colcon.colcon_core.environment:create_file_with_runtime_dependencies(/home/lalit/cyb_ws/install/anvrit_navigation/share/colcon-core/packages/anvrit_navigation)
[3.213s] DEBUG:colcon.colcon_core.event_handler.log_command:Invoked command in '/home/lalit/cyb_ws/build/anvrit_gazebo' returned '0': CMAKE_PREFIX_PATH=${CMAKE_PREFIX_PATH}:/home/lalit/cyb_ws/install/anvrit_odometry:/home/lalit/cyb_ws/install/anvrit_navigation:/home/lalit/ros2_ws/src/install/turtle_controller:/home/lalit/ros2_ws/src/install/bot_control:/home/lalit/ros2_ws/src/install/nav2_gps_waypoint_follower_demo:/home/lalit/ros2_ws/src/install/anvrit_odometry:/home/lalit/ros2_ws/src/install/anvrit_navigation:/home/lalit/ros2_ws/install/turtle_controller:/home/lalit/ros2_ws/install/nav2_gps_waypoint_follower_demo:/home/lalit/ros2_ws/install/bot_control:/home/lalit/ros2_ws/install/anvrit_odometry:/opt/ros/humble /usr/bin/cmake /home/lalit/cyb_ws/src/Anvrit/anvrit_gazebo -DCMAKE_INSTALL_PREFIX=/home/lalit/cyb_ws/install/anvrit_gazebo
[3.216s] DEBUG:colcon.colcon_core.event_handler.log_command:Invoking command in '/home/lalit/cyb_ws/build/anvrit_gazebo': CMAKE_PREFIX_PATH=${CMAKE_PREFIX_PATH}:/home/lalit/cyb_ws/install/anvrit_odometry:/home/lalit/cyb_ws/install/anvrit_navigation:/home/lalit/ros2_ws/src/install/turtle_controller:/home/lalit/ros2_ws/src/install/bot_control:/home/lalit/ros2_ws/src/install/nav2_gps_waypoint_follower_demo:/home/lalit/ros2_ws/src/install/anvrit_odometry:/home/lalit/ros2_ws/src/install/anvrit_navigation:/home/lalit/ros2_ws/install/turtle_controller:/home/lalit/ros2_ws/install/nav2_gps_waypoint_follower_demo:/home/lalit/ros2_ws/install/bot_control:/home/lalit/ros2_ws/install/anvrit_odometry:/opt/ros/humble /usr/bin/cmake --build /home/lalit/cyb_ws/build/anvrit_gazebo -- -j16 -l16
[3.274s] DEBUG:colcon.colcon_core.event_handler.log_command:Invoked command in '/home/lalit/cyb_ws/build/anvrit_gazebo' returned '0': CMAKE_PREFIX_PATH=${CMAKE_PREFIX_PATH}:/home/lalit/cyb_ws/install/anvrit_odometry:/home/lalit/cyb_ws/install/anvrit_navigation:/home/lalit/ros2_ws/src/install/turtle_controller:/home/lalit/ros2_ws/src/install/bot_control:/home/lalit/ros2_ws/src/install/nav2_gps_waypoint_follower_demo:/home/lalit/ros2_ws/src/install/anvrit_odometry:/home/lalit/ros2_ws/src/install/anvrit_navigation:/home/lalit/ros2_ws/install/turtle_controller:/home/lalit/ros2_ws/install/nav2_gps_waypoint_follower_demo:/home/lalit/ros2_ws/install/bot_control:/home/lalit/ros2_ws/install/anvrit_odometry:/opt/ros/humble /usr/bin/cmake --build /home/lalit/cyb_ws/build/anvrit_gazebo -- -j16 -l16
[3.313s] DEBUG:colcon.colcon_core.event_handler.log_command:Invoking command in '/home/lalit/cyb_ws/build/anvrit_gazebo': CMAKE_PREFIX_PATH=${CMAKE_PREFIX_PATH}:/home/lalit/cyb_ws/install/anvrit_odometry:/home/lalit/cyb_ws/install/anvrit_navigation:/home/lalit/ros2_ws/src/install/turtle_controller:/home/lalit/ros2_ws/src/install/bot_control:/home/lalit/ros2_ws/src/install/nav2_gps_waypoint_follower_demo:/home/lalit/ros2_ws/src/install/anvrit_odometry:/home/lalit/ros2_ws/src/install/anvrit_navigation:/home/lalit/ros2_ws/install/turtle_controller:/home/lalit/ros2_ws/install/nav2_gps_waypoint_follower_demo:/home/lalit/ros2_ws/install/bot_control:/home/lalit/ros2_ws/install/anvrit_odometry:/opt/ros/humble /usr/bin/cmake --install /home/lalit/cyb_ws/build/anvrit_gazebo
[3.351s] Level 1:colcon.colcon_core.environment:create_environment_scripts_only(anvrit_gazebo)
[3.352s] Level 1:colcon.colcon_core.environment:checking '/home/lalit/cyb_ws/install/anvrit_gazebo' for CMake module files
[3.352s] DEBUG:colcon.colcon_core.event_handler.log_command:Invoked command in '/home/lalit/cyb_ws/build/anvrit_gazebo' returned '0': CMAKE_PREFIX_PATH=${CMAKE_PREFIX_PATH}:/home/lalit/cyb_ws/install/anvrit_odometry:/home/lalit/cyb_ws/install/anvrit_navigation:/home/lalit/ros2_ws/src/install/turtle_controller:/home/lalit/ros2_ws/src/install/bot_control:/home/lalit/ros2_ws/src/install/nav2_gps_waypoint_follower_demo:/home/lalit/ros2_ws/src/install/anvrit_odometry:/home/lalit/ros2_ws/src/install/anvrit_navigation:/home/lalit/ros2_ws/install/turtle_controller:/home/lalit/ros2_ws/install/nav2_gps_waypoint_follower_demo:/home/lalit/ros2_ws/install/bot_control:/home/lalit/ros2_ws/install/anvrit_odometry:/opt/ros/humble /usr/bin/cmake --install /home/lalit/cyb_ws/build/anvrit_gazebo
[3.353s] Level 1:colcon.colcon_core.environment:checking '/home/lalit/cyb_ws/install/anvrit_gazebo' for CMake config files
[3.354s] Level 1:colcon.colcon_core.shell:create_environment_hook('anvrit_gazebo', 'cmake_prefix_path')
[3.354s] INFO:colcon.colcon_core.shell:Creating environment hook '/home/lalit/cyb_ws/install/anvrit_gazebo/share/anvrit_gazebo/hook/cmake_prefix_path.ps1'
[3.355s] INFO:colcon.colcon_core.shell:Creating environment descriptor '/home/lalit/cyb_ws/install/anvrit_gazebo/share/anvrit_gazebo/hook/cmake_prefix_path.dsv'
[3.355s] INFO:colcon.colcon_core.shell:Creating environment hook '/home/lalit/cyb_ws/install/anvrit_gazebo/share/anvrit_gazebo/hook/cmake_prefix_path.sh'
[3.356s] Level 1:colcon.colcon_core.environment:checking '/home/lalit/cyb_ws/install/anvrit_gazebo/bin'
[3.356s] Level 1:colcon.colcon_core.environment:checking '/home/lalit/cyb_ws/install/anvrit_gazebo/lib/pkgconfig/anvrit_gazebo.pc'
[3.356s] Level 1:colcon.colcon_core.environment:checking '/home/lalit/cyb_ws/install/anvrit_gazebo/lib/python3.10/site-packages'
[3.356s] Level 1:colcon.colcon_core.environment:checking '/home/lalit/cyb_ws/install/anvrit_gazebo/bin'
[3.357s] INFO:colcon.colcon_core.shell:Creating package script '/home/lalit/cyb_ws/install/anvrit_gazebo/share/anvrit_gazebo/package.ps1'
[3.357s] INFO:colcon.colcon_core.shell:Creating package descriptor '/home/lalit/cyb_ws/install/anvrit_gazebo/share/anvrit_gazebo/package.dsv'
[3.357s] INFO:colcon.colcon_core.shell:Creating package script '/home/lalit/cyb_ws/install/anvrit_gazebo/share/anvrit_gazebo/package.sh'
[3.358s] INFO:colcon.colcon_core.shell:Creating package script '/home/lalit/cyb_ws/install/anvrit_gazebo/share/anvrit_gazebo/package.bash'
[3.358s] INFO:colcon.colcon_core.shell:Creating package script '/home/lalit/cyb_ws/install/anvrit_gazebo/share/anvrit_gazebo/package.zsh'
[3.358s] Level 1:colcon.colcon_core.environment:create_file_with_runtime_dependencies(/home/lalit/cyb_ws/install/anvrit_gazebo/share/colcon-core/packages/anvrit_gazebo)
[3.390s] Level 1:colcon.colcon_core.environment:create_environment_scripts_only(anvrit_gazebo)
[3.390s] Level 1:colcon.colcon_core.environment:checking '/home/lalit/cyb_ws/install/anvrit_gazebo' for CMake module files
[3.391s] Level 1:colcon.colcon_core.environment:checking '/home/lalit/cyb_ws/install/anvrit_gazebo' for CMake config files
[3.392s] Level 1:colcon.colcon_core.shell:create_environment_hook('anvrit_gazebo', 'cmake_prefix_path')
[3.392s] INFO:colcon.colcon_core.shell:Creating environment hook '/home/lalit/cyb_ws/install/anvrit_gazebo/share/anvrit_gazebo/hook/cmake_prefix_path.ps1'
[3.392s] INFO:colcon.colcon_core.shell:Creating environment descriptor '/home/lalit/cyb_ws/install/anvrit_gazebo/share/anvrit_gazebo/hook/cmake_prefix_path.dsv'
[3.393s] INFO:colcon.colcon_core.shell:Creating environment hook '/home/lalit/cyb_ws/install/anvrit_gazebo/share/anvrit_gazebo/hook/cmake_prefix_path.sh'
[3.393s] Level 1:colcon.colcon_core.environment:checking '/home/lalit/cyb_ws/install/anvrit_gazebo/bin'
[3.393s] Level 1:colcon.colcon_core.environment:checking '/home/lalit/cyb_ws/install/anvrit_gazebo/lib/pkgconfig/anvrit_gazebo.pc'
[3.394s] Level 1:colcon.colcon_core.environment:checking '/home/lalit/cyb_ws/install/anvrit_gazebo/lib/python3.10/site-packages'
[3.394s] Level 1:colcon.colcon_core.environment:checking '/home/lalit/cyb_ws/install/anvrit_gazebo/bin'
[3.394s] INFO:colcon.colcon_core.shell:Creating package script '/home/lalit/cyb_ws/install/anvrit_gazebo/share/anvrit_gazebo/package.ps1'
[3.395s] INFO:colcon.colcon_core.shell:Creating package descriptor '/home/lalit/cyb_ws/install/anvrit_gazebo/share/anvrit_gazebo/package.dsv'
[3.395s] INFO:colcon.colcon_core.shell:Creating package script '/home/lalit/cyb_ws/install/anvrit_gazebo/share/anvrit_gazebo/package.sh'
[3.396s] INFO:colcon.colcon_core.shell:Creating package script '/home/lalit/cyb_ws/install/anvrit_gazebo/share/anvrit_gazebo/package.bash'
[3.396s] INFO:colcon.colcon_core.shell:Creating package script '/home/lalit/cyb_ws/install/anvrit_gazebo/share/anvrit_gazebo/package.zsh'
[3.396s] Level 1:colcon.colcon_core.environment:create_file_with_runtime_dependencies(/home/lalit/cyb_ws/install/anvrit_gazebo/share/colcon-core/packages/anvrit_gazebo)
[3.397s] DEBUG:colcon.colcon_parallel_executor.executor.parallel:closing loop
[3.397s] DEBUG:colcon.colcon_parallel_executor.executor.parallel:loop closed
[3.397s] DEBUG:colcon.colcon_parallel_executor.executor.parallel:run_until_complete finished with '0'
[3.397s] DEBUG:colcon.colcon_core.event_reactor:joining thread
[3.405s] INFO:colcon.colcon_core.plugin_system:Skipping extension 'colcon_notification.desktop_notification.terminal_notifier': Not used on non-Darwin systems
[3.405s] INFO:colcon.colcon_core.plugin_system:Skipping extension 'colcon_notification.desktop_notification.win32': Not used on non-Windows systems
[3.405s] INFO:colcon.colcon_notification.desktop_notification:Sending desktop notification using 'notify2'
[3.422s] DEBUG:colcon.colcon_core.event_reactor:joined thread
[3.423s] INFO:colcon.colcon_core.shell:Creating prefix script '/home/lalit/cyb_ws/install/local_setup.ps1'
[3.424s] INFO:colcon.colcon_core.shell:Creating prefix util module '/home/lalit/cyb_ws/install/_local_setup_util_ps1.py'
[3.427s] INFO:colcon.colcon_core.shell:Creating prefix chain script '/home/lalit/cyb_ws/install/setup.ps1'
[3.430s] INFO:colcon.colcon_core.shell:Creating prefix script '/home/lalit/cyb_ws/install/local_setup.sh'
[3.431s] INFO:colcon.colcon_core.shell:Creating prefix util module '/home/lalit/cyb_ws/install/_local_setup_util_sh.py'
[3.431s] INFO:colcon.colcon_core.shell:Creating prefix chain script '/home/lalit/cyb_ws/install/setup.sh'
[3.434s] INFO:colcon.colcon_core.shell:Creating prefix script '/home/lalit/cyb_ws/install/local_setup.bash'
[3.434s] INFO:colcon.colcon_core.shell:Creating prefix chain script '/home/lalit/cyb_ws/install/setup.bash'
[3.437s] INFO:colcon.colcon_core.shell:Creating prefix script '/home/lalit/cyb_ws/install/local_setup.zsh'
[3.438s] INFO:colcon.colcon_core.shell:Creating prefix chain script '/home/lalit/cyb_ws/install/setup.zsh'
