[1.517s] Invoking command in '/home/lalit/ros2_ws/src/Anvrit/anvrit_odometry': PYTHONPATH=/home/lalit/ros2_ws/src/Anvrit/build/anvrit_odometry/prefix_override:/usr/lib/python3/dist-packages/colcon_core/task/python/colcon_distutils_commands:/home/lalit/ros2_ws/src/Anvrit/install/anvrit_odometry/lib/python3.10/site-packages:${PYTHONPATH} /usr/bin/python3 -W ignore:setup.py install is deprecated setup.py egg_info --egg-base ../build/anvrit_odometry build --build-base /home/lalit/ros2_ws/src/Anvrit/build/anvrit_odometry/build install --record /home/lalit/ros2_ws/src/Anvrit/build/anvrit_odometry/install.log --single-version-externally-managed install_data
[1.880s] running egg_info
[1.881s] writing ../build/anvrit_odometry/anvrit_odometry.egg-info/PKG-INFO
[1.884s] writing dependency_links to ../build/anvrit_odometry/anvrit_odometry.egg-info/dependency_links.txt
[1.885s] writing entry points to ../build/anvrit_odometry/anvrit_odometry.egg-info/entry_points.txt
[1.885s] writing requirements to ../build/anvrit_odometry/anvrit_odometry.egg-info/requires.txt
[1.885s] writing top-level names to ../build/anvrit_odometry/anvrit_odometry.egg-info/top_level.txt
[1.887s] reading manifest file '../build/anvrit_odometry/anvrit_odometry.egg-info/SOURCES.txt'
[1.888s] writing manifest file '../build/anvrit_odometry/anvrit_odometry.egg-info/SOURCES.txt'
[1.889s] running build
[1.889s] running build_py
[1.890s] copying anvrit_odometry/ticks_pub.py -> /home/lalit/ros2_ws/src/Anvrit/build/anvrit_odometry/build/lib/anvrit_odometry
[1.890s] running install
[1.891s] running install_lib
[1.892s] copying /home/lalit/ros2_ws/src/Anvrit/build/anvrit_odometry/build/lib/anvrit_odometry/ticks_pub.py -> /home/lalit/ros2_ws/src/Anvrit/install/anvrit_odometry/lib/python3.10/site-packages/anvrit_odometry
[1.893s] byte-compiling /home/lalit/ros2_ws/src/Anvrit/install/anvrit_odometry/lib/python3.10/site-packages/anvrit_odometry/ticks_pub.py to ticks_pub.cpython-310.pyc
[1.894s] running install_data
[1.895s] running install_egg_info
[1.898s] removing '/home/lalit/ros2_ws/src/Anvrit/install/anvrit_odometry/lib/python3.10/site-packages/anvrit_odometry-0.0.0-py3.10.egg-info' (and everything under it)
[1.898s] Copying ../build/anvrit_odometry/anvrit_odometry.egg-info to /home/lalit/ros2_ws/src/Anvrit/install/anvrit_odometry/lib/python3.10/site-packages/anvrit_odometry-0.0.0-py3.10.egg-info
[1.900s] running install_scripts
[1.934s] Installing odometry_gen script to /home/lalit/ros2_ws/src/Anvrit/install/anvrit_odometry/lib/anvrit_odometry
[1.935s] Installing ticks_publisher script to /home/lalit/ros2_ws/src/Anvrit/install/anvrit_odometry/lib/anvrit_odometry
[1.935s] writing list of installed files to '/home/lalit/ros2_ws/src/Anvrit/build/anvrit_odometry/install.log'
[1.985s] Invoked command in '/home/lalit/ros2_ws/src/Anvrit/anvrit_odometry' returned '0': PYTHONPATH=/home/lalit/ros2_ws/src/Anvrit/build/anvrit_odometry/prefix_override:/usr/lib/python3/dist-packages/colcon_core/task/python/colcon_distutils_commands:/home/lalit/ros2_ws/src/Anvrit/install/anvrit_odometry/lib/python3.10/site-packages:${PYTHONPATH} /usr/bin/python3 -W ignore:setup.py install is deprecated setup.py egg_info --egg-base ../build/anvrit_odometry build --build-base /home/lalit/ros2_ws/src/Anvrit/build/anvrit_odometry/build install --record /home/lalit/ros2_ws/src/Anvrit/build/anvrit_odometry/install.log --single-version-externally-managed install_data
