[0.045s] Invoking command in '/home/lalit/cyb_ws/build/anvrit_gazebo': CMAKE_PREFIX_PATH=${CMAKE_PREFIX_PATH}:/home/lalit/ros2_ws/install/turtle_controller:/home/lalit/ros2_ws/install/nav2_gps_waypoint_follower_demo:/home/lalit/ros2_ws/install/bot_control:/home/lalit/ros2_ws/install/anvrit_odometry:/opt/ros/humble /usr/bin/cmake --build /home/lalit/cyb_ws/build/anvrit_gazebo -- -j16 -l16
[0.672s] Invoked command in '/home/lalit/cyb_ws/build/anvrit_gazebo' returned '0': CMAKE_PREFIX_PATH=${CMAKE_PREFIX_PATH}:/home/lalit/ros2_ws/install/turtle_controller:/home/lalit/ros2_ws/install/nav2_gps_waypoint_follower_demo:/home/lalit/ros2_ws/install/bot_control:/home/lalit/ros2_ws/install/anvrit_odometry:/opt/ros/humble /usr/bin/cmake --build /home/lalit/cyb_ws/build/anvrit_gazebo -- -j16 -l16
[1.187s] Invoking command in '/home/lalit/cyb_ws/build/anvrit_gazebo': CMAKE_PREFIX_PATH=${CMAKE_PREFIX_PATH}:/home/lalit/ros2_ws/install/turtle_controller:/home/lalit/ros2_ws/install/nav2_gps_waypoint_follower_demo:/home/lalit/ros2_ws/install/bot_control:/home/lalit/ros2_ws/install/anvrit_odometry:/opt/ros/humble /usr/bin/cmake --install /home/lalit/cyb_ws/build/anvrit_gazebo
[1.214s] -- Install configuration: ""
[1.214s] -- Up-to-date: /home/lalit/cyb_ws/install/anvrit_gazebo/share/anvrit_gazebo//launch
[1.214s] -- Up-to-date: /home/lalit/cyb_ws/install/anvrit_gazebo/share/anvrit_gazebo//launch/warehouse_world.launch.py
[1.214s] -- Up-to-date: /home/lalit/cyb_ws/install/anvrit_gazebo/share/anvrit_gazebo//worlds
[1.215s] -- Up-to-date: /home/lalit/cyb_ws/install/anvrit_gazebo/share/anvrit_gazebo//worlds/small_warehouse.world
[1.215s] -- Up-to-date: /home/lalit/cyb_ws/install/anvrit_gazebo/share/anvrit_gazebo//worlds/no_roof_small_warehouse.world
[1.215s] -- Up-to-date: /home/lalit/cyb_ws/install/anvrit_gazebo/share/anvrit_gazebo//models
[1.215s] -- Up-to-date: /home/lalit/cyb_ws/install/anvrit_gazebo/share/anvrit_gazebo//models/aws_robomaker_warehouse_RoofB_01
[1.215s] -- Up-to-date: /home/lalit/cyb_ws/install/anvrit_gazebo/share/anvrit_gazebo//models/aws_robomaker_warehouse_RoofB_01/materials
[1.215s] -- Up-to-date: /home/lalit/cyb_ws/install/anvrit_gazebo/share/anvrit_gazebo//models/aws_robomaker_warehouse_RoofB_01/materials/textures
[1.215s] -- Up-to-date: /home/lalit/cyb_ws/install/anvrit_gazebo/share/anvrit_gazebo//models/aws_robomaker_warehouse_RoofB_01/materials/textures/aws_robomaker_warehouse_RoofB_01.png
[1.215s] -- Up-to-date: /home/lalit/cyb_ws/install/anvrit_gazebo/share/anvrit_gazebo//models/aws_robomaker_warehouse_RoofB_01/model.config
[1.215s] -- Up-to-date: /home/lalit/cyb_ws/install/anvrit_gazebo/share/anvrit_gazebo//models/aws_robomaker_warehouse_RoofB_01/model.sdf
[1.215s] -- Up-to-date: /home/lalit/cyb_ws/install/anvrit_gazebo/share/anvrit_gazebo//models/aws_robomaker_warehouse_RoofB_01/meshes
[1.216s] -- Up-to-date: /home/lalit/cyb_ws/install/anvrit_gazebo/share/anvrit_gazebo//models/aws_robomaker_warehouse_RoofB_01/meshes/aws_robomaker_warehouse_RoofB_01_collision.DAE
[1.216s] -- Up-to-date: /home/lalit/cyb_ws/install/anvrit_gazebo/share/anvrit_gazebo//models/aws_robomaker_warehouse_RoofB_01/meshes/aws_robomaker_warehouse_RoofB_01_visual.DAE
[1.216s] -- Up-to-date: /home/lalit/cyb_ws/install/anvrit_gazebo/share/anvrit_gazebo//models/aws_robomaker_warehouse_ShelfD_01
[1.216s] -- Up-to-date: /home/lalit/cyb_ws/install/anvrit_gazebo/share/anvrit_gazebo//models/aws_robomaker_warehouse_ShelfD_01/materials
[1.216s] -- Up-to-date: /home/lalit/cyb_ws/install/anvrit_gazebo/share/anvrit_gazebo//models/aws_robomaker_warehouse_ShelfD_01/materials/textures
[1.216s] -- Up-to-date: /home/lalit/cyb_ws/install/anvrit_gazebo/share/anvrit_gazebo//models/aws_robomaker_warehouse_ShelfD_01/materials/textures/aws_robomaker_warehouse_ShelfD_01.png
[1.217s] -- Up-to-date: /home/lalit/cyb_ws/install/anvrit_gazebo/share/anvrit_gazebo//models/aws_robomaker_warehouse_ShelfD_01/materials/textures/aws_robomaker_warehouse_ShelfD_04.png
[1.217s] -- Up-to-date: /home/lalit/cyb_ws/install/anvrit_gazebo/share/anvrit_gazebo//models/aws_robomaker_warehouse_ShelfD_01/materials/textures/aws_robomaker_warehouse_ShelfD_02.png
[1.217s] -- Up-to-date: /home/lalit/cyb_ws/install/anvrit_gazebo/share/anvrit_gazebo//models/aws_robomaker_warehouse_ShelfD_01/materials/textures/aws_robomaker_warehouse_ShelfD_03.png
[1.217s] -- Up-to-date: /home/lalit/cyb_ws/install/anvrit_gazebo/share/anvrit_gazebo//models/aws_robomaker_warehouse_ShelfD_01/model.config
[1.217s] -- Up-to-date: /home/lalit/cyb_ws/install/anvrit_gazebo/share/anvrit_gazebo//models/aws_robomaker_warehouse_ShelfD_01/model.sdf
[1.217s] -- Up-to-date: /home/lalit/cyb_ws/install/anvrit_gazebo/share/anvrit_gazebo//models/aws_robomaker_warehouse_ShelfD_01/meshes
[1.217s] -- Up-to-date: /home/lalit/cyb_ws/install/anvrit_gazebo/share/anvrit_gazebo//models/aws_robomaker_warehouse_ShelfD_01/meshes/aws_robomaker_warehouse_ShelfD_01_collision.DAE
[1.217s] -- Up-to-date: /home/lalit/cyb_ws/install/anvrit_gazebo/share/anvrit_gazebo//models/aws_robomaker_warehouse_ShelfD_01/meshes/aws_robomaker_warehouse_ShelfD_01_visual.DAE
[1.217s] -- Up-to-date: /home/lalit/cyb_ws/install/anvrit_gazebo/share/anvrit_gazebo//models/aws_robomaker_warehouse_ClutteringA_01
[1.218s] -- Up-to-date: /home/lalit/cyb_ws/install/anvrit_gazebo/share/anvrit_gazebo//models/aws_robomaker_warehouse_ClutteringA_01/materials
[1.218s] -- Up-to-date: /home/lalit/cyb_ws/install/anvrit_gazebo/share/anvrit_gazebo//models/aws_robomaker_warehouse_ClutteringA_01/materials/.DS_Store
[1.218s] -- Up-to-date: /home/lalit/cyb_ws/install/anvrit_gazebo/share/anvrit_gazebo//models/aws_robomaker_warehouse_ClutteringA_01/materials/textures
[1.218s] -- Up-to-date: /home/lalit/cyb_ws/install/anvrit_gazebo/share/anvrit_gazebo//models/aws_robomaker_warehouse_ClutteringA_01/materials/textures/.DS_Store
[1.218s] -- Up-to-date: /home/lalit/cyb_ws/install/anvrit_gazebo/share/anvrit_gazebo//models/aws_robomaker_warehouse_ClutteringA_01/materials/textures/aws_robomaker_warehouse_ClutteringA_03.png
[1.218s] -- Up-to-date: /home/lalit/cyb_ws/install/anvrit_gazebo/share/anvrit_gazebo//models/aws_robomaker_warehouse_ClutteringA_01/materials/textures/aws_robomaker_warehouse_ClutteringA_02.png
[1.218s] -- Up-to-date: /home/lalit/cyb_ws/install/anvrit_gazebo/share/anvrit_gazebo//models/aws_robomaker_warehouse_ClutteringA_01/materials/textures/aws_robomaker_warehouse_ClutteringA_01.png
[1.218s] -- Up-to-date: /home/lalit/cyb_ws/install/anvrit_gazebo/share/anvrit_gazebo//models/aws_robomaker_warehouse_ClutteringA_01/.DS_Store
[1.218s] -- Up-to-date: /home/lalit/cyb_ws/install/anvrit_gazebo/share/anvrit_gazebo//models/aws_robomaker_warehouse_ClutteringA_01/model.config
[1.218s] -- Up-to-date: /home/lalit/cyb_ws/install/anvrit_gazebo/share/anvrit_gazebo//models/aws_robomaker_warehouse_ClutteringA_01/model.sdf
[1.219s] -- Up-to-date: /home/lalit/cyb_ws/install/anvrit_gazebo/share/anvrit_gazebo//models/aws_robomaker_warehouse_ClutteringA_01/meshes
[1.219s] -- Up-to-date: /home/lalit/cyb_ws/install/anvrit_gazebo/share/anvrit_gazebo//models/aws_robomaker_warehouse_ClutteringA_01/meshes/aws_robomaker_warehouse_ClutteringA_01_visual.DAE
[1.219s] -- Up-to-date: /home/lalit/cyb_ws/install/anvrit_gazebo/share/anvrit_gazebo//models/aws_robomaker_warehouse_ClutteringA_01/meshes/aws_robomaker_warehouse_ClutteringA_01_collision.DAE
[1.219s] -- Up-to-date: /home/lalit/cyb_ws/install/anvrit_gazebo/share/anvrit_gazebo//models/aws_robomaker_warehouse_DeskC_01
[1.219s] -- Up-to-date: /home/lalit/cyb_ws/install/anvrit_gazebo/share/anvrit_gazebo//models/aws_robomaker_warehouse_DeskC_01/materials
[1.219s] -- Up-to-date: /home/lalit/cyb_ws/install/anvrit_gazebo/share/anvrit_gazebo//models/aws_robomaker_warehouse_DeskC_01/materials/.DS_Store
[1.219s] -- Up-to-date: /home/lalit/cyb_ws/install/anvrit_gazebo/share/anvrit_gazebo//models/aws_robomaker_warehouse_DeskC_01/materials/textures
[1.219s] -- Up-to-date: /home/lalit/cyb_ws/install/anvrit_gazebo/share/anvrit_gazebo//models/aws_robomaker_warehouse_DeskC_01/materials/textures/aws_robomaker_warehouse_DeskC_04.png
[1.219s] -- Up-to-date: /home/lalit/cyb_ws/install/anvrit_gazebo/share/anvrit_gazebo//models/aws_robomaker_warehouse_DeskC_01/materials/textures/aws_robomaker_warehouse_DeskC_02.png
[1.220s] -- Up-to-date: /home/lalit/cyb_ws/install/anvrit_gazebo/share/anvrit_gazebo//models/aws_robomaker_warehouse_DeskC_01/materials/textures/aws_robomaker_warehouse_DeskC_01.png
[1.220s] -- Up-to-date: /home/lalit/cyb_ws/install/anvrit_gazebo/share/anvrit_gazebo//models/aws_robomaker_warehouse_DeskC_01/materials/textures/aws_robomaker_warehouse_DeskC_03.png
[1.220s] -- Up-to-date: /home/lalit/cyb_ws/install/anvrit_gazebo/share/anvrit_gazebo//models/aws_robomaker_warehouse_DeskC_01/materials/textures/aws_robomaker_warehouse_DeskC_03.psd
[1.220s] -- Up-to-date: /home/lalit/cyb_ws/install/anvrit_gazebo/share/anvrit_gazebo//models/aws_robomaker_warehouse_DeskC_01/model.config
[1.220s] -- Up-to-date: /home/lalit/cyb_ws/install/anvrit_gazebo/share/anvrit_gazebo//models/aws_robomaker_warehouse_DeskC_01/model.sdf
[1.220s] -- Up-to-date: /home/lalit/cyb_ws/install/anvrit_gazebo/share/anvrit_gazebo//models/aws_robomaker_warehouse_DeskC_01/meshes
[1.220s] -- Up-to-date: /home/lalit/cyb_ws/install/anvrit_gazebo/share/anvrit_gazebo//models/aws_robomaker_warehouse_DeskC_01/meshes/aws_robomaker_warehouse_DeskC_01_collision.DAE
[1.220s] -- Up-to-date: /home/lalit/cyb_ws/install/anvrit_gazebo/share/anvrit_gazebo//models/aws_robomaker_warehouse_DeskC_01/meshes/aws_robomaker_warehouse_DeskC_01_visual.DAE
[1.220s] -- Up-to-date: /home/lalit/cyb_ws/install/anvrit_gazebo/share/anvrit_gazebo//models/aws_robomaker_warehouse_Bucket_01
[1.220s] -- Up-to-date: /home/lalit/cyb_ws/install/anvrit_gazebo/share/anvrit_gazebo//models/aws_robomaker_warehouse_Bucket_01/materials
[1.221s] -- Up-to-date: /home/lalit/cyb_ws/install/anvrit_gazebo/share/anvrit_gazebo//models/aws_robomaker_warehouse_Bucket_01/materials/.DS_Store
[1.221s] -- Up-to-date: /home/lalit/cyb_ws/install/anvrit_gazebo/share/anvrit_gazebo//models/aws_robomaker_warehouse_Bucket_01/materials/textures
[1.221s] -- Up-to-date: /home/lalit/cyb_ws/install/anvrit_gazebo/share/anvrit_gazebo//models/aws_robomaker_warehouse_Bucket_01/materials/textures/aws_robomaker_warehouse_Bucket_01.png
[1.221s] -- Up-to-date: /home/lalit/cyb_ws/install/anvrit_gazebo/share/anvrit_gazebo//models/aws_robomaker_warehouse_Bucket_01/.DS_Store
[1.221s] -- Up-to-date: /home/lalit/cyb_ws/install/anvrit_gazebo/share/anvrit_gazebo//models/aws_robomaker_warehouse_Bucket_01/model.config
[1.221s] -- Up-to-date: /home/lalit/cyb_ws/install/anvrit_gazebo/share/anvrit_gazebo//models/aws_robomaker_warehouse_Bucket_01/model.sdf
[1.221s] -- Up-to-date: /home/lalit/cyb_ws/install/anvrit_gazebo/share/anvrit_gazebo//models/aws_robomaker_warehouse_Bucket_01/meshes
[1.221s] -- Up-to-date: /home/lalit/cyb_ws/install/anvrit_gazebo/share/anvrit_gazebo//models/aws_robomaker_warehouse_Bucket_01/meshes/aws_robomaker_warehouse_Bucket_01_collision.DAE
[1.222s] -- Up-to-date: /home/lalit/cyb_ws/install/anvrit_gazebo/share/anvrit_gazebo//models/aws_robomaker_warehouse_Bucket_01/meshes/aws_robomaker_warehouse_Bucket_01_visual.DAE
[1.222s] -- Up-to-date: /home/lalit/cyb_ws/install/anvrit_gazebo/share/anvrit_gazebo//models/aws_robomaker_warehouse_ClutteringD_01
[1.222s] -- Up-to-date: /home/lalit/cyb_ws/install/anvrit_gazebo/share/anvrit_gazebo//models/aws_robomaker_warehouse_ClutteringD_01/materials
[1.222s] -- Up-to-date: /home/lalit/cyb_ws/install/anvrit_gazebo/share/anvrit_gazebo//models/aws_robomaker_warehouse_ClutteringD_01/materials/textures
[1.222s] -- Up-to-date: /home/lalit/cyb_ws/install/anvrit_gazebo/share/anvrit_gazebo//models/aws_robomaker_warehouse_ClutteringD_01/materials/textures/aws_robomaker_warehouse_ClutteringD_01.png
[1.222s] -- Up-to-date: /home/lalit/cyb_ws/install/anvrit_gazebo/share/anvrit_gazebo//models/aws_robomaker_warehouse_ClutteringD_01/materials/textures/aws_robomaker_warehouse_ClutteringD_02.png
[1.222s] -- Up-to-date: /home/lalit/cyb_ws/install/anvrit_gazebo/share/anvrit_gazebo//models/aws_robomaker_warehouse_ClutteringD_01/model.config
[1.222s] -- Up-to-date: /home/lalit/cyb_ws/install/anvrit_gazebo/share/anvrit_gazebo//models/aws_robomaker_warehouse_ClutteringD_01/model.sdf
[1.223s] -- Up-to-date: /home/lalit/cyb_ws/install/anvrit_gazebo/share/anvrit_gazebo//models/aws_robomaker_warehouse_ClutteringD_01/meshes
[1.223s] -- Up-to-date: /home/lalit/cyb_ws/install/anvrit_gazebo/share/anvrit_gazebo//models/aws_robomaker_warehouse_ClutteringD_01/meshes/aws_robomaker_warehouse_ClutteringD_01_visual.DAE
[1.223s] -- Up-to-date: /home/lalit/cyb_ws/install/anvrit_gazebo/share/anvrit_gazebo//models/aws_robomaker_warehouse_ClutteringD_01/meshes/aws_robomaker_warehouse_ClutteringD_01_collision.DAE
[1.223s] -- Up-to-date: /home/lalit/cyb_ws/install/anvrit_gazebo/share/anvrit_gazebo//models/aws_robomaker_warehouse_Lamp_01
[1.223s] -- Up-to-date: /home/lalit/cyb_ws/install/anvrit_gazebo/share/anvrit_gazebo//models/aws_robomaker_warehouse_Lamp_01/materials
[1.223s] -- Up-to-date: /home/lalit/cyb_ws/install/anvrit_gazebo/share/anvrit_gazebo//models/aws_robomaker_warehouse_Lamp_01/materials/textures
[1.223s] -- Up-to-date: /home/lalit/cyb_ws/install/anvrit_gazebo/share/anvrit_gazebo//models/aws_robomaker_warehouse_Lamp_01/materials/textures/aws_robomaker_warehouse_Lamp_01.png
[1.223s] -- Up-to-date: /home/lalit/cyb_ws/install/anvrit_gazebo/share/anvrit_gazebo//models/aws_robomaker_warehouse_Lamp_01/model.config
[1.223s] -- Up-to-date: /home/lalit/cyb_ws/install/anvrit_gazebo/share/anvrit_gazebo//models/aws_robomaker_warehouse_Lamp_01/model.sdf
[1.223s] -- Up-to-date: /home/lalit/cyb_ws/install/anvrit_gazebo/share/anvrit_gazebo//models/aws_robomaker_warehouse_Lamp_01/meshes
[1.224s] -- Up-to-date: /home/lalit/cyb_ws/install/anvrit_gazebo/share/anvrit_gazebo//models/aws_robomaker_warehouse_Lamp_01/meshes/aws_robomaker_warehouse_Lamp_01_visual.DAE
[1.224s] -- Up-to-date: /home/lalit/cyb_ws/install/anvrit_gazebo/share/anvrit_gazebo//models/aws_robomaker_warehouse_Lamp_01/meshes/aws_robomaker_warehouse_Lamp_01_collision.DAE
[1.224s] -- Up-to-date: /home/lalit/cyb_ws/install/anvrit_gazebo/share/anvrit_gazebo//models/aws_robomaker_warehouse_TrashCanC_01
[1.224s] -- Up-to-date: /home/lalit/cyb_ws/install/anvrit_gazebo/share/anvrit_gazebo//models/aws_robomaker_warehouse_TrashCanC_01/materials
[1.224s] -- Up-to-date: /home/lalit/cyb_ws/install/anvrit_gazebo/share/anvrit_gazebo//models/aws_robomaker_warehouse_TrashCanC_01/materials/textures
[1.224s] -- Up-to-date: /home/lalit/cyb_ws/install/anvrit_gazebo/share/anvrit_gazebo//models/aws_robomaker_warehouse_TrashCanC_01/materials/textures/aws_robomaker_warehouse_TrashCanC_01.png
[1.224s] -- Up-to-date: /home/lalit/cyb_ws/install/anvrit_gazebo/share/anvrit_gazebo//models/aws_robomaker_warehouse_TrashCanC_01/model.config
[1.224s] -- Up-to-date: /home/lalit/cyb_ws/install/anvrit_gazebo/share/anvrit_gazebo//models/aws_robomaker_warehouse_TrashCanC_01/model.sdf
[1.224s] -- Up-to-date: /home/lalit/cyb_ws/install/anvrit_gazebo/share/anvrit_gazebo//models/aws_robomaker_warehouse_TrashCanC_01/meshes
[1.224s] -- Up-to-date: /home/lalit/cyb_ws/install/anvrit_gazebo/share/anvrit_gazebo//models/aws_robomaker_warehouse_TrashCanC_01/meshes/aws_robomaker_warehouse_TrashCanC_01_visual.DAE
[1.225s] -- Up-to-date: /home/lalit/cyb_ws/install/anvrit_gazebo/share/anvrit_gazebo//models/aws_robomaker_warehouse_TrashCanC_01/meshes/aws_robomaker_warehouse_TrashCanC_01_collision.DAE
[1.225s] -- Up-to-date: /home/lalit/cyb_ws/install/anvrit_gazebo/share/anvrit_gazebo//models/aws_robomaker_warehouse_GroundB_01
[1.225s] -- Up-to-date: /home/lalit/cyb_ws/install/anvrit_gazebo/share/anvrit_gazebo//models/aws_robomaker_warehouse_GroundB_01/materials
[1.225s] -- Up-to-date: /home/lalit/cyb_ws/install/anvrit_gazebo/share/anvrit_gazebo//models/aws_robomaker_warehouse_GroundB_01/materials/textures
[1.225s] -- Up-to-date: /home/lalit/cyb_ws/install/anvrit_gazebo/share/anvrit_gazebo//models/aws_robomaker_warehouse_GroundB_01/materials/textures/aws_robomaker_warehouse_GroundB_01.png
[1.225s] -- Up-to-date: /home/lalit/cyb_ws/install/anvrit_gazebo/share/anvrit_gazebo//models/aws_robomaker_warehouse_GroundB_01/materials/textures/aws_robomaker_warehouse_GroundB_02.png
[1.225s] -- Up-to-date: /home/lalit/cyb_ws/install/anvrit_gazebo/share/anvrit_gazebo//models/aws_robomaker_warehouse_GroundB_01/model.config
[1.225s] -- Up-to-date: /home/lalit/cyb_ws/install/anvrit_gazebo/share/anvrit_gazebo//models/aws_robomaker_warehouse_GroundB_01/model.sdf
[1.225s] -- Up-to-date: /home/lalit/cyb_ws/install/anvrit_gazebo/share/anvrit_gazebo//models/aws_robomaker_warehouse_GroundB_01/meshes
[1.226s] -- Up-to-date: /home/lalit/cyb_ws/install/anvrit_gazebo/share/anvrit_gazebo//models/aws_robomaker_warehouse_GroundB_01/meshes/aws_robomaker_warehouse_GroundB_01_collision.DAE
[1.226s] -- Up-to-date: /home/lalit/cyb_ws/install/anvrit_gazebo/share/anvrit_gazebo//models/aws_robomaker_warehouse_GroundB_01/meshes/aws_robomaker_warehouse_GroundB_01_visual.DAE
[1.226s] -- Up-to-date: /home/lalit/cyb_ws/install/anvrit_gazebo/share/anvrit_gazebo//models/aws_robomaker_warehouse_ShelfE_01
[1.226s] -- Up-to-date: /home/lalit/cyb_ws/install/anvrit_gazebo/share/anvrit_gazebo//models/aws_robomaker_warehouse_ShelfE_01/materials
[1.226s] -- Up-to-date: /home/lalit/cyb_ws/install/anvrit_gazebo/share/anvrit_gazebo//models/aws_robomaker_warehouse_ShelfE_01/materials/.DS_Store
[1.226s] -- Up-to-date: /home/lalit/cyb_ws/install/anvrit_gazebo/share/anvrit_gazebo//models/aws_robomaker_warehouse_ShelfE_01/materials/textures
[1.226s] -- Up-to-date: /home/lalit/cyb_ws/install/anvrit_gazebo/share/anvrit_gazebo//models/aws_robomaker_warehouse_ShelfE_01/materials/textures/aws_robomaker_warehouse_ShelfE_03.png
[1.226s] -- Up-to-date: /home/lalit/cyb_ws/install/anvrit_gazebo/share/anvrit_gazebo//models/aws_robomaker_warehouse_ShelfE_01/materials/textures/aws_robomaker_warehouse_ShelfE_01.png
[1.226s] -- Up-to-date: /home/lalit/cyb_ws/install/anvrit_gazebo/share/anvrit_gazebo//models/aws_robomaker_warehouse_ShelfE_01/materials/textures/aws_robomaker_warehouse_ShelfE_02.png
[1.226s] -- Up-to-date: /home/lalit/cyb_ws/install/anvrit_gazebo/share/anvrit_gazebo//models/aws_robomaker_warehouse_ShelfE_01/materials/textures/aws_robomaker_warehouse_ShelfE_04.png
[1.227s] -- Up-to-date: /home/lalit/cyb_ws/install/anvrit_gazebo/share/anvrit_gazebo//models/aws_robomaker_warehouse_ShelfE_01/.DS_Store
[1.227s] -- Up-to-date: /home/lalit/cyb_ws/install/anvrit_gazebo/share/anvrit_gazebo//models/aws_robomaker_warehouse_ShelfE_01/model.config
[1.227s] -- Up-to-date: /home/lalit/cyb_ws/install/anvrit_gazebo/share/anvrit_gazebo//models/aws_robomaker_warehouse_ShelfE_01/model.sdf
[1.227s] -- Up-to-date: /home/lalit/cyb_ws/install/anvrit_gazebo/share/anvrit_gazebo//models/aws_robomaker_warehouse_ShelfE_01/meshes
[1.227s] -- Up-to-date: /home/lalit/cyb_ws/install/anvrit_gazebo/share/anvrit_gazebo//models/aws_robomaker_warehouse_ShelfE_01/meshes/aws_robomaker_warehouse_ShelfE_01_collision.DAE
[1.227s] -- Up-to-date: /home/lalit/cyb_ws/install/anvrit_gazebo/share/anvrit_gazebo//models/aws_robomaker_warehouse_ShelfE_01/meshes/aws_robomaker_warehouse_ShelfE_01_visual.DAE
[1.227s] -- Up-to-date: /home/lalit/cyb_ws/install/anvrit_gazebo/share/anvrit_gazebo//models/aws_robomaker_warehouse_WallB_01
[1.227s] -- Up-to-date: /home/lalit/cyb_ws/install/anvrit_gazebo/share/anvrit_gazebo//models/aws_robomaker_warehouse_WallB_01/materials
[1.228s] -- Up-to-date: /home/lalit/cyb_ws/install/anvrit_gazebo/share/anvrit_gazebo//models/aws_robomaker_warehouse_WallB_01/materials/textures
[1.228s] -- Up-to-date: /home/lalit/cyb_ws/install/anvrit_gazebo/share/anvrit_gazebo//models/aws_robomaker_warehouse_WallB_01/materials/textures/aws_robomaker_warehouse_WallB_01.png
[1.228s] -- Up-to-date: /home/lalit/cyb_ws/install/anvrit_gazebo/share/anvrit_gazebo//models/aws_robomaker_warehouse_WallB_01/model.config
[1.228s] -- Up-to-date: /home/lalit/cyb_ws/install/anvrit_gazebo/share/anvrit_gazebo//models/aws_robomaker_warehouse_WallB_01/model.sdf
[1.228s] -- Up-to-date: /home/lalit/cyb_ws/install/anvrit_gazebo/share/anvrit_gazebo//models/aws_robomaker_warehouse_WallB_01/meshes
[1.228s] -- Up-to-date: /home/lalit/cyb_ws/install/anvrit_gazebo/share/anvrit_gazebo//models/aws_robomaker_warehouse_WallB_01/meshes/aws_robomaker_warehouse_WallB_01_collision.DAE
[1.229s] -- Up-to-date: /home/lalit/cyb_ws/install/anvrit_gazebo/share/anvrit_gazebo//models/aws_robomaker_warehouse_WallB_01/meshes/aws_robomaker_warehouse_WallB_01_visual.DAE
[1.229s] -- Up-to-date: /home/lalit/cyb_ws/install/anvrit_gazebo/share/anvrit_gazebo//models/aws_robomaker_warehouse_ClutteringC_01
[1.229s] -- Up-to-date: /home/lalit/cyb_ws/install/anvrit_gazebo/share/anvrit_gazebo//models/aws_robomaker_warehouse_ClutteringC_01/materials
[1.229s] -- Up-to-date: /home/lalit/cyb_ws/install/anvrit_gazebo/share/anvrit_gazebo//models/aws_robomaker_warehouse_ClutteringC_01/materials/textures
[1.229s] -- Up-to-date: /home/lalit/cyb_ws/install/anvrit_gazebo/share/anvrit_gazebo//models/aws_robomaker_warehouse_ClutteringC_01/materials/textures/aws_robomaker_warehouse_ClutteringC_01.png
[1.229s] -- Up-to-date: /home/lalit/cyb_ws/install/anvrit_gazebo/share/anvrit_gazebo//models/aws_robomaker_warehouse_ClutteringC_01/materials/textures/aws_robomaker_warehouse_ClutteringC_02.png
[1.229s] -- Up-to-date: /home/lalit/cyb_ws/install/anvrit_gazebo/share/anvrit_gazebo//models/aws_robomaker_warehouse_ClutteringC_01/model.config
[1.230s] -- Up-to-date: /home/lalit/cyb_ws/install/anvrit_gazebo/share/anvrit_gazebo//models/aws_robomaker_warehouse_ClutteringC_01/model.sdf
[1.230s] -- Up-to-date: /home/lalit/cyb_ws/install/anvrit_gazebo/share/anvrit_gazebo//models/aws_robomaker_warehouse_ClutteringC_01/meshes
[1.230s] -- Up-to-date: /home/lalit/cyb_ws/install/anvrit_gazebo/share/anvrit_gazebo//models/aws_robomaker_warehouse_ClutteringC_01/meshes/aws_robomaker_warehouse_ClutteringC_01_collision.DAE
[1.230s] -- Up-to-date: /home/lalit/cyb_ws/install/anvrit_gazebo/share/anvrit_gazebo//models/aws_robomaker_warehouse_ClutteringC_01/meshes/aws_robomaker_warehouse_ClutteringC_01_visual.DAE
[1.230s] -- Up-to-date: /home/lalit/cyb_ws/install/anvrit_gazebo/share/anvrit_gazebo//models/aws_robomaker_warehouse_ShelfF_01
[1.230s] -- Up-to-date: /home/lalit/cyb_ws/install/anvrit_gazebo/share/anvrit_gazebo//models/aws_robomaker_warehouse_ShelfF_01/materials
[1.230s] -- Up-to-date: /home/lalit/cyb_ws/install/anvrit_gazebo/share/anvrit_gazebo//models/aws_robomaker_warehouse_ShelfF_01/materials/textures
[1.230s] -- Up-to-date: /home/lalit/cyb_ws/install/anvrit_gazebo/share/anvrit_gazebo//models/aws_robomaker_warehouse_ShelfF_01/materials/textures/aws_robomaker_warehouse_ShelfF_02.png
[1.231s] -- Up-to-date: /home/lalit/cyb_ws/install/anvrit_gazebo/share/anvrit_gazebo//models/aws_robomaker_warehouse_ShelfF_01/materials/textures/aws_robomaker_warehouse_ShelfF_03.png
[1.231s] -- Up-to-date: /home/lalit/cyb_ws/install/anvrit_gazebo/share/anvrit_gazebo//models/aws_robomaker_warehouse_ShelfF_01/materials/textures/aws_robomaker_warehouse_ShelfF_01.png
[1.231s] -- Up-to-date: /home/lalit/cyb_ws/install/anvrit_gazebo/share/anvrit_gazebo//models/aws_robomaker_warehouse_ShelfF_01/model.config
[1.231s] -- Up-to-date: /home/lalit/cyb_ws/install/anvrit_gazebo/share/anvrit_gazebo//models/aws_robomaker_warehouse_ShelfF_01/model.sdf
[1.231s] -- Up-to-date: /home/lalit/cyb_ws/install/anvrit_gazebo/share/anvrit_gazebo//models/aws_robomaker_warehouse_ShelfF_01/meshes
[1.231s] -- Up-to-date: /home/lalit/cyb_ws/install/anvrit_gazebo/share/anvrit_gazebo//models/aws_robomaker_warehouse_ShelfF_01/meshes/aws_robomaker_warehouse_ShelfF_01_collision.DAE
[1.231s] -- Up-to-date: /home/lalit/cyb_ws/install/anvrit_gazebo/share/anvrit_gazebo//models/aws_robomaker_warehouse_ShelfF_01/meshes/aws_robomaker_warehouse_ShelfF_01_visual.DAE
[1.231s] -- Up-to-date: /home/lalit/cyb_ws/install/anvrit_gazebo/share/anvrit_gazebo//models/aws_robomaker_warehouse_PalletJackB_01
[1.231s] -- Up-to-date: /home/lalit/cyb_ws/install/anvrit_gazebo/share/anvrit_gazebo//models/aws_robomaker_warehouse_PalletJackB_01/materials
[1.232s] -- Up-to-date: /home/lalit/cyb_ws/install/anvrit_gazebo/share/anvrit_gazebo//models/aws_robomaker_warehouse_PalletJackB_01/materials/.DS_Store
[1.232s] -- Up-to-date: /home/lalit/cyb_ws/install/anvrit_gazebo/share/anvrit_gazebo//models/aws_robomaker_warehouse_PalletJackB_01/materials/textures
[1.232s] -- Up-to-date: /home/lalit/cyb_ws/install/anvrit_gazebo/share/anvrit_gazebo//models/aws_robomaker_warehouse_PalletJackB_01/materials/textures/aws_robomaker_warehouse_PalletJackB_01.png
[1.232s] -- Up-to-date: /home/lalit/cyb_ws/install/anvrit_gazebo/share/anvrit_gazebo//models/aws_robomaker_warehouse_PalletJackB_01/materials/textures/aws_robomaker_warehouse_PalletJackB_02.png
[1.233s] -- Up-to-date: /home/lalit/cyb_ws/install/anvrit_gazebo/share/anvrit_gazebo//models/aws_robomaker_warehouse_PalletJackB_01/.DS_Store
[1.233s] -- Up-to-date: /home/lalit/cyb_ws/install/anvrit_gazebo/share/anvrit_gazebo//models/aws_robomaker_warehouse_PalletJackB_01/model.config
[1.233s] -- Up-to-date: /home/lalit/cyb_ws/install/anvrit_gazebo/share/anvrit_gazebo//models/aws_robomaker_warehouse_PalletJackB_01/model.sdf
[1.233s] -- Up-to-date: /home/lalit/cyb_ws/install/anvrit_gazebo/share/anvrit_gazebo//models/aws_robomaker_warehouse_PalletJackB_01/meshes
[1.233s] -- Up-to-date: /home/lalit/cyb_ws/install/anvrit_gazebo/share/anvrit_gazebo//models/aws_robomaker_warehouse_PalletJackB_01/meshes/aws_robomaker_warehouse_PalletJackB_01_collision.DAE
[1.233s] -- Up-to-date: /home/lalit/cyb_ws/install/anvrit_gazebo/share/anvrit_gazebo//models/aws_robomaker_warehouse_PalletJackB_01/meshes/aws_robomaker_warehouse_PalletJackB_01_visual.DAE
[1.233s] -- Up-to-date: /home/lalit/cyb_ws/install/anvrit_gazebo/share/ament_index/resource_index/package_run_dependencies/anvrit_gazebo
[1.234s] -- Up-to-date: /home/lalit/cyb_ws/install/anvrit_gazebo/share/ament_index/resource_index/parent_prefix_path/anvrit_gazebo
[1.234s] -- Up-to-date: /home/lalit/cyb_ws/install/anvrit_gazebo/share/anvrit_gazebo/environment/ament_prefix_path.sh
[1.235s] -- Up-to-date: /home/lalit/cyb_ws/install/anvrit_gazebo/share/anvrit_gazebo/environment/ament_prefix_path.dsv
[1.235s] -- Up-to-date: /home/lalit/cyb_ws/install/anvrit_gazebo/share/anvrit_gazebo/environment/path.sh
[1.235s] -- Up-to-date: /home/lalit/cyb_ws/install/anvrit_gazebo/share/anvrit_gazebo/environment/path.dsv
[1.235s] -- Up-to-date: /home/lalit/cyb_ws/install/anvrit_gazebo/share/anvrit_gazebo/local_setup.bash
[1.235s] -- Up-to-date: /home/lalit/cyb_ws/install/anvrit_gazebo/share/anvrit_gazebo/local_setup.sh
[1.235s] -- Up-to-date: /home/lalit/cyb_ws/install/anvrit_gazebo/share/anvrit_gazebo/local_setup.zsh
[1.235s] -- Up-to-date: /home/lalit/cyb_ws/install/anvrit_gazebo/share/anvrit_gazebo/local_setup.dsv
[1.235s] -- Up-to-date: /home/lalit/cyb_ws/install/anvrit_gazebo/share/anvrit_gazebo/package.dsv
[1.236s] -- Up-to-date: /home/lalit/cyb_ws/install/anvrit_gazebo/share/ament_index/resource_index/packages/anvrit_gazebo
[1.236s] -- Up-to-date: /home/lalit/cyb_ws/install/anvrit_gazebo/share/anvrit_gazebo/cmake/anvrit_gazeboConfig.cmake
[1.236s] -- Up-to-date: /home/lalit/cyb_ws/install/anvrit_gazebo/share/anvrit_gazebo/cmake/anvrit_gazeboConfig-version.cmake
[1.236s] -- Up-to-date: /home/lalit/cyb_ws/install/anvrit_gazebo/share/anvrit_gazebo/package.xml
[1.263s] Invoked command in '/home/lalit/cyb_ws/build/anvrit_gazebo' returned '0': CMAKE_PREFIX_PATH=${CMAKE_PREFIX_PATH}:/home/lalit/ros2_ws/install/turtle_controller:/home/lalit/ros2_ws/install/nav2_gps_waypoint_follower_demo:/home/lalit/ros2_ws/install/bot_control:/home/lalit/ros2_ws/install/anvrit_odometry:/opt/ros/humble /usr/bin/cmake --install /home/lalit/cyb_ws/build/anvrit_gazebo
