[0.517s] Invoking command in '/home/lalit/cyb_ws/src/Anvrit/anvrit_odometry': PYTHONPATH=/home/lalit/cyb_ws/build/anvrit_odometry/prefix_override:/usr/lib/python3/dist-packages/colcon_core/task/python/colcon_distutils_commands:/home/lalit/cyb_ws/install/anvrit_odometry/lib/python3.10/site-packages:${PYTHONPATH} /usr/bin/python3 -W ignore:setup.py install is deprecated setup.py egg_info --egg-base ../../../build/anvrit_odometry build --build-base /home/lalit/cyb_ws/build/anvrit_odometry/build install --record /home/lalit/cyb_ws/build/anvrit_odometry/install.log --single-version-externally-managed install_data
[0.667s] running egg_info
[0.668s] writing ../../../build/anvrit_odometry/anvrit_odometry.egg-info/PKG-INFO
[0.668s] writing dependency_links to ../../../build/anvrit_odometry/anvrit_odometry.egg-info/dependency_links.txt
[0.668s] writing entry points to ../../../build/anvrit_odometry/anvrit_odometry.egg-info/entry_points.txt
[0.668s] writing requirements to ../../../build/anvrit_odometry/anvrit_odometry.egg-info/requires.txt
[0.668s] writing top-level names to ../../../build/anvrit_odometry/anvrit_odometry.egg-info/top_level.txt
[0.669s] reading manifest file '../../../build/anvrit_odometry/anvrit_odometry.egg-info/SOURCES.txt'
[0.671s] writing manifest file '../../../build/anvrit_odometry/anvrit_odometry.egg-info/SOURCES.txt'
[0.671s] running build
[0.671s] running build_py
[0.671s] copying anvrit_odometry/odm_gen.py -> /home/lalit/cyb_ws/build/anvrit_odometry/build/lib/anvrit_odometry
[0.671s] running install
[0.671s] running install_lib
[0.672s] copying /home/lalit/cyb_ws/build/anvrit_odometry/build/lib/anvrit_odometry/odm_gen.py -> /home/lalit/cyb_ws/install/anvrit_odometry/lib/python3.10/site-packages/anvrit_odometry
[0.672s] byte-compiling /home/lalit/cyb_ws/install/anvrit_odometry/lib/python3.10/site-packages/anvrit_odometry/odm_gen.py to odm_gen.cpython-310.pyc
[0.673s] running install_data
[0.673s] running install_egg_info
[0.674s] removing '/home/lalit/cyb_ws/install/anvrit_odometry/lib/python3.10/site-packages/anvrit_odometry-0.0.0-py3.10.egg-info' (and everything under it)
[0.674s] Copying ../../../build/anvrit_odometry/anvrit_odometry.egg-info to /home/lalit/cyb_ws/install/anvrit_odometry/lib/python3.10/site-packages/anvrit_odometry-0.0.0-py3.10.egg-info
[0.676s] running install_scripts
[0.688s] Installing odm_gen1 script to /home/lalit/cyb_ws/install/anvrit_odometry/lib/anvrit_odometry
[0.688s] Installing odometry_gen script to /home/lalit/cyb_ws/install/anvrit_odometry/lib/anvrit_odometry
[0.688s] Installing pid script to /home/lalit/cyb_ws/install/anvrit_odometry/lib/anvrit_odometry
[0.688s] Installing rpm_gen script to /home/lalit/cyb_ws/install/anvrit_odometry/lib/anvrit_odometry
[0.688s] Installing teleop script to /home/lalit/cyb_ws/install/anvrit_odometry/lib/anvrit_odometry
[0.688s] Installing ticks_publisher script to /home/lalit/cyb_ws/install/anvrit_odometry/lib/anvrit_odometry
[0.688s] writing list of installed files to '/home/lalit/cyb_ws/build/anvrit_odometry/install.log'
[0.703s] Invoked command in '/home/lalit/cyb_ws/src/Anvrit/anvrit_odometry' returned '0': PYTHONPATH=/home/lalit/cyb_ws/build/anvrit_odometry/prefix_override:/usr/lib/python3/dist-packages/colcon_core/task/python/colcon_distutils_commands:/home/lalit/cyb_ws/install/anvrit_odometry/lib/python3.10/site-packages:${PYTHONPATH} /usr/bin/python3 -W ignore:setup.py install is deprecated setup.py egg_info --egg-base ../../../build/anvrit_odometry build --build-base /home/lalit/cyb_ws/build/anvrit_odometry/build install --record /home/lalit/cyb_ws/build/anvrit_odometry/install.log --single-version-externally-managed install_data
