[0.046s] Invoking command in '/home/lalit/ros2_ws/src/Anvrit/build/anvrit_gazebo': CMAKE_PREFIX_PATH=${CMAKE_PREFIX_PATH}:/home/lalit/ros2_ws/install/turtle_controller:/home/lalit/ros2_ws/install/nav2_gps_waypoint_follower_demo:/home/lalit/ros2_ws/install/bot_control:/home/lalit/ros2_ws/install/anvrit_odometry:/opt/ros/humble /usr/bin/cmake --build /home/lalit/ros2_ws/src/Anvrit/build/anvrit_gazebo -- -j16 -l16
[0.436s] Invoked command in '/home/lalit/ros2_ws/src/Anvrit/build/anvrit_gazebo' returned '0': CMAKE_PREFIX_PATH=${CMAKE_PREFIX_PATH}:/home/lalit/ros2_ws/install/turtle_controller:/home/lalit/ros2_ws/install/nav2_gps_waypoint_follower_demo:/home/lalit/ros2_ws/install/bot_control:/home/lalit/ros2_ws/install/anvrit_odometry:/opt/ros/humble /usr/bin/cmake --build /home/lalit/ros2_ws/src/Anvrit/build/anvrit_gazebo -- -j16 -l16
[0.797s] Invoking command in '/home/lalit/ros2_ws/src/Anvrit/build/anvrit_gazebo': CMAKE_PREFIX_PATH=${CMAKE_PREFIX_PATH}:/home/lalit/ros2_ws/install/turtle_controller:/home/lalit/ros2_ws/install/nav2_gps_waypoint_follower_demo:/home/lalit/ros2_ws/install/bot_control:/home/lalit/ros2_ws/install/anvrit_odometry:/opt/ros/humble /usr/bin/cmake --install /home/lalit/ros2_ws/src/Anvrit/build/anvrit_gazebo
[0.815s] -- Install configuration: ""
[0.815s] -- Up-to-date: /home/lalit/ros2_ws/src/Anvrit/install/anvrit_gazebo/share/anvrit_gazebo//launch
[0.816s] -- Up-to-date: /home/lalit/ros2_ws/src/Anvrit/install/anvrit_gazebo/share/anvrit_gazebo//launch/warehouse_world.launch.py
[0.816s] -- Up-to-date: /home/lalit/ros2_ws/src/Anvrit/install/anvrit_gazebo/share/anvrit_gazebo//worlds
[0.816s] -- Up-to-date: /home/lalit/ros2_ws/src/Anvrit/install/anvrit_gazebo/share/anvrit_gazebo//worlds/small_warehouse.world
[0.816s] -- Up-to-date: /home/lalit/ros2_ws/src/Anvrit/install/anvrit_gazebo/share/anvrit_gazebo//worlds/no_roof_small_warehouse.world
[0.816s] -- Up-to-date: /home/lalit/ros2_ws/src/Anvrit/install/anvrit_gazebo/share/anvrit_gazebo//models
[0.816s] -- Up-to-date: /home/lalit/ros2_ws/src/Anvrit/install/anvrit_gazebo/share/anvrit_gazebo//models/aws_robomaker_warehouse_RoofB_01
[0.817s] -- Up-to-date: /home/lalit/ros2_ws/src/Anvrit/install/anvrit_gazebo/share/anvrit_gazebo//models/aws_robomaker_warehouse_RoofB_01/materials
[0.817s] -- Up-to-date: /home/lalit/ros2_ws/src/Anvrit/install/anvrit_gazebo/share/anvrit_gazebo//models/aws_robomaker_warehouse_RoofB_01/materials/textures
[0.817s] -- Up-to-date: /home/lalit/ros2_ws/src/Anvrit/install/anvrit_gazebo/share/anvrit_gazebo//models/aws_robomaker_warehouse_RoofB_01/materials/textures/aws_robomaker_warehouse_RoofB_01.png
[0.817s] -- Up-to-date: /home/lalit/ros2_ws/src/Anvrit/install/anvrit_gazebo/share/anvrit_gazebo//models/aws_robomaker_warehouse_RoofB_01/model.config
[0.817s] -- Up-to-date: /home/lalit/ros2_ws/src/Anvrit/install/anvrit_gazebo/share/anvrit_gazebo//models/aws_robomaker_warehouse_RoofB_01/model.sdf
[0.818s] -- Up-to-date: /home/lalit/ros2_ws/src/Anvrit/install/anvrit_gazebo/share/anvrit_gazebo//models/aws_robomaker_warehouse_RoofB_01/meshes
[0.818s] -- Up-to-date: /home/lalit/ros2_ws/src/Anvrit/install/anvrit_gazebo/share/anvrit_gazebo//models/aws_robomaker_warehouse_RoofB_01/meshes/aws_robomaker_warehouse_RoofB_01_collision.DAE
[0.818s] -- Up-to-date: /home/lalit/ros2_ws/src/Anvrit/install/anvrit_gazebo/share/anvrit_gazebo//models/aws_robomaker_warehouse_RoofB_01/meshes/aws_robomaker_warehouse_RoofB_01_visual.DAE
[0.818s] -- Up-to-date: /home/lalit/ros2_ws/src/Anvrit/install/anvrit_gazebo/share/anvrit_gazebo//models/aws_robomaker_warehouse_ShelfD_01
[0.818s] -- Up-to-date: /home/lalit/ros2_ws/src/Anvrit/install/anvrit_gazebo/share/anvrit_gazebo//models/aws_robomaker_warehouse_ShelfD_01/materials
[0.819s] -- Up-to-date: /home/lalit/ros2_ws/src/Anvrit/install/anvrit_gazebo/share/anvrit_gazebo//models/aws_robomaker_warehouse_ShelfD_01/materials/textures
[0.819s] -- Up-to-date: /home/lalit/ros2_ws/src/Anvrit/install/anvrit_gazebo/share/anvrit_gazebo//models/aws_robomaker_warehouse_ShelfD_01/materials/textures/aws_robomaker_warehouse_ShelfD_01.png
[0.819s] -- Up-to-date: /home/lalit/ros2_ws/src/Anvrit/install/anvrit_gazebo/share/anvrit_gazebo//models/aws_robomaker_warehouse_ShelfD_01/materials/textures/aws_robomaker_warehouse_ShelfD_04.png
[0.819s] -- Up-to-date: /home/lalit/ros2_ws/src/Anvrit/install/anvrit_gazebo/share/anvrit_gazebo//models/aws_robomaker_warehouse_ShelfD_01/materials/textures/aws_robomaker_warehouse_ShelfD_02.png
[0.819s] -- Up-to-date: /home/lalit/ros2_ws/src/Anvrit/install/anvrit_gazebo/share/anvrit_gazebo//models/aws_robomaker_warehouse_ShelfD_01/materials/textures/aws_robomaker_warehouse_ShelfD_03.png
[0.819s] -- Up-to-date: /home/lalit/ros2_ws/src/Anvrit/install/anvrit_gazebo/share/anvrit_gazebo//models/aws_robomaker_warehouse_ShelfD_01/model.config
[0.819s] -- Up-to-date: /home/lalit/ros2_ws/src/Anvrit/install/anvrit_gazebo/share/anvrit_gazebo//models/aws_robomaker_warehouse_ShelfD_01/model.sdf
[0.819s] -- Up-to-date: /home/lalit/ros2_ws/src/Anvrit/install/anvrit_gazebo/share/anvrit_gazebo//models/aws_robomaker_warehouse_ShelfD_01/meshes
[0.819s] -- Up-to-date: /home/lalit/ros2_ws/src/Anvrit/install/anvrit_gazebo/share/anvrit_gazebo//models/aws_robomaker_warehouse_ShelfD_01/meshes/aws_robomaker_warehouse_ShelfD_01_collision.DAE
[0.820s] -- Up-to-date: /home/lalit/ros2_ws/src/Anvrit/install/anvrit_gazebo/share/anvrit_gazebo//models/aws_robomaker_warehouse_ShelfD_01/meshes/aws_robomaker_warehouse_ShelfD_01_visual.DAE
[0.820s] -- Up-to-date: /home/lalit/ros2_ws/src/Anvrit/install/anvrit_gazebo/share/anvrit_gazebo//models/aws_robomaker_warehouse_ClutteringA_01
[0.820s] -- Up-to-date: /home/lalit/ros2_ws/src/Anvrit/install/anvrit_gazebo/share/anvrit_gazebo//models/aws_robomaker_warehouse_ClutteringA_01/materials
[0.820s] -- Up-to-date: /home/lalit/ros2_ws/src/Anvrit/install/anvrit_gazebo/share/anvrit_gazebo//models/aws_robomaker_warehouse_ClutteringA_01/materials/.DS_Store
[0.820s] -- Up-to-date: /home/lalit/ros2_ws/src/Anvrit/install/anvrit_gazebo/share/anvrit_gazebo//models/aws_robomaker_warehouse_ClutteringA_01/materials/textures
[0.820s] -- Up-to-date: /home/lalit/ros2_ws/src/Anvrit/install/anvrit_gazebo/share/anvrit_gazebo//models/aws_robomaker_warehouse_ClutteringA_01/materials/textures/.DS_Store
[0.820s] -- Up-to-date: /home/lalit/ros2_ws/src/Anvrit/install/anvrit_gazebo/share/anvrit_gazebo//models/aws_robomaker_warehouse_ClutteringA_01/materials/textures/aws_robomaker_warehouse_ClutteringA_03.png
[0.820s] -- Up-to-date: /home/lalit/ros2_ws/src/Anvrit/install/anvrit_gazebo/share/anvrit_gazebo//models/aws_robomaker_warehouse_ClutteringA_01/materials/textures/aws_robomaker_warehouse_ClutteringA_02.png
[0.820s] -- Up-to-date: /home/lalit/ros2_ws/src/Anvrit/install/anvrit_gazebo/share/anvrit_gazebo//models/aws_robomaker_warehouse_ClutteringA_01/materials/textures/aws_robomaker_warehouse_ClutteringA_01.png
[0.820s] -- Up-to-date: /home/lalit/ros2_ws/src/Anvrit/install/anvrit_gazebo/share/anvrit_gazebo//models/aws_robomaker_warehouse_ClutteringA_01/.DS_Store
[0.821s] -- Up-to-date: /home/lalit/ros2_ws/src/Anvrit/install/anvrit_gazebo/share/anvrit_gazebo//models/aws_robomaker_warehouse_ClutteringA_01/model.config
[0.821s] -- Up-to-date: /home/lalit/ros2_ws/src/Anvrit/install/anvrit_gazebo/share/anvrit_gazebo//models/aws_robomaker_warehouse_ClutteringA_01/model.sdf
[0.821s] -- Up-to-date: /home/lalit/ros2_ws/src/Anvrit/install/anvrit_gazebo/share/anvrit_gazebo//models/aws_robomaker_warehouse_ClutteringA_01/meshes
[0.821s] -- Up-to-date: /home/lalit/ros2_ws/src/Anvrit/install/anvrit_gazebo/share/anvrit_gazebo//models/aws_robomaker_warehouse_ClutteringA_01/meshes/aws_robomaker_warehouse_ClutteringA_01_visual.DAE
[0.821s] -- Up-to-date: /home/lalit/ros2_ws/src/Anvrit/install/anvrit_gazebo/share/anvrit_gazebo//models/aws_robomaker_warehouse_ClutteringA_01/meshes/aws_robomaker_warehouse_ClutteringA_01_collision.DAE
[0.821s] -- Up-to-date: /home/lalit/ros2_ws/src/Anvrit/install/anvrit_gazebo/share/anvrit_gazebo//models/aws_robomaker_warehouse_DeskC_01
[0.821s] -- Up-to-date: /home/lalit/ros2_ws/src/Anvrit/install/anvrit_gazebo/share/anvrit_gazebo//models/aws_robomaker_warehouse_DeskC_01/materials
[0.821s] -- Up-to-date: /home/lalit/ros2_ws/src/Anvrit/install/anvrit_gazebo/share/anvrit_gazebo//models/aws_robomaker_warehouse_DeskC_01/materials/.DS_Store
[0.821s] -- Up-to-date: /home/lalit/ros2_ws/src/Anvrit/install/anvrit_gazebo/share/anvrit_gazebo//models/aws_robomaker_warehouse_DeskC_01/materials/textures
[0.821s] -- Up-to-date: /home/lalit/ros2_ws/src/Anvrit/install/anvrit_gazebo/share/anvrit_gazebo//models/aws_robomaker_warehouse_DeskC_01/materials/textures/aws_robomaker_warehouse_DeskC_04.png
[0.821s] -- Up-to-date: /home/lalit/ros2_ws/src/Anvrit/install/anvrit_gazebo/share/anvrit_gazebo//models/aws_robomaker_warehouse_DeskC_01/materials/textures/aws_robomaker_warehouse_DeskC_02.png
[0.821s] -- Up-to-date: /home/lalit/ros2_ws/src/Anvrit/install/anvrit_gazebo/share/anvrit_gazebo//models/aws_robomaker_warehouse_DeskC_01/materials/textures/aws_robomaker_warehouse_DeskC_01.png
[0.822s] -- Up-to-date: /home/lalit/ros2_ws/src/Anvrit/install/anvrit_gazebo/share/anvrit_gazebo//models/aws_robomaker_warehouse_DeskC_01/materials/textures/aws_robomaker_warehouse_DeskC_03.png
[0.822s] -- Up-to-date: /home/lalit/ros2_ws/src/Anvrit/install/anvrit_gazebo/share/anvrit_gazebo//models/aws_robomaker_warehouse_DeskC_01/materials/textures/aws_robomaker_warehouse_DeskC_03.psd
[0.822s] -- Up-to-date: /home/lalit/ros2_ws/src/Anvrit/install/anvrit_gazebo/share/anvrit_gazebo//models/aws_robomaker_warehouse_DeskC_01/model.config
[0.822s] -- Up-to-date: /home/lalit/ros2_ws/src/Anvrit/install/anvrit_gazebo/share/anvrit_gazebo//models/aws_robomaker_warehouse_DeskC_01/model.sdf
[0.822s] -- Up-to-date: /home/lalit/ros2_ws/src/Anvrit/install/anvrit_gazebo/share/anvrit_gazebo//models/aws_robomaker_warehouse_DeskC_01/meshes
[0.822s] -- Up-to-date: /home/lalit/ros2_ws/src/Anvrit/install/anvrit_gazebo/share/anvrit_gazebo//models/aws_robomaker_warehouse_DeskC_01/meshes/aws_robomaker_warehouse_DeskC_01_collision.DAE
[0.822s] -- Up-to-date: /home/lalit/ros2_ws/src/Anvrit/install/anvrit_gazebo/share/anvrit_gazebo//models/aws_robomaker_warehouse_DeskC_01/meshes/aws_robomaker_warehouse_DeskC_01_visual.DAE
[0.822s] -- Up-to-date: /home/lalit/ros2_ws/src/Anvrit/install/anvrit_gazebo/share/anvrit_gazebo//models/aws_robomaker_warehouse_Bucket_01
[0.822s] -- Up-to-date: /home/lalit/ros2_ws/src/Anvrit/install/anvrit_gazebo/share/anvrit_gazebo//models/aws_robomaker_warehouse_Bucket_01/materials
[0.823s] -- Up-to-date: /home/lalit/ros2_ws/src/Anvrit/install/anvrit_gazebo/share/anvrit_gazebo//models/aws_robomaker_warehouse_Bucket_01/materials/.DS_Store
[0.823s] -- Up-to-date: /home/lalit/ros2_ws/src/Anvrit/install/anvrit_gazebo/share/anvrit_gazebo//models/aws_robomaker_warehouse_Bucket_01/materials/textures
[0.823s] -- Up-to-date: /home/lalit/ros2_ws/src/Anvrit/install/anvrit_gazebo/share/anvrit_gazebo//models/aws_robomaker_warehouse_Bucket_01/materials/textures/aws_robomaker_warehouse_Bucket_01.png
[0.823s] -- Up-to-date: /home/lalit/ros2_ws/src/Anvrit/install/anvrit_gazebo/share/anvrit_gazebo//models/aws_robomaker_warehouse_Bucket_01/.DS_Store
[0.823s] -- Up-to-date: /home/lalit/ros2_ws/src/Anvrit/install/anvrit_gazebo/share/anvrit_gazebo//models/aws_robomaker_warehouse_Bucket_01/model.config
[0.823s] -- Up-to-date: /home/lalit/ros2_ws/src/Anvrit/install/anvrit_gazebo/share/anvrit_gazebo//models/aws_robomaker_warehouse_Bucket_01/model.sdf
[0.823s] -- Up-to-date: /home/lalit/ros2_ws/src/Anvrit/install/anvrit_gazebo/share/anvrit_gazebo//models/aws_robomaker_warehouse_Bucket_01/meshes
[0.823s] -- Up-to-date: /home/lalit/ros2_ws/src/Anvrit/install/anvrit_gazebo/share/anvrit_gazebo//models/aws_robomaker_warehouse_Bucket_01/meshes/aws_robomaker_warehouse_Bucket_01_collision.DAE
[0.823s] -- Up-to-date: /home/lalit/ros2_ws/src/Anvrit/install/anvrit_gazebo/share/anvrit_gazebo//models/aws_robomaker_warehouse_Bucket_01/meshes/aws_robomaker_warehouse_Bucket_01_visual.DAE
[0.823s] -- Up-to-date: /home/lalit/ros2_ws/src/Anvrit/install/anvrit_gazebo/share/anvrit_gazebo//models/aws_robomaker_warehouse_ClutteringD_01
[0.823s] -- Up-to-date: /home/lalit/ros2_ws/src/Anvrit/install/anvrit_gazebo/share/anvrit_gazebo//models/aws_robomaker_warehouse_ClutteringD_01/materials
[0.824s] -- Up-to-date: /home/lalit/ros2_ws/src/Anvrit/install/anvrit_gazebo/share/anvrit_gazebo//models/aws_robomaker_warehouse_ClutteringD_01/materials/textures
[0.824s] -- Up-to-date: /home/lalit/ros2_ws/src/Anvrit/install/anvrit_gazebo/share/anvrit_gazebo//models/aws_robomaker_warehouse_ClutteringD_01/materials/textures/aws_robomaker_warehouse_ClutteringD_01.png
[0.824s] -- Up-to-date: /home/lalit/ros2_ws/src/Anvrit/install/anvrit_gazebo/share/anvrit_gazebo//models/aws_robomaker_warehouse_ClutteringD_01/materials/textures/aws_robomaker_warehouse_ClutteringD_02.png
[0.824s] -- Up-to-date: /home/lalit/ros2_ws/src/Anvrit/install/anvrit_gazebo/share/anvrit_gazebo//models/aws_robomaker_warehouse_ClutteringD_01/model.config
[0.824s] -- Up-to-date: /home/lalit/ros2_ws/src/Anvrit/install/anvrit_gazebo/share/anvrit_gazebo//models/aws_robomaker_warehouse_ClutteringD_01/model.sdf
[0.824s] -- Up-to-date: /home/lalit/ros2_ws/src/Anvrit/install/anvrit_gazebo/share/anvrit_gazebo//models/aws_robomaker_warehouse_ClutteringD_01/meshes
[0.824s] -- Up-to-date: /home/lalit/ros2_ws/src/Anvrit/install/anvrit_gazebo/share/anvrit_gazebo//models/aws_robomaker_warehouse_ClutteringD_01/meshes/aws_robomaker_warehouse_ClutteringD_01_visual.DAE
[0.824s] -- Up-to-date: /home/lalit/ros2_ws/src/Anvrit/install/anvrit_gazebo/share/anvrit_gazebo//models/aws_robomaker_warehouse_ClutteringD_01/meshes/aws_robomaker_warehouse_ClutteringD_01_collision.DAE
[0.824s] -- Up-to-date: /home/lalit/ros2_ws/src/Anvrit/install/anvrit_gazebo/share/anvrit_gazebo//models/aws_robomaker_warehouse_Lamp_01
[0.824s] -- Up-to-date: /home/lalit/ros2_ws/src/Anvrit/install/anvrit_gazebo/share/anvrit_gazebo//models/aws_robomaker_warehouse_Lamp_01/materials
[0.825s] -- Up-to-date: /home/lalit/ros2_ws/src/Anvrit/install/anvrit_gazebo/share/anvrit_gazebo//models/aws_robomaker_warehouse_Lamp_01/materials/textures
[0.825s] -- Up-to-date: /home/lalit/ros2_ws/src/Anvrit/install/anvrit_gazebo/share/anvrit_gazebo//models/aws_robomaker_warehouse_Lamp_01/materials/textures/aws_robomaker_warehouse_Lamp_01.png
[0.825s] -- Up-to-date: /home/lalit/ros2_ws/src/Anvrit/install/anvrit_gazebo/share/anvrit_gazebo//models/aws_robomaker_warehouse_Lamp_01/model.config
[0.826s] -- Up-to-date: /home/lalit/ros2_ws/src/Anvrit/install/anvrit_gazebo/share/anvrit_gazebo//models/aws_robomaker_warehouse_Lamp_01/model.sdf
[0.826s] -- Up-to-date: /home/lalit/ros2_ws/src/Anvrit/install/anvrit_gazebo/share/anvrit_gazebo//models/aws_robomaker_warehouse_Lamp_01/meshes
[0.826s] -- Up-to-date: /home/lalit/ros2_ws/src/Anvrit/install/anvrit_gazebo/share/anvrit_gazebo//models/aws_robomaker_warehouse_Lamp_01/meshes/aws_robomaker_warehouse_Lamp_01_visual.DAE
[0.826s] -- Up-to-date: /home/lalit/ros2_ws/src/Anvrit/install/anvrit_gazebo/share/anvrit_gazebo//models/aws_robomaker_warehouse_Lamp_01/meshes/aws_robomaker_warehouse_Lamp_01_collision.DAE
[0.827s] -- Up-to-date: /home/lalit/ros2_ws/src/Anvrit/install/anvrit_gazebo/share/anvrit_gazebo//models/aws_robomaker_warehouse_TrashCanC_01
[0.827s] -- Up-to-date: /home/lalit/ros2_ws/src/Anvrit/install/anvrit_gazebo/share/anvrit_gazebo//models/aws_robomaker_warehouse_TrashCanC_01/materials
[0.827s] -- Up-to-date: /home/lalit/ros2_ws/src/Anvrit/install/anvrit_gazebo/share/anvrit_gazebo//models/aws_robomaker_warehouse_TrashCanC_01/materials/textures
[0.828s] -- Up-to-date: /home/lalit/ros2_ws/src/Anvrit/install/anvrit_gazebo/share/anvrit_gazebo//models/aws_robomaker_warehouse_TrashCanC_01/materials/textures/aws_robomaker_warehouse_TrashCanC_01.png
[0.829s] -- Up-to-date: /home/lalit/ros2_ws/src/Anvrit/install/anvrit_gazebo/share/anvrit_gazebo//models/aws_robomaker_warehouse_TrashCanC_01/model.config
[0.829s] -- Up-to-date: /home/lalit/ros2_ws/src/Anvrit/install/anvrit_gazebo/share/anvrit_gazebo//models/aws_robomaker_warehouse_TrashCanC_01/model.sdf
[0.829s] -- Up-to-date: /home/lalit/ros2_ws/src/Anvrit/install/anvrit_gazebo/share/anvrit_gazebo//models/aws_robomaker_warehouse_TrashCanC_01/meshes
[0.829s] -- Up-to-date: /home/lalit/ros2_ws/src/Anvrit/install/anvrit_gazebo/share/anvrit_gazebo//models/aws_robomaker_warehouse_TrashCanC_01/meshes/aws_robomaker_warehouse_TrashCanC_01_visual.DAE
[0.829s] -- Up-to-date: /home/lalit/ros2_ws/src/Anvrit/install/anvrit_gazebo/share/anvrit_gazebo//models/aws_robomaker_warehouse_TrashCanC_01/meshes/aws_robomaker_warehouse_TrashCanC_01_collision.DAE
[0.829s] -- Up-to-date: /home/lalit/ros2_ws/src/Anvrit/install/anvrit_gazebo/share/anvrit_gazebo//models/aws_robomaker_warehouse_GroundB_01
[0.829s] -- Up-to-date: /home/lalit/ros2_ws/src/Anvrit/install/anvrit_gazebo/share/anvrit_gazebo//models/aws_robomaker_warehouse_GroundB_01/materials
[0.829s] -- Up-to-date: /home/lalit/ros2_ws/src/Anvrit/install/anvrit_gazebo/share/anvrit_gazebo//models/aws_robomaker_warehouse_GroundB_01/materials/textures
[0.830s] -- Up-to-date: /home/lalit/ros2_ws/src/Anvrit/install/anvrit_gazebo/share/anvrit_gazebo//models/aws_robomaker_warehouse_GroundB_01/materials/textures/aws_robomaker_warehouse_GroundB_01.png
[0.830s] -- Up-to-date: /home/lalit/ros2_ws/src/Anvrit/install/anvrit_gazebo/share/anvrit_gazebo//models/aws_robomaker_warehouse_GroundB_01/materials/textures/aws_robomaker_warehouse_GroundB_02.png
[0.831s] -- Up-to-date: /home/lalit/ros2_ws/src/Anvrit/install/anvrit_gazebo/share/anvrit_gazebo//models/aws_robomaker_warehouse_GroundB_01/model.config
[0.831s] -- Up-to-date: /home/lalit/ros2_ws/src/Anvrit/install/anvrit_gazebo/share/anvrit_gazebo//models/aws_robomaker_warehouse_GroundB_01/model.sdf
[0.831s] -- Up-to-date: /home/lalit/ros2_ws/src/Anvrit/install/anvrit_gazebo/share/anvrit_gazebo//models/aws_robomaker_warehouse_GroundB_01/meshes
[0.831s] -- Up-to-date: /home/lalit/ros2_ws/src/Anvrit/install/anvrit_gazebo/share/anvrit_gazebo//models/aws_robomaker_warehouse_GroundB_01/meshes/aws_robomaker_warehouse_GroundB_01_collision.DAE
[0.831s] -- Up-to-date: /home/lalit/ros2_ws/src/Anvrit/install/anvrit_gazebo/share/anvrit_gazebo//models/aws_robomaker_warehouse_GroundB_01/meshes/aws_robomaker_warehouse_GroundB_01_visual.DAE
[0.831s] -- Up-to-date: /home/lalit/ros2_ws/src/Anvrit/install/anvrit_gazebo/share/anvrit_gazebo//models/aws_robomaker_warehouse_ShelfE_01
[0.831s] -- Up-to-date: /home/lalit/ros2_ws/src/Anvrit/install/anvrit_gazebo/share/anvrit_gazebo//models/aws_robomaker_warehouse_ShelfE_01/materials
[0.831s] -- Up-to-date: /home/lalit/ros2_ws/src/Anvrit/install/anvrit_gazebo/share/anvrit_gazebo//models/aws_robomaker_warehouse_ShelfE_01/materials/.DS_Store
[0.831s] -- Up-to-date: /home/lalit/ros2_ws/src/Anvrit/install/anvrit_gazebo/share/anvrit_gazebo//models/aws_robomaker_warehouse_ShelfE_01/materials/textures
[0.831s] -- Up-to-date: /home/lalit/ros2_ws/src/Anvrit/install/anvrit_gazebo/share/anvrit_gazebo//models/aws_robomaker_warehouse_ShelfE_01/materials/textures/aws_robomaker_warehouse_ShelfE_03.png
[0.832s] -- Up-to-date: /home/lalit/ros2_ws/src/Anvrit/install/anvrit_gazebo/share/anvrit_gazebo//models/aws_robomaker_warehouse_ShelfE_01/materials/textures/aws_robomaker_warehouse_ShelfE_01.png
[0.832s] -- Up-to-date: /home/lalit/ros2_ws/src/Anvrit/install/anvrit_gazebo/share/anvrit_gazebo//models/aws_robomaker_warehouse_ShelfE_01/materials/textures/aws_robomaker_warehouse_ShelfE_02.png
[0.832s] -- Up-to-date: /home/lalit/ros2_ws/src/Anvrit/install/anvrit_gazebo/share/anvrit_gazebo//models/aws_robomaker_warehouse_ShelfE_01/materials/textures/aws_robomaker_warehouse_ShelfE_04.png
[0.832s] -- Up-to-date: /home/lalit/ros2_ws/src/Anvrit/install/anvrit_gazebo/share/anvrit_gazebo//models/aws_robomaker_warehouse_ShelfE_01/.DS_Store
[0.832s] -- Up-to-date: /home/lalit/ros2_ws/src/Anvrit/install/anvrit_gazebo/share/anvrit_gazebo//models/aws_robomaker_warehouse_ShelfE_01/model.config
[0.832s] -- Up-to-date: /home/lalit/ros2_ws/src/Anvrit/install/anvrit_gazebo/share/anvrit_gazebo//models/aws_robomaker_warehouse_ShelfE_01/model.sdf
[0.832s] -- Up-to-date: /home/lalit/ros2_ws/src/Anvrit/install/anvrit_gazebo/share/anvrit_gazebo//models/aws_robomaker_warehouse_ShelfE_01/meshes
[0.832s] -- Up-to-date: /home/lalit/ros2_ws/src/Anvrit/install/anvrit_gazebo/share/anvrit_gazebo//models/aws_robomaker_warehouse_ShelfE_01/meshes/aws_robomaker_warehouse_ShelfE_01_collision.DAE
[0.834s] -- Up-to-date: /home/lalit/ros2_ws/src/Anvrit/install/anvrit_gazebo/share/anvrit_gazebo//models/aws_robomaker_warehouse_ShelfE_01/meshes/aws_robomaker_warehouse_ShelfE_01_visual.DAE
[0.834s] -- Up-to-date: /home/lalit/ros2_ws/src/Anvrit/install/anvrit_gazebo/share/anvrit_gazebo//models/aws_robomaker_warehouse_WallB_01
[0.834s] -- Up-to-date: /home/lalit/ros2_ws/src/Anvrit/install/anvrit_gazebo/share/anvrit_gazebo//models/aws_robomaker_warehouse_WallB_01/materials
[0.835s] -- Up-to-date: /home/lalit/ros2_ws/src/Anvrit/install/anvrit_gazebo/share/anvrit_gazebo//models/aws_robomaker_warehouse_WallB_01/materials/textures
[0.835s] -- Up-to-date: /home/lalit/ros2_ws/src/Anvrit/install/anvrit_gazebo/share/anvrit_gazebo//models/aws_robomaker_warehouse_WallB_01/materials/textures/aws_robomaker_warehouse_WallB_01.png
[0.835s] -- Up-to-date: /home/lalit/ros2_ws/src/Anvrit/install/anvrit_gazebo/share/anvrit_gazebo//models/aws_robomaker_warehouse_WallB_01/model.config
[0.835s] -- Up-to-date: /home/lalit/ros2_ws/src/Anvrit/install/anvrit_gazebo/share/anvrit_gazebo//models/aws_robomaker_warehouse_WallB_01/model.sdf
[0.835s] -- Up-to-date: /home/lalit/ros2_ws/src/Anvrit/install/anvrit_gazebo/share/anvrit_gazebo//models/aws_robomaker_warehouse_WallB_01/meshes
[0.835s] -- Up-to-date: /home/lalit/ros2_ws/src/Anvrit/install/anvrit_gazebo/share/anvrit_gazebo//models/aws_robomaker_warehouse_WallB_01/meshes/aws_robomaker_warehouse_WallB_01_collision.DAE
[0.835s] -- Up-to-date: /home/lalit/ros2_ws/src/Anvrit/install/anvrit_gazebo/share/anvrit_gazebo//models/aws_robomaker_warehouse_WallB_01/meshes/aws_robomaker_warehouse_WallB_01_visual.DAE
[0.835s] -- Up-to-date: /home/lalit/ros2_ws/src/Anvrit/install/anvrit_gazebo/share/anvrit_gazebo//models/aws_robomaker_warehouse_ClutteringC_01
[0.835s] -- Up-to-date: /home/lalit/ros2_ws/src/Anvrit/install/anvrit_gazebo/share/anvrit_gazebo//models/aws_robomaker_warehouse_ClutteringC_01/materials
[0.835s] -- Up-to-date: /home/lalit/ros2_ws/src/Anvrit/install/anvrit_gazebo/share/anvrit_gazebo//models/aws_robomaker_warehouse_ClutteringC_01/materials/textures
[0.836s] -- Up-to-date: /home/lalit/ros2_ws/src/Anvrit/install/anvrit_gazebo/share/anvrit_gazebo//models/aws_robomaker_warehouse_ClutteringC_01/materials/textures/aws_robomaker_warehouse_ClutteringC_01.png
[0.838s] -- Up-to-date: /home/lalit/ros2_ws/src/Anvrit/install/anvrit_gazebo/share/anvrit_gazebo//models/aws_robomaker_warehouse_ClutteringC_01/materials/textures/aws_robomaker_warehouse_ClutteringC_02.png
[0.839s] -- Up-to-date: /home/lalit/ros2_ws/src/Anvrit/install/anvrit_gazebo/share/anvrit_gazebo//models/aws_robomaker_warehouse_ClutteringC_01/model.config
[0.839s] -- Up-to-date: /home/lalit/ros2_ws/src/Anvrit/install/anvrit_gazebo/share/anvrit_gazebo//models/aws_robomaker_warehouse_ClutteringC_01/model.sdf
[0.839s] -- Up-to-date: /home/lalit/ros2_ws/src/Anvrit/install/anvrit_gazebo/share/anvrit_gazebo//models/aws_robomaker_warehouse_ClutteringC_01/meshes
[0.839s] -- Up-to-date: /home/lalit/ros2_ws/src/Anvrit/install/anvrit_gazebo/share/anvrit_gazebo//models/aws_robomaker_warehouse_ClutteringC_01/meshes/aws_robomaker_warehouse_ClutteringC_01_collision.DAE
[0.840s] -- Up-to-date: /home/lalit/ros2_ws/src/Anvrit/install/anvrit_gazebo/share/anvrit_gazebo//models/aws_robomaker_warehouse_ClutteringC_01/meshes/aws_robomaker_warehouse_ClutteringC_01_visual.DAE
[0.840s] -- Up-to-date: /home/lalit/ros2_ws/src/Anvrit/install/anvrit_gazebo/share/anvrit_gazebo//models/aws_robomaker_warehouse_ShelfF_01
[0.840s] -- Up-to-date: /home/lalit/ros2_ws/src/Anvrit/install/anvrit_gazebo/share/anvrit_gazebo//models/aws_robomaker_warehouse_ShelfF_01/materials
[0.841s] -- Up-to-date: /home/lalit/ros2_ws/src/Anvrit/install/anvrit_gazebo/share/anvrit_gazebo//models/aws_robomaker_warehouse_ShelfF_01/materials/textures
[0.841s] -- Up-to-date: /home/lalit/ros2_ws/src/Anvrit/install/anvrit_gazebo/share/anvrit_gazebo//models/aws_robomaker_warehouse_ShelfF_01/materials/textures/aws_robomaker_warehouse_ShelfF_02.png
[0.841s] -- Up-to-date: /home/lalit/ros2_ws/src/Anvrit/install/anvrit_gazebo/share/anvrit_gazebo//models/aws_robomaker_warehouse_ShelfF_01/materials/textures/aws_robomaker_warehouse_ShelfF_03.png
[0.841s] -- Up-to-date: /home/lalit/ros2_ws/src/Anvrit/install/anvrit_gazebo/share/anvrit_gazebo//models/aws_robomaker_warehouse_ShelfF_01/materials/textures/aws_robomaker_warehouse_ShelfF_01.png
[0.841s] -- Up-to-date: /home/lalit/ros2_ws/src/Anvrit/install/anvrit_gazebo/share/anvrit_gazebo//models/aws_robomaker_warehouse_ShelfF_01/model.config
[0.841s] -- Up-to-date: /home/lalit/ros2_ws/src/Anvrit/install/anvrit_gazebo/share/anvrit_gazebo//models/aws_robomaker_warehouse_ShelfF_01/model.sdf
[0.841s] -- Up-to-date: /home/lalit/ros2_ws/src/Anvrit/install/anvrit_gazebo/share/anvrit_gazebo//models/aws_robomaker_warehouse_ShelfF_01/meshes
[0.842s] -- Up-to-date: /home/lalit/ros2_ws/src/Anvrit/install/anvrit_gazebo/share/anvrit_gazebo//models/aws_robomaker_warehouse_ShelfF_01/meshes/aws_robomaker_warehouse_ShelfF_01_collision.DAE
[0.842s] -- Up-to-date: /home/lalit/ros2_ws/src/Anvrit/install/anvrit_gazebo/share/anvrit_gazebo//models/aws_robomaker_warehouse_ShelfF_01/meshes/aws_robomaker_warehouse_ShelfF_01_visual.DAE
[0.842s] -- Up-to-date: /home/lalit/ros2_ws/src/Anvrit/install/anvrit_gazebo/share/anvrit_gazebo//models/aws_robomaker_warehouse_PalletJackB_01
[0.843s] -- Up-to-date: /home/lalit/ros2_ws/src/Anvrit/install/anvrit_gazebo/share/anvrit_gazebo//models/aws_robomaker_warehouse_PalletJackB_01/materials
[0.843s] -- Up-to-date: /home/lalit/ros2_ws/src/Anvrit/install/anvrit_gazebo/share/anvrit_gazebo//models/aws_robomaker_warehouse_PalletJackB_01/materials/.DS_Store
[0.843s] -- Up-to-date: /home/lalit/ros2_ws/src/Anvrit/install/anvrit_gazebo/share/anvrit_gazebo//models/aws_robomaker_warehouse_PalletJackB_01/materials/textures
[0.843s] -- Up-to-date: /home/lalit/ros2_ws/src/Anvrit/install/anvrit_gazebo/share/anvrit_gazebo//models/aws_robomaker_warehouse_PalletJackB_01/materials/textures/aws_robomaker_warehouse_PalletJackB_01.png
[0.843s] -- Up-to-date: /home/lalit/ros2_ws/src/Anvrit/install/anvrit_gazebo/share/anvrit_gazebo//models/aws_robomaker_warehouse_PalletJackB_01/materials/textures/aws_robomaker_warehouse_PalletJackB_02.png
[0.843s] -- Up-to-date: /home/lalit/ros2_ws/src/Anvrit/install/anvrit_gazebo/share/anvrit_gazebo//models/aws_robomaker_warehouse_PalletJackB_01/.DS_Store
[0.843s] -- Up-to-date: /home/lalit/ros2_ws/src/Anvrit/install/anvrit_gazebo/share/anvrit_gazebo//models/aws_robomaker_warehouse_PalletJackB_01/model.config
[0.843s] -- Up-to-date: /home/lalit/ros2_ws/src/Anvrit/install/anvrit_gazebo/share/anvrit_gazebo//models/aws_robomaker_warehouse_PalletJackB_01/model.sdf
[0.844s] -- Up-to-date: /home/lalit/ros2_ws/src/Anvrit/install/anvrit_gazebo/share/anvrit_gazebo//models/aws_robomaker_warehouse_PalletJackB_01/meshes
[0.844s] -- Up-to-date: /home/lalit/ros2_ws/src/Anvrit/install/anvrit_gazebo/share/anvrit_gazebo//models/aws_robomaker_warehouse_PalletJackB_01/meshes/aws_robomaker_warehouse_PalletJackB_01_collision.DAE
[0.844s] -- Up-to-date: /home/lalit/ros2_ws/src/Anvrit/install/anvrit_gazebo/share/anvrit_gazebo//models/aws_robomaker_warehouse_PalletJackB_01/meshes/aws_robomaker_warehouse_PalletJackB_01_visual.DAE
[0.844s] -- Up-to-date: /home/lalit/ros2_ws/src/Anvrit/install/anvrit_gazebo/share/ament_index/resource_index/package_run_dependencies/anvrit_gazebo
[0.844s] -- Up-to-date: /home/lalit/ros2_ws/src/Anvrit/install/anvrit_gazebo/share/ament_index/resource_index/parent_prefix_path/anvrit_gazebo
[0.844s] -- Up-to-date: /home/lalit/ros2_ws/src/Anvrit/install/anvrit_gazebo/share/anvrit_gazebo/environment/ament_prefix_path.sh
[0.844s] -- Up-to-date: /home/lalit/ros2_ws/src/Anvrit/install/anvrit_gazebo/share/anvrit_gazebo/environment/ament_prefix_path.dsv
[0.844s] -- Up-to-date: /home/lalit/ros2_ws/src/Anvrit/install/anvrit_gazebo/share/anvrit_gazebo/environment/path.sh
[0.844s] -- Up-to-date: /home/lalit/ros2_ws/src/Anvrit/install/anvrit_gazebo/share/anvrit_gazebo/environment/path.dsv
[0.844s] -- Up-to-date: /home/lalit/ros2_ws/src/Anvrit/install/anvrit_gazebo/share/anvrit_gazebo/local_setup.bash
[0.844s] -- Up-to-date: /home/lalit/ros2_ws/src/Anvrit/install/anvrit_gazebo/share/anvrit_gazebo/local_setup.sh
[0.845s] -- Up-to-date: /home/lalit/ros2_ws/src/Anvrit/install/anvrit_gazebo/share/anvrit_gazebo/local_setup.zsh
[0.845s] -- Up-to-date: /home/lalit/ros2_ws/src/Anvrit/install/anvrit_gazebo/share/anvrit_gazebo/local_setup.dsv
[0.845s] -- Up-to-date: /home/lalit/ros2_ws/src/Anvrit/install/anvrit_gazebo/share/anvrit_gazebo/package.dsv
[0.845s] -- Up-to-date: /home/lalit/ros2_ws/src/Anvrit/install/anvrit_gazebo/share/ament_index/resource_index/packages/anvrit_gazebo
[0.845s] -- Up-to-date: /home/lalit/ros2_ws/src/Anvrit/install/anvrit_gazebo/share/anvrit_gazebo/cmake/anvrit_gazeboConfig.cmake
[0.845s] -- Up-to-date: /home/lalit/ros2_ws/src/Anvrit/install/anvrit_gazebo/share/anvrit_gazebo/cmake/anvrit_gazeboConfig-version.cmake
[0.845s] -- Up-to-date: /home/lalit/ros2_ws/src/Anvrit/install/anvrit_gazebo/share/anvrit_gazebo/package.xml
[0.870s] Invoked command in '/home/lalit/ros2_ws/src/Anvrit/build/anvrit_gazebo' returned '0': CMAKE_PREFIX_PATH=${CMAKE_PREFIX_PATH}:/home/lalit/ros2_ws/install/turtle_controller:/home/lalit/ros2_ws/install/nav2_gps_waypoint_follower_demo:/home/lalit/ros2_ws/install/bot_control:/home/lalit/ros2_ws/install/anvrit_odometry:/opt/ros/humble /usr/bin/cmake --install /home/lalit/ros2_ws/src/Anvrit/build/anvrit_gazebo
