[0.323s] DEBUG:colcon:Command line arguments: ['/usr/bin/colcon', 'build', '--packages-select', 'anvrit_odometry']
[0.323s] DEBUG:colcon:Parsed command line arguments: Namespace(log_base=None, log_level=None, verb_name='build', build_base='build', install_base='install', merge_install=False, symlink_install=False, test_result_base=None, continue_on_error=False, executor='parallel', parallel_workers=16, event_handlers=None, ignore_user_meta=False, metas=['./colcon.meta'], base_paths=['.'], packages_ignore=None, packages_ignore_regex=None, paths=None, packages_up_to=None, packages_up_to_regex=None, packages_above=None, packages_above_and_dependencies=None, packages_above_depth=None, packages_select_by_dep=None, packages_skip_by_dep=None, packages_skip_up_to=None, packages_select_build_failed=False, packages_skip_build_finished=False, packages_select_test_failures=False, packages_skip_test_passed=False, packages_select=['anvrit_odometry'], packages_skip=None, packages_select_regex=None, packages_skip_regex=None, packages_start=None, packages_end=None, allow_overriding=[], cmake_args=None, cmake_target=None, cmake_target_skip_unavailable=False, cmake_clean_cache=False, cmake_clean_first=False, cmake_force_configure=False, ament_cmake_args=None, catkin_cmake_args=None, catkin_skip_building_tests=False, mixin_files=None, mixin=None, verb_parser=<colcon_mixin.mixin.mixin_argument.MixinArgumentDecorator object at 0x772634a37ca0>, verb_extension=<colcon_core.verb.build.BuildVerb object at 0x772634a376d0>, main=<bound method BuildVerb.main of <colcon_core.verb.build.BuildVerb object at 0x772634a376d0>>, mixin_verb=('build',))
[0.841s] Level 1:colcon.colcon_core.package_discovery:discover_packages(colcon_meta) check parameters
[0.842s] Level 1:colcon.colcon_core.package_discovery:discover_packages(recursive) check parameters
[0.842s] Level 1:colcon.colcon_core.package_discovery:discover_packages(ignore) check parameters
[0.842s] Level 1:colcon.colcon_core.package_discovery:discover_packages(path) check parameters
[0.842s] Level 1:colcon.colcon_core.package_discovery:discover_packages(colcon_meta) discover
[0.842s] Level 1:colcon.colcon_core.package_discovery:discover_packages(recursive) discover
[0.842s] INFO:colcon.colcon_core.package_discovery:Crawling recursively for packages in '/home/lalit/ros2_ws/src/Anvrit'
[0.843s] Level 1:colcon.colcon_core.package_identification:_identify(.) by extensions ['ignore', 'ignore_ament_install']
[0.843s] Level 1:colcon.colcon_core.package_identification:_identify(.) by extension 'ignore'
[0.843s] Level 1:colcon.colcon_core.package_identification:_identify(.) by extension 'ignore_ament_install'
[0.843s] Level 1:colcon.colcon_core.package_identification:_identify(.) by extensions ['colcon_pkg']
[0.843s] Level 1:colcon.colcon_core.package_identification:_identify(.) by extension 'colcon_pkg'
[0.843s] Level 1:colcon.colcon_core.package_identification:_identify(.) by extensions ['colcon_meta']
[0.843s] Level 1:colcon.colcon_core.package_identification:_identify(.) by extension 'colcon_meta'
[0.843s] Level 1:colcon.colcon_core.package_identification:_identify(.) by extensions ['ros']
[0.843s] Level 1:colcon.colcon_core.package_identification:_identify(.) by extension 'ros'
[0.868s] Level 1:colcon.colcon_core.package_identification:_identify(.) by extensions ['cmake', 'python']
[0.869s] Level 1:colcon.colcon_core.package_identification:_identify(.) by extension 'cmake'
[0.869s] Level 1:colcon.colcon_core.package_identification:_identify(.) by extension 'python'
[0.869s] Level 1:colcon.colcon_core.package_identification:_identify(.) by extensions ['python_setup_py']
[0.869s] Level 1:colcon.colcon_core.package_identification:_identify(.) by extension 'python_setup_py'
[0.869s] Level 1:colcon.colcon_core.package_identification:_identify(anvrit_description) by extensions ['ignore', 'ignore_ament_install']
[0.870s] Level 1:colcon.colcon_core.package_identification:_identify(anvrit_description) by extension 'ignore'
[0.870s] Level 1:colcon.colcon_core.package_identification:_identify(anvrit_description) by extension 'ignore_ament_install'
[0.870s] Level 1:colcon.colcon_core.package_identification:_identify(anvrit_description) by extensions ['colcon_pkg']
[0.870s] Level 1:colcon.colcon_core.package_identification:_identify(anvrit_description) by extension 'colcon_pkg'
[0.870s] Level 1:colcon.colcon_core.package_identification:_identify(anvrit_description) by extensions ['colcon_meta']
[0.870s] Level 1:colcon.colcon_core.package_identification:_identify(anvrit_description) by extension 'colcon_meta'
[0.870s] Level 1:colcon.colcon_core.package_identification:_identify(anvrit_description) by extensions ['ros']
[0.870s] Level 1:colcon.colcon_core.package_identification:_identify(anvrit_description) by extension 'ros'
[0.875s] DEBUG:colcon.colcon_core.package_identification:Package 'anvrit_description' with type 'ros.ament_cmake' and name 'anvrit_description'
[0.875s] Level 1:colcon.colcon_core.package_identification:_identify(anvrit_gazebo) by extensions ['ignore', 'ignore_ament_install']
[0.875s] Level 1:colcon.colcon_core.package_identification:_identify(anvrit_gazebo) by extension 'ignore'
[0.875s] Level 1:colcon.colcon_core.package_identification:_identify(anvrit_gazebo) by extension 'ignore_ament_install'
[0.876s] Level 1:colcon.colcon_core.package_identification:_identify(anvrit_gazebo) by extensions ['colcon_pkg']
[0.876s] Level 1:colcon.colcon_core.package_identification:_identify(anvrit_gazebo) by extension 'colcon_pkg'
[0.876s] Level 1:colcon.colcon_core.package_identification:_identify(anvrit_gazebo) by extensions ['colcon_meta']
[0.876s] Level 1:colcon.colcon_core.package_identification:_identify(anvrit_gazebo) by extension 'colcon_meta'
[0.876s] Level 1:colcon.colcon_core.package_identification:_identify(anvrit_gazebo) by extensions ['ros']
[0.876s] Level 1:colcon.colcon_core.package_identification:_identify(anvrit_gazebo) by extension 'ros'
[0.877s] DEBUG:colcon.colcon_core.package_identification:Package 'anvrit_gazebo' with type 'ros.ament_cmake' and name 'anvrit_gazebo'
[0.877s] Level 1:colcon.colcon_core.package_identification:_identify(anvrit_navigation) by extensions ['ignore', 'ignore_ament_install']
[0.879s] Level 1:colcon.colcon_core.package_identification:_identify(anvrit_navigation) by extension 'ignore'
[0.879s] Level 1:colcon.colcon_core.package_identification:_identify(anvrit_navigation) by extension 'ignore_ament_install'
[0.879s] Level 1:colcon.colcon_core.package_identification:_identify(anvrit_navigation) by extensions ['colcon_pkg']
[0.879s] Level 1:colcon.colcon_core.package_identification:_identify(anvrit_navigation) by extension 'colcon_pkg'
[0.880s] Level 1:colcon.colcon_core.package_identification:_identify(anvrit_navigation) by extensions ['colcon_meta']
[0.880s] Level 1:colcon.colcon_core.package_identification:_identify(anvrit_navigation) by extension 'colcon_meta'
[0.880s] Level 1:colcon.colcon_core.package_identification:_identify(anvrit_navigation) by extensions ['ros']
[0.880s] Level 1:colcon.colcon_core.package_identification:_identify(anvrit_navigation) by extension 'ros'
[0.882s] DEBUG:colcon.colcon_core.package_identification:Package 'anvrit_navigation' with type 'ros.ament_python' and name 'anvrit_navigation'
[0.882s] Level 1:colcon.colcon_core.package_identification:_identify(anvrit_odometry) by extensions ['ignore', 'ignore_ament_install']
[0.882s] Level 1:colcon.colcon_core.package_identification:_identify(anvrit_odometry) by extension 'ignore'
[0.882s] Level 1:colcon.colcon_core.package_identification:_identify(anvrit_odometry) by extension 'ignore_ament_install'
[0.882s] Level 1:colcon.colcon_core.package_identification:_identify(anvrit_odometry) by extensions ['colcon_pkg']
[0.882s] Level 1:colcon.colcon_core.package_identification:_identify(anvrit_odometry) by extension 'colcon_pkg'
[0.882s] Level 1:colcon.colcon_core.package_identification:_identify(anvrit_odometry) by extensions ['colcon_meta']
[0.882s] Level 1:colcon.colcon_core.package_identification:_identify(anvrit_odometry) by extension 'colcon_meta'
[0.882s] Level 1:colcon.colcon_core.package_identification:_identify(anvrit_odometry) by extensions ['ros']
[0.882s] Level 1:colcon.colcon_core.package_identification:_identify(anvrit_odometry) by extension 'ros'
[0.883s] DEBUG:colcon.colcon_core.package_identification:Package 'anvrit_odometry' with type 'ros.ament_python' and name 'anvrit_odometry'
[0.883s] Level 1:colcon.colcon_core.package_identification:_identify(build) by extensions ['ignore', 'ignore_ament_install']
[0.883s] Level 1:colcon.colcon_core.package_identification:_identify(build) by extension 'ignore'
[0.884s] Level 1:colcon.colcon_core.package_identification:_identify(build) ignored
[0.884s] Level 1:colcon.colcon_core.package_identification:_identify(install) by extensions ['ignore', 'ignore_ament_install']
[0.884s] Level 1:colcon.colcon_core.package_identification:_identify(install) by extension 'ignore'
[0.884s] Level 1:colcon.colcon_core.package_identification:_identify(install) ignored
[0.884s] Level 1:colcon.colcon_core.package_identification:_identify(log) by extensions ['ignore', 'ignore_ament_install']
[0.884s] Level 1:colcon.colcon_core.package_identification:_identify(log) by extension 'ignore'
[0.884s] Level 1:colcon.colcon_core.package_identification:_identify(log) ignored
[0.884s] Level 1:colcon.colcon_core.package_discovery:discover_packages(recursive) using defaults
[0.884s] Level 1:colcon.colcon_core.package_discovery:discover_packages(ignore) discover
[0.884s] Level 1:colcon.colcon_core.package_discovery:discover_packages(ignore) using defaults
[0.884s] Level 1:colcon.colcon_core.package_discovery:discover_packages(path) discover
[0.884s] Level 1:colcon.colcon_core.package_discovery:discover_packages(path) using defaults
[0.940s] INFO:colcon.colcon_core.package_selection:Skipping not selected package 'anvrit_description' in 'anvrit_description'
[0.940s] INFO:colcon.colcon_core.package_selection:Skipping not selected package 'anvrit_gazebo' in 'anvrit_gazebo'
[0.941s] INFO:colcon.colcon_core.package_selection:Skipping not selected package 'anvrit_navigation' in 'anvrit_navigation'
[0.942s] Level 1:colcon.colcon_core.package_discovery:discover_packages(prefix_path) check parameters
[0.942s] Level 1:colcon.colcon_core.package_discovery:discover_packages(prefix_path) discover
[0.956s] DEBUG:colcon.colcon_installed_package_information.package_discovery:Found 4 installed packages in /home/lalit/ros2_ws/src/Anvrit/install
[0.963s] DEBUG:colcon.colcon_installed_package_information.package_discovery:Found 9 installed packages in /home/lalit/ros2_ws/install
[0.967s] DEBUG:colcon.colcon_installed_package_information.package_discovery:Found 419 installed packages in /opt/ros/humble
[0.971s] Level 1:colcon.colcon_core.package_discovery:discover_packages(prefix_path) using defaults
[1.151s] Level 5:colcon.colcon_core.verb:set package 'anvrit_odometry' build argument 'cmake_args' from command line to 'None'
[1.151s] Level 5:colcon.colcon_core.verb:set package 'anvrit_odometry' build argument 'cmake_target' from command line to 'None'
[1.151s] Level 5:colcon.colcon_core.verb:set package 'anvrit_odometry' build argument 'cmake_target_skip_unavailable' from command line to 'False'
[1.151s] Level 5:colcon.colcon_core.verb:set package 'anvrit_odometry' build argument 'cmake_clean_cache' from command line to 'False'
[1.151s] Level 5:colcon.colcon_core.verb:set package 'anvrit_odometry' build argument 'cmake_clean_first' from command line to 'False'
[1.151s] Level 5:colcon.colcon_core.verb:set package 'anvrit_odometry' build argument 'cmake_force_configure' from command line to 'False'
[1.151s] Level 5:colcon.colcon_core.verb:set package 'anvrit_odometry' build argument 'ament_cmake_args' from command line to 'None'
[1.151s] Level 5:colcon.colcon_core.verb:set package 'anvrit_odometry' build argument 'catkin_cmake_args' from command line to 'None'
[1.151s] Level 5:colcon.colcon_core.verb:set package 'anvrit_odometry' build argument 'catkin_skip_building_tests' from command line to 'False'
[1.152s] DEBUG:colcon.colcon_core.verb:Building package 'anvrit_odometry' with the following arguments: {'ament_cmake_args': None, 'build_base': '/home/lalit/ros2_ws/src/Anvrit/build/anvrit_odometry', 'catkin_cmake_args': None, 'catkin_skip_building_tests': False, 'cmake_args': None, 'cmake_clean_cache': False, 'cmake_clean_first': False, 'cmake_force_configure': False, 'cmake_target': None, 'cmake_target_skip_unavailable': False, 'install_base': '/home/lalit/ros2_ws/src/Anvrit/install/anvrit_odometry', 'merge_install': False, 'path': '/home/lalit/ros2_ws/src/Anvrit/anvrit_odometry', 'symlink_install': False, 'test_result_base': None}
[1.152s] INFO:colcon.colcon_core.executor:Executing jobs using 'parallel' executor
[1.153s] DEBUG:colcon.colcon_parallel_executor.executor.parallel:run_until_complete
[1.153s] INFO:colcon.colcon_ros.task.ament_python.build:Building ROS package in '/home/lalit/ros2_ws/src/Anvrit/anvrit_odometry' with build type 'ament_python'
[1.154s] Level 1:colcon.colcon_core.shell:create_environment_hook('anvrit_odometry', 'ament_prefix_path')
[1.160s] INFO:colcon.colcon_core.plugin_system:Skipping extension 'colcon_core.shell.bat': Not used on non-Windows systems
[1.160s] INFO:colcon.colcon_core.shell:Creating environment hook '/home/lalit/ros2_ws/src/Anvrit/install/anvrit_odometry/share/anvrit_odometry/hook/ament_prefix_path.ps1'
[1.162s] INFO:colcon.colcon_core.shell:Creating environment descriptor '/home/lalit/ros2_ws/src/Anvrit/install/anvrit_odometry/share/anvrit_odometry/hook/ament_prefix_path.dsv'
[1.163s] INFO:colcon.colcon_core.shell:Creating environment hook '/home/lalit/ros2_ws/src/Anvrit/install/anvrit_odometry/share/anvrit_odometry/hook/ament_prefix_path.sh'
[1.165s] INFO:colcon.colcon_core.shell:Skip shell extension 'powershell' for command environment: Not usable outside of PowerShell
[1.165s] DEBUG:colcon.colcon_core.shell:Skip shell extension 'dsv' for command environment
[1.573s] INFO:colcon.colcon_core.task.python.build:Building Python package in '/home/lalit/ros2_ws/src/Anvrit/anvrit_odometry'
[1.573s] INFO:colcon.colcon_core.shell:Skip shell extension 'powershell' for command environment: Not usable outside of PowerShell
[1.573s] DEBUG:colcon.colcon_core.shell:Skip shell extension 'dsv' for command environment
[2.291s] DEBUG:colcon.colcon_core.event_handler.log_command:Invoking command in '/home/lalit/ros2_ws/src/Anvrit/anvrit_odometry': PYTHONPATH=/home/lalit/ros2_ws/src/Anvrit/build/anvrit_odometry/prefix_override:/usr/lib/python3/dist-packages/colcon_core/task/python/colcon_distutils_commands:/home/lalit/ros2_ws/src/Anvrit/install/anvrit_odometry/lib/python3.10/site-packages:${PYTHONPATH} /usr/bin/python3 -W ignore:setup.py install is deprecated setup.py egg_info --egg-base ../build/anvrit_odometry build --build-base /home/lalit/ros2_ws/src/Anvrit/build/anvrit_odometry/build install --record /home/lalit/ros2_ws/src/Anvrit/build/anvrit_odometry/install.log --single-version-externally-managed install_data
[2.720s] DEBUG:colcon.colcon_core.event_handler.log_command:Invoked command in '/home/lalit/ros2_ws/src/Anvrit/anvrit_odometry' returned '0': PYTHONPATH=/home/lalit/ros2_ws/src/Anvrit/build/anvrit_odometry/prefix_override:/usr/lib/python3/dist-packages/colcon_core/task/python/colcon_distutils_commands:/home/lalit/ros2_ws/src/Anvrit/install/anvrit_odometry/lib/python3.10/site-packages:${PYTHONPATH} /usr/bin/python3 -W ignore:setup.py install is deprecated setup.py egg_info --egg-base ../build/anvrit_odometry build --build-base /home/lalit/ros2_ws/src/Anvrit/build/anvrit_odometry/build install --record /home/lalit/ros2_ws/src/Anvrit/build/anvrit_odometry/install.log --single-version-externally-managed install_data
[2.732s] Level 1:colcon.colcon_core.environment:checking '/home/lalit/ros2_ws/src/Anvrit/install/anvrit_odometry' for CMake module files
[2.733s] Level 1:colcon.colcon_core.environment:checking '/home/lalit/ros2_ws/src/Anvrit/install/anvrit_odometry' for CMake config files
[2.736s] Level 1:colcon.colcon_core.environment:checking '/home/lalit/ros2_ws/src/Anvrit/install/anvrit_odometry/lib'
[2.737s] Level 1:colcon.colcon_core.environment:checking '/home/lalit/ros2_ws/src/Anvrit/install/anvrit_odometry/bin'
[2.737s] Level 1:colcon.colcon_core.environment:checking '/home/lalit/ros2_ws/src/Anvrit/install/anvrit_odometry/lib/pkgconfig/anvrit_odometry.pc'
[2.737s] Level 1:colcon.colcon_core.environment:checking '/home/lalit/ros2_ws/src/Anvrit/install/anvrit_odometry/lib/python3.10/site-packages'
[2.737s] Level 1:colcon.colcon_core.shell:create_environment_hook('anvrit_odometry', 'pythonpath')
[2.738s] INFO:colcon.colcon_core.shell:Creating environment hook '/home/lalit/ros2_ws/src/Anvrit/install/anvrit_odometry/share/anvrit_odometry/hook/pythonpath.ps1'
[2.738s] INFO:colcon.colcon_core.shell:Creating environment descriptor '/home/lalit/ros2_ws/src/Anvrit/install/anvrit_odometry/share/anvrit_odometry/hook/pythonpath.dsv'
[2.739s] INFO:colcon.colcon_core.shell:Creating environment hook '/home/lalit/ros2_ws/src/Anvrit/install/anvrit_odometry/share/anvrit_odometry/hook/pythonpath.sh'
[2.740s] Level 1:colcon.colcon_core.environment:checking '/home/lalit/ros2_ws/src/Anvrit/install/anvrit_odometry/bin'
[2.740s] Level 1:colcon.colcon_core.environment:create_environment_scripts_only(anvrit_odometry)
[2.740s] INFO:colcon.colcon_core.shell:Creating package script '/home/lalit/ros2_ws/src/Anvrit/install/anvrit_odometry/share/anvrit_odometry/package.ps1'
[2.742s] INFO:colcon.colcon_core.shell:Creating package descriptor '/home/lalit/ros2_ws/src/Anvrit/install/anvrit_odometry/share/anvrit_odometry/package.dsv'
[2.743s] INFO:colcon.colcon_core.shell:Creating package script '/home/lalit/ros2_ws/src/Anvrit/install/anvrit_odometry/share/anvrit_odometry/package.sh'
[2.745s] INFO:colcon.colcon_core.shell:Creating package script '/home/lalit/ros2_ws/src/Anvrit/install/anvrit_odometry/share/anvrit_odometry/package.bash'
[2.747s] INFO:colcon.colcon_core.shell:Creating package script '/home/lalit/ros2_ws/src/Anvrit/install/anvrit_odometry/share/anvrit_odometry/package.zsh'
[2.750s] Level 1:colcon.colcon_core.environment:create_file_with_runtime_dependencies(/home/lalit/ros2_ws/src/Anvrit/install/anvrit_odometry/share/colcon-core/packages/anvrit_odometry)
[2.750s] DEBUG:colcon.colcon_parallel_executor.executor.parallel:closing loop
[2.751s] DEBUG:colcon.colcon_parallel_executor.executor.parallel:loop closed
[2.752s] DEBUG:colcon.colcon_parallel_executor.executor.parallel:run_until_complete finished with '0'
[2.752s] DEBUG:colcon.colcon_core.event_reactor:joining thread
[2.770s] INFO:colcon.colcon_core.plugin_system:Skipping extension 'colcon_notification.desktop_notification.terminal_notifier': Not used on non-Darwin systems
[2.771s] INFO:colcon.colcon_core.plugin_system:Skipping extension 'colcon_notification.desktop_notification.win32': Not used on non-Windows systems
[2.771s] INFO:colcon.colcon_notification.desktop_notification:Sending desktop notification using 'notify2'
[2.804s] DEBUG:colcon.colcon_core.event_reactor:joined thread
[2.805s] INFO:colcon.colcon_core.shell:Creating prefix script '/home/lalit/ros2_ws/src/Anvrit/install/local_setup.ps1'
[2.808s] INFO:colcon.colcon_core.shell:Creating prefix util module '/home/lalit/ros2_ws/src/Anvrit/install/_local_setup_util_ps1.py'
[2.812s] INFO:colcon.colcon_core.shell:Creating prefix chain script '/home/lalit/ros2_ws/src/Anvrit/install/setup.ps1'
[2.817s] INFO:colcon.colcon_core.shell:Creating prefix script '/home/lalit/ros2_ws/src/Anvrit/install/local_setup.sh'
[2.820s] INFO:colcon.colcon_core.shell:Creating prefix util module '/home/lalit/ros2_ws/src/Anvrit/install/_local_setup_util_sh.py'
[2.822s] INFO:colcon.colcon_core.shell:Creating prefix chain script '/home/lalit/ros2_ws/src/Anvrit/install/setup.sh'
[2.827s] INFO:colcon.colcon_core.shell:Creating prefix script '/home/lalit/ros2_ws/src/Anvrit/install/local_setup.bash'
[2.829s] INFO:colcon.colcon_core.shell:Creating prefix chain script '/home/lalit/ros2_ws/src/Anvrit/install/setup.bash'
[2.832s] INFO:colcon.colcon_core.shell:Creating prefix script '/home/lalit/ros2_ws/src/Anvrit/install/local_setup.zsh'
[2.834s] INFO:colcon.colcon_core.shell:Creating prefix chain script '/home/lalit/ros2_ws/src/Anvrit/install/setup.zsh'
