[0.804s] Invoking command in '/home/lalit/cyb_ws/src/Anvrit/anvrit_odometry': PYTHONPATH=/home/lalit/cyb_ws/build/anvrit_odometry/prefix_override:/usr/lib/python3/dist-packages/colcon_core/task/python/colcon_distutils_commands:/home/lalit/cyb_ws/install/anvrit_odometry/lib/python3.10/site-packages:${PYTHONPATH} /usr/bin/python3 -W ignore:setup.py install is deprecated setup.py egg_info --egg-base ../../../build/anvrit_odometry build --build-base /home/lalit/cyb_ws/build/anvrit_odometry/build install --record /home/lalit/cyb_ws/build/anvrit_odometry/install.log --single-version-externally-managed install_data
[1.109s] running egg_info
[1.110s] writing ../../../build/anvrit_odometry/anvrit_odometry.egg-info/PKG-INFO
[1.110s] writing dependency_links to ../../../build/anvrit_odometry/anvrit_odometry.egg-info/dependency_links.txt
[1.110s] writing entry points to ../../../build/anvrit_odometry/anvrit_odometry.egg-info/entry_points.txt
[1.110s] writing requirements to ../../../build/anvrit_odometry/anvrit_odometry.egg-info/requires.txt
[1.111s] writing top-level names to ../../../build/anvrit_odometry/anvrit_odometry.egg-info/top_level.txt
[1.112s] reading manifest file '../../../build/anvrit_odometry/anvrit_odometry.egg-info/SOURCES.txt'
[1.113s] writing manifest file '../../../build/anvrit_odometry/anvrit_odometry.egg-info/SOURCES.txt'
[1.114s] running build
[1.114s] running build_py
[1.114s] copying anvrit_odometry/ticks_pub.py -> /home/lalit/cyb_ws/build/anvrit_odometry/build/lib/anvrit_odometry
[1.114s] running install
[1.114s] running install_lib
[1.115s] copying /home/lalit/cyb_ws/build/anvrit_odometry/build/lib/anvrit_odometry/ticks_pub.py -> /home/lalit/cyb_ws/install/anvrit_odometry/lib/python3.10/site-packages/anvrit_odometry
[1.116s] byte-compiling /home/lalit/cyb_ws/install/anvrit_odometry/lib/python3.10/site-packages/anvrit_odometry/ticks_pub.py to ticks_pub.cpython-310.pyc
[1.117s] running install_data
[1.117s] running install_egg_info
[1.120s] removing '/home/lalit/cyb_ws/install/anvrit_odometry/lib/python3.10/site-packages/anvrit_odometry-0.0.0-py3.10.egg-info' (and everything under it)
[1.120s] Copying ../../../build/anvrit_odometry/anvrit_odometry.egg-info to /home/lalit/cyb_ws/install/anvrit_odometry/lib/python3.10/site-packages/anvrit_odometry-0.0.0-py3.10.egg-info
[1.121s] running install_scripts
[1.145s] Installing odm_gen1 script to /home/lalit/cyb_ws/install/anvrit_odometry/lib/anvrit_odometry
[1.146s] Installing odometry_gen script to /home/lalit/cyb_ws/install/anvrit_odometry/lib/anvrit_odometry
[1.146s] Installing pid script to /home/lalit/cyb_ws/install/anvrit_odometry/lib/anvrit_odometry
[1.146s] Installing rpm_gen script to /home/lalit/cyb_ws/install/anvrit_odometry/lib/anvrit_odometry
[1.146s] Installing teleop script to /home/lalit/cyb_ws/install/anvrit_odometry/lib/anvrit_odometry
[1.146s] Installing ticks_publisher script to /home/lalit/cyb_ws/install/anvrit_odometry/lib/anvrit_odometry
[1.146s] writing list of installed files to '/home/lalit/cyb_ws/build/anvrit_odometry/install.log'
[1.179s] Invoked command in '/home/lalit/cyb_ws/src/Anvrit/anvrit_odometry' returned '0': PYTHONPATH=/home/lalit/cyb_ws/build/anvrit_odometry/prefix_override:/usr/lib/python3/dist-packages/colcon_core/task/python/colcon_distutils_commands:/home/lalit/cyb_ws/install/anvrit_odometry/lib/python3.10/site-packages:${PYTHONPATH} /usr/bin/python3 -W ignore:setup.py install is deprecated setup.py egg_info --egg-base ../../../build/anvrit_odometry build --build-base /home/lalit/cyb_ws/build/anvrit_odometry/build install --record /home/lalit/cyb_ws/build/anvrit_odometry/install.log --single-version-externally-managed install_data
