[1.745s] Invoking command in '/home/lalit/cyb_ws/src/Anvrit/anvrit_odometry': PYTHONPATH=/home/lalit/cyb_ws/build/anvrit_odometry/prefix_override:/usr/lib/python3/dist-packages/colcon_core/task/python/colcon_distutils_commands:/home/lalit/cyb_ws/install/anvrit_odometry/lib/python3.10/site-packages:${PYTHONPATH} /usr/bin/python3 -W ignore:setup.py install is deprecated setup.py egg_info --egg-base ../../../build/anvrit_odometry build --build-base /home/lalit/cyb_ws/build/anvrit_odometry/build install --record /home/lalit/cyb_ws/build/anvrit_odometry/install.log --single-version-externally-managed install_data
[2.185s] running egg_info
[2.187s] writing ../../../build/anvrit_odometry/anvrit_odometry.egg-info/PKG-INFO
[2.187s] writing dependency_links to ../../../build/anvrit_odometry/anvrit_odometry.egg-info/dependency_links.txt
[2.187s] writing entry points to ../../../build/anvrit_odometry/anvrit_odometry.egg-info/entry_points.txt
[2.188s] writing requirements to ../../../build/anvrit_odometry/anvrit_odometry.egg-info/requires.txt
[2.188s] writing top-level names to ../../../build/anvrit_odometry/anvrit_odometry.egg-info/top_level.txt
[2.190s] reading manifest file '../../../build/anvrit_odometry/anvrit_odometry.egg-info/SOURCES.txt'
[2.192s] writing manifest file '../../../build/anvrit_odometry/anvrit_odometry.egg-info/SOURCES.txt'
[2.192s] running build
[2.193s] running build_py
[2.193s] copying anvrit_odometry/odometry_gen.py -> /home/lalit/cyb_ws/build/anvrit_odometry/build/lib/anvrit_odometry
[2.194s] running install
[2.195s] running install_lib
[2.196s] copying /home/lalit/cyb_ws/build/anvrit_odometry/build/lib/anvrit_odometry/odometry_gen.py -> /home/lalit/cyb_ws/install/anvrit_odometry/lib/python3.10/site-packages/anvrit_odometry
[2.197s] byte-compiling /home/lalit/cyb_ws/install/anvrit_odometry/lib/python3.10/site-packages/anvrit_odometry/odometry_gen.py to odometry_gen.cpython-310.pyc
[2.200s] running install_data
[2.200s] copying launch/visual.launch.py -> /home/lalit/cyb_ws/install/anvrit_odometry/share/anvrit_odometry/launch
[2.200s] running install_egg_info
[2.206s] removing '/home/lalit/cyb_ws/install/anvrit_odometry/lib/python3.10/site-packages/anvrit_odometry-0.0.0-py3.10.egg-info' (and everything under it)
[2.207s] Copying ../../../build/anvrit_odometry/anvrit_odometry.egg-info to /home/lalit/cyb_ws/install/anvrit_odometry/lib/python3.10/site-packages/anvrit_odometry-0.0.0-py3.10.egg-info
[2.210s] running install_scripts
[2.252s] Installing odometry_gen script to /home/lalit/cyb_ws/install/anvrit_odometry/lib/anvrit_odometry
[2.252s] Installing pid script to /home/lalit/cyb_ws/install/anvrit_odometry/lib/anvrit_odometry
[2.253s] Installing rpm_gen script to /home/lalit/cyb_ws/install/anvrit_odometry/lib/anvrit_odometry
[2.253s] Installing teleop script to /home/lalit/cyb_ws/install/anvrit_odometry/lib/anvrit_odometry
[2.253s] Installing ticks_publisher script to /home/lalit/cyb_ws/install/anvrit_odometry/lib/anvrit_odometry
[2.254s] writing list of installed files to '/home/lalit/cyb_ws/build/anvrit_odometry/install.log'
[2.299s] Invoked command in '/home/lalit/cyb_ws/src/Anvrit/anvrit_odometry' returned '0': PYTHONPATH=/home/lalit/cyb_ws/build/anvrit_odometry/prefix_override:/usr/lib/python3/dist-packages/colcon_core/task/python/colcon_distutils_commands:/home/lalit/cyb_ws/install/anvrit_odometry/lib/python3.10/site-packages:${PYTHONPATH} /usr/bin/python3 -W ignore:setup.py install is deprecated setup.py egg_info --egg-base ../../../build/anvrit_odometry build --build-base /home/lalit/cyb_ws/build/anvrit_odometry/build install --record /home/lalit/cyb_ws/build/anvrit_odometry/install.log --single-version-externally-managed install_data
