/home/lalit/cyb_ws/install/anvrit_odometry/lib/python3.10/site-packages/anvrit_odometry/teleop.py
/home/lalit/cyb_ws/install/anvrit_odometry/lib/python3.10/site-packages/anvrit_odometry/ticks_pub.py
/home/lalit/cyb_ws/install/anvrit_odometry/lib/python3.10/site-packages/anvrit_odometry/test.py
/home/lalit/cyb_ws/install/anvrit_odometry/lib/python3.10/site-packages/anvrit_odometry/rpm_gen.py
/home/lalit/cyb_ws/install/anvrit_odometry/lib/python3.10/site-packages/anvrit_odometry/controller.py
/home/lalit/cyb_ws/install/anvrit_odometry/lib/python3.10/site-packages/anvrit_odometry/odm_gen.py
/home/lalit/cyb_ws/install/anvrit_odometry/lib/python3.10/site-packages/anvrit_odometry/__init__.py
/home/lalit/cyb_ws/install/anvrit_odometry/lib/python3.10/site-packages/anvrit_odometry/odometry_gen.py
/home/lalit/cyb_ws/install/anvrit_odometry/lib/python3.10/site-packages/anvrit_odometry/__pycache__/teleop.cpython-310.pyc
/home/lalit/cyb_ws/install/anvrit_odometry/lib/python3.10/site-packages/anvrit_odometry/__pycache__/ticks_pub.cpython-310.pyc
/home/lalit/cyb_ws/install/anvrit_odometry/lib/python3.10/site-packages/anvrit_odometry/__pycache__/test.cpython-310.pyc
/home/lalit/cyb_ws/install/anvrit_odometry/lib/python3.10/site-packages/anvrit_odometry/__pycache__/rpm_gen.cpython-310.pyc
/home/lalit/cyb_ws/install/anvrit_odometry/lib/python3.10/site-packages/anvrit_odometry/__pycache__/controller.cpython-310.pyc
/home/lalit/cyb_ws/install/anvrit_odometry/lib/python3.10/site-packages/anvrit_odometry/__pycache__/odm_gen.cpython-310.pyc
/home/lalit/cyb_ws/install/anvrit_odometry/lib/python3.10/site-packages/anvrit_odometry/__pycache__/__init__.cpython-310.pyc
/home/lalit/cyb_ws/install/anvrit_odometry/lib/python3.10/site-packages/anvrit_odometry/__pycache__/odometry_gen.cpython-310.pyc
/home/lalit/cyb_ws/install/anvrit_odometry/share/ament_index/resource_index/packages/anvrit_odometry
/home/lalit/cyb_ws/install/anvrit_odometry/share/anvrit_odometry/package.xml
/home/lalit/cyb_ws/install/anvrit_odometry/share/anvrit_odometry/launch/odm_gen_launch.py
/home/lalit/cyb_ws/install/anvrit_odometry/share/anvrit_odometry/launch/visual.launch.py
/home/lalit/cyb_ws/install/anvrit_odometry/lib/python3.10/site-packages/anvrit_odometry-0.0.0-py3.10.egg-info/PKG-INFO
/home/lalit/cyb_ws/install/anvrit_odometry/lib/python3.10/site-packages/anvrit_odometry-0.0.0-py3.10.egg-info/top_level.txt
/home/lalit/cyb_ws/install/anvrit_odometry/lib/python3.10/site-packages/anvrit_odometry-0.0.0-py3.10.egg-info/SOURCES.txt
/home/lalit/cyb_ws/install/anvrit_odometry/lib/python3.10/site-packages/anvrit_odometry-0.0.0-py3.10.egg-info/zip-safe
/home/lalit/cyb_ws/install/anvrit_odometry/lib/python3.10/site-packages/anvrit_odometry-0.0.0-py3.10.egg-info/requires.txt
/home/lalit/cyb_ws/install/anvrit_odometry/lib/python3.10/site-packages/anvrit_odometry-0.0.0-py3.10.egg-info/dependency_links.txt
/home/lalit/cyb_ws/install/anvrit_odometry/lib/python3.10/site-packages/anvrit_odometry-0.0.0-py3.10.egg-info/entry_points.txt
/home/lalit/cyb_ws/install/anvrit_odometry/lib/anvrit_odometry/odm_gen1
/home/lalit/cyb_ws/install/anvrit_odometry/lib/anvrit_odometry/odometry_gen
/home/lalit/cyb_ws/install/anvrit_odometry/lib/anvrit_odometry/pid
/home/lalit/cyb_ws/install/anvrit_odometry/lib/anvrit_odometry/rpm_gen
/home/lalit/cyb_ws/install/anvrit_odometry/lib/anvrit_odometry/teleop
/home/lalit/cyb_ws/install/anvrit_odometry/lib/anvrit_odometry/ticks_publisher
