[1.851s] Invoking command in '/home/lalit/ros2_ws/src/Anvrit/anvrit_odometry': PYTHONPATH=/home/lalit/ros2_ws/src/Anvrit/build/anvrit_odometry/prefix_override:/usr/lib/python3/dist-packages/colcon_core/task/python/colcon_distutils_commands:/home/lalit/ros2_ws/src/Anvrit/install/anvrit_odometry/lib/python3.10/site-packages:${PYTHONPATH} /usr/bin/python3 -W ignore:setup.py install is deprecated setup.py egg_info --egg-base ../build/anvrit_odometry build --build-base /home/lalit/ros2_ws/src/Anvrit/build/anvrit_odometry/build install --record /home/lalit/ros2_ws/src/Anvrit/build/anvrit_odometry/install.log --single-version-externally-managed install_data
[2.293s] running egg_info
[2.294s] creating ../build/anvrit_odometry/anvrit_odometry.egg-info
[2.294s] writing ../build/anvrit_odometry/anvrit_odometry.egg-info/PKG-INFO
[2.295s] writing dependency_links to ../build/anvrit_odometry/anvrit_odometry.egg-info/dependency_links.txt
[2.295s] writing entry points to ../build/anvrit_odometry/anvrit_odometry.egg-info/entry_points.txt
[2.295s] writing requirements to ../build/anvrit_odometry/anvrit_odometry.egg-info/requires.txt
[2.295s] writing top-level names to ../build/anvrit_odometry/anvrit_odometry.egg-info/top_level.txt
[2.295s] writing manifest file '../build/anvrit_odometry/anvrit_odometry.egg-info/SOURCES.txt'
[2.297s] reading manifest file '../build/anvrit_odometry/anvrit_odometry.egg-info/SOURCES.txt'
[2.298s] writing manifest file '../build/anvrit_odometry/anvrit_odometry.egg-info/SOURCES.txt'
[2.298s] running build
[2.299s] running build_py
[2.299s] creating /home/lalit/ros2_ws/src/Anvrit/build/anvrit_odometry/build
[2.299s] creating /home/lalit/ros2_ws/src/Anvrit/build/anvrit_odometry/build/lib
[2.299s] creating /home/lalit/ros2_ws/src/Anvrit/build/anvrit_odometry/build/lib/anvrit_odometry
[2.299s] copying anvrit_odometry/ticks_pub.py -> /home/lalit/ros2_ws/src/Anvrit/build/anvrit_odometry/build/lib/anvrit_odometry
[2.299s] copying anvrit_odometry/__init__.py -> /home/lalit/ros2_ws/src/Anvrit/build/anvrit_odometry/build/lib/anvrit_odometry
[2.299s] copying anvrit_odometry/odometry_gen.py -> /home/lalit/ros2_ws/src/Anvrit/build/anvrit_odometry/build/lib/anvrit_odometry
[2.299s] running install
[2.300s] running install_lib
[2.301s] creating /home/lalit/ros2_ws/src/Anvrit/install/anvrit_odometry/lib/python3.10/site-packages/anvrit_odometry
[2.301s] copying /home/lalit/ros2_ws/src/Anvrit/build/anvrit_odometry/build/lib/anvrit_odometry/ticks_pub.py -> /home/lalit/ros2_ws/src/Anvrit/install/anvrit_odometry/lib/python3.10/site-packages/anvrit_odometry
[2.302s] copying /home/lalit/ros2_ws/src/Anvrit/build/anvrit_odometry/build/lib/anvrit_odometry/__init__.py -> /home/lalit/ros2_ws/src/Anvrit/install/anvrit_odometry/lib/python3.10/site-packages/anvrit_odometry
[2.302s] copying /home/lalit/ros2_ws/src/Anvrit/build/anvrit_odometry/build/lib/anvrit_odometry/odometry_gen.py -> /home/lalit/ros2_ws/src/Anvrit/install/anvrit_odometry/lib/python3.10/site-packages/anvrit_odometry
[2.302s] byte-compiling /home/lalit/ros2_ws/src/Anvrit/install/anvrit_odometry/lib/python3.10/site-packages/anvrit_odometry/ticks_pub.py to ticks_pub.cpython-310.pyc
[2.303s] byte-compiling /home/lalit/ros2_ws/src/Anvrit/install/anvrit_odometry/lib/python3.10/site-packages/anvrit_odometry/__init__.py to __init__.cpython-310.pyc
[2.303s] byte-compiling /home/lalit/ros2_ws/src/Anvrit/install/anvrit_odometry/lib/python3.10/site-packages/anvrit_odometry/odometry_gen.py to odometry_gen.cpython-310.pyc
[2.305s] running install_data
[2.305s] creating /home/lalit/ros2_ws/src/Anvrit/install/anvrit_odometry/share/ament_index
[2.305s] creating /home/lalit/ros2_ws/src/Anvrit/install/anvrit_odometry/share/ament_index/resource_index
[2.305s] creating /home/lalit/ros2_ws/src/Anvrit/install/anvrit_odometry/share/ament_index/resource_index/packages
[2.307s] copying resource/anvrit_odometry -> /home/lalit/ros2_ws/src/Anvrit/install/anvrit_odometry/share/ament_index/resource_index/packages
[2.307s] copying package.xml -> /home/lalit/ros2_ws/src/Anvrit/install/anvrit_odometry/share/anvrit_odometry
[2.307s] running install_egg_info
[2.309s] Copying ../build/anvrit_odometry/anvrit_odometry.egg-info to /home/lalit/ros2_ws/src/Anvrit/install/anvrit_odometry/lib/python3.10/site-packages/anvrit_odometry-0.0.0-py3.10.egg-info
[2.310s] running install_scripts
[2.350s] Installing odometry_gen script to /home/lalit/ros2_ws/src/Anvrit/install/anvrit_odometry/lib/anvrit_odometry
[2.350s] Installing ticks_publisher script to /home/lalit/ros2_ws/src/Anvrit/install/anvrit_odometry/lib/anvrit_odometry
[2.350s] writing list of installed files to '/home/lalit/ros2_ws/src/Anvrit/build/anvrit_odometry/install.log'
[2.398s] Invoked command in '/home/lalit/ros2_ws/src/Anvrit/anvrit_odometry' returned '0': PYTHONPATH=/home/lalit/ros2_ws/src/Anvrit/build/anvrit_odometry/prefix_override:/usr/lib/python3/dist-packages/colcon_core/task/python/colcon_distutils_commands:/home/lalit/ros2_ws/src/Anvrit/install/anvrit_odometry/lib/python3.10/site-packages:${PYTHONPATH} /usr/bin/python3 -W ignore:setup.py install is deprecated setup.py egg_info --egg-base ../build/anvrit_odometry build --build-base /home/lalit/ros2_ws/src/Anvrit/build/anvrit_odometry/build install --record /home/lalit/ros2_ws/src/Anvrit/build/anvrit_odometry/install.log --single-version-externally-managed install_data
