[0.043s] Invoking command in '/home/lalit/cyb_ws/build/anvrit_gazebo': CMAKE_PREFIX_PATH=${CMAKE_PREFIX_PATH}:/home/lalit/cyb_ws/install/anvrit_odometry:/home/lalit/cyb_ws/install/anvrit_navigation:/home/lalit/ros2_ws/install/turtle_controller:/home/lalit/ros2_ws/install/nav2_gps_waypoint_follower_demo:/home/lalit/ros2_ws/install/bot_control:/home/lalit/ros2_ws/install/anvrit_odometry:/opt/ros/humble /usr/bin/cmake --build /home/lalit/cyb_ws/build/anvrit_gazebo -- -j16 -l16
[0.907s] Invoked command in '/home/lalit/cyb_ws/build/anvrit_gazebo' returned '0': CMAKE_PREFIX_PATH=${CMAKE_PREFIX_PATH}:/home/lalit/cyb_ws/install/anvrit_odometry:/home/lalit/cyb_ws/install/anvrit_navigation:/home/lalit/ros2_ws/install/turtle_controller:/home/lalit/ros2_ws/install/nav2_gps_waypoint_follower_demo:/home/lalit/ros2_ws/install/bot_control:/home/lalit/ros2_ws/install/anvrit_odometry:/opt/ros/humble /usr/bin/cmake --build /home/lalit/cyb_ws/build/anvrit_gazebo -- -j16 -l16
[0.976s] Invoking command in '/home/lalit/cyb_ws/build/anvrit_gazebo': CMAKE_PREFIX_PATH=${CMAKE_PREFIX_PATH}:/home/lalit/cyb_ws/install/anvrit_odometry:/home/lalit/cyb_ws/install/anvrit_navigation:/home/lalit/ros2_ws/install/turtle_controller:/home/lalit/ros2_ws/install/nav2_gps_waypoint_follower_demo:/home/lalit/ros2_ws/install/bot_control:/home/lalit/ros2_ws/install/anvrit_odometry:/opt/ros/humble /usr/bin/cmake --install /home/lalit/cyb_ws/build/anvrit_gazebo
[0.996s] -- Install configuration: ""
[0.998s] -- Up-to-date: /home/lalit/cyb_ws/install/anvrit_gazebo/share/anvrit_gazebo//launch
[0.999s] -- Up-to-date: /home/lalit/cyb_ws/install/anvrit_gazebo/share/anvrit_gazebo//launch/warehouse_world.launch.py
[1.000s] -- Up-to-date: /home/lalit/cyb_ws/install/anvrit_gazebo/share/anvrit_gazebo//worlds
[1.001s] -- Up-to-date: /home/lalit/cyb_ws/install/anvrit_gazebo/share/anvrit_gazebo//worlds/small_warehouse.world
[1.001s] -- Up-to-date: /home/lalit/cyb_ws/install/anvrit_gazebo/share/anvrit_gazebo//worlds/no_roof_small_warehouse.world
[1.001s] -- Up-to-date: /home/lalit/cyb_ws/install/anvrit_gazebo/share/anvrit_gazebo//models
[1.001s] -- Up-to-date: /home/lalit/cyb_ws/install/anvrit_gazebo/share/anvrit_gazebo//models/aws_robomaker_warehouse_RoofB_01
[1.002s] -- Up-to-date: /home/lalit/cyb_ws/install/anvrit_gazebo/share/anvrit_gazebo//models/aws_robomaker_warehouse_RoofB_01/materials
[1.003s] -- Up-to-date: /home/lalit/cyb_ws/install/anvrit_gazebo/share/anvrit_gazebo//models/aws_robomaker_warehouse_RoofB_01/materials/textures
[1.003s] -- Up-to-date: /home/lalit/cyb_ws/install/anvrit_gazebo/share/anvrit_gazebo//models/aws_robomaker_warehouse_RoofB_01/materials/textures/aws_robomaker_warehouse_RoofB_01.png
[1.003s] -- Up-to-date: /home/lalit/cyb_ws/install/anvrit_gazebo/share/anvrit_gazebo//models/aws_robomaker_warehouse_RoofB_01/model.config
[1.004s] -- Up-to-date: /home/lalit/cyb_ws/install/anvrit_gazebo/share/anvrit_gazebo//models/aws_robomaker_warehouse_RoofB_01/model.sdf
[1.004s] -- Up-to-date: /home/lalit/cyb_ws/install/anvrit_gazebo/share/anvrit_gazebo//models/aws_robomaker_warehouse_RoofB_01/meshes
[1.005s] -- Up-to-date: /home/lalit/cyb_ws/install/anvrit_gazebo/share/anvrit_gazebo//models/aws_robomaker_warehouse_RoofB_01/meshes/aws_robomaker_warehouse_RoofB_01_collision.DAE
[1.006s] -- Up-to-date: /home/lalit/cyb_ws/install/anvrit_gazebo/share/anvrit_gazebo//models/aws_robomaker_warehouse_RoofB_01/meshes/aws_robomaker_warehouse_RoofB_01_visual.DAE
[1.006s] -- Up-to-date: /home/lalit/cyb_ws/install/anvrit_gazebo/share/anvrit_gazebo//models/aws_robomaker_warehouse_ShelfD_01
[1.006s] -- Up-to-date: /home/lalit/cyb_ws/install/anvrit_gazebo/share/anvrit_gazebo//models/aws_robomaker_warehouse_ShelfD_01/materials
[1.007s] -- Up-to-date: /home/lalit/cyb_ws/install/anvrit_gazebo/share/anvrit_gazebo//models/aws_robomaker_warehouse_ShelfD_01/materials/textures
[1.007s] -- Up-to-date: /home/lalit/cyb_ws/install/anvrit_gazebo/share/anvrit_gazebo//models/aws_robomaker_warehouse_ShelfD_01/materials/textures/aws_robomaker_warehouse_ShelfD_01.png
[1.008s] -- Up-to-date: /home/lalit/cyb_ws/install/anvrit_gazebo/share/anvrit_gazebo//models/aws_robomaker_warehouse_ShelfD_01/materials/textures/aws_robomaker_warehouse_ShelfD_04.png
[1.009s] -- Up-to-date: /home/lalit/cyb_ws/install/anvrit_gazebo/share/anvrit_gazebo//models/aws_robomaker_warehouse_ShelfD_01/materials/textures/aws_robomaker_warehouse_ShelfD_02.png
[1.009s] -- Up-to-date: /home/lalit/cyb_ws/install/anvrit_gazebo/share/anvrit_gazebo//models/aws_robomaker_warehouse_ShelfD_01/materials/textures/aws_robomaker_warehouse_ShelfD_03.png
[1.009s] -- Up-to-date: /home/lalit/cyb_ws/install/anvrit_gazebo/share/anvrit_gazebo//models/aws_robomaker_warehouse_ShelfD_01/model.config
[1.009s] -- Up-to-date: /home/lalit/cyb_ws/install/anvrit_gazebo/share/anvrit_gazebo//models/aws_robomaker_warehouse_ShelfD_01/model.sdf
[1.010s] -- Up-to-date: /home/lalit/cyb_ws/install/anvrit_gazebo/share/anvrit_gazebo//models/aws_robomaker_warehouse_ShelfD_01/meshes
[1.010s] -- Up-to-date: /home/lalit/cyb_ws/install/anvrit_gazebo/share/anvrit_gazebo//models/aws_robomaker_warehouse_ShelfD_01/meshes/aws_robomaker_warehouse_ShelfD_01_collision.DAE
[1.011s] -- Up-to-date: /home/lalit/cyb_ws/install/anvrit_gazebo/share/anvrit_gazebo//models/aws_robomaker_warehouse_ShelfD_01/meshes/aws_robomaker_warehouse_ShelfD_01_visual.DAE
[1.011s] -- Up-to-date: /home/lalit/cyb_ws/install/anvrit_gazebo/share/anvrit_gazebo//models/aws_robomaker_warehouse_ClutteringA_01
[1.012s] -- Up-to-date: /home/lalit/cyb_ws/install/anvrit_gazebo/share/anvrit_gazebo//models/aws_robomaker_warehouse_ClutteringA_01/materials
[1.012s] -- Up-to-date: /home/lalit/cyb_ws/install/anvrit_gazebo/share/anvrit_gazebo//models/aws_robomaker_warehouse_ClutteringA_01/materials/.DS_Store
[1.013s] -- Up-to-date: /home/lalit/cyb_ws/install/anvrit_gazebo/share/anvrit_gazebo//models/aws_robomaker_warehouse_ClutteringA_01/materials/textures
[1.013s] -- Up-to-date: /home/lalit/cyb_ws/install/anvrit_gazebo/share/anvrit_gazebo//models/aws_robomaker_warehouse_ClutteringA_01/materials/textures/.DS_Store
[1.013s] -- Up-to-date: /home/lalit/cyb_ws/install/anvrit_gazebo/share/anvrit_gazebo//models/aws_robomaker_warehouse_ClutteringA_01/materials/textures/aws_robomaker_warehouse_ClutteringA_03.png
[1.013s] -- Up-to-date: /home/lalit/cyb_ws/install/anvrit_gazebo/share/anvrit_gazebo//models/aws_robomaker_warehouse_ClutteringA_01/materials/textures/aws_robomaker_warehouse_ClutteringA_02.png
[1.014s] -- Up-to-date: /home/lalit/cyb_ws/install/anvrit_gazebo/share/anvrit_gazebo//models/aws_robomaker_warehouse_ClutteringA_01/materials/textures/aws_robomaker_warehouse_ClutteringA_01.png
[1.014s] -- Up-to-date: /home/lalit/cyb_ws/install/anvrit_gazebo/share/anvrit_gazebo//models/aws_robomaker_warehouse_ClutteringA_01/.DS_Store
[1.014s] -- Up-to-date: /home/lalit/cyb_ws/install/anvrit_gazebo/share/anvrit_gazebo//models/aws_robomaker_warehouse_ClutteringA_01/model.config
[1.014s] -- Up-to-date: /home/lalit/cyb_ws/install/anvrit_gazebo/share/anvrit_gazebo//models/aws_robomaker_warehouse_ClutteringA_01/model.sdf
[1.014s] -- Up-to-date: /home/lalit/cyb_ws/install/anvrit_gazebo/share/anvrit_gazebo//models/aws_robomaker_warehouse_ClutteringA_01/meshes
[1.015s] -- Up-to-date: /home/lalit/cyb_ws/install/anvrit_gazebo/share/anvrit_gazebo//models/aws_robomaker_warehouse_ClutteringA_01/meshes/aws_robomaker_warehouse_ClutteringA_01_visual.DAE
[1.015s] -- Up-to-date: /home/lalit/cyb_ws/install/anvrit_gazebo/share/anvrit_gazebo//models/aws_robomaker_warehouse_ClutteringA_01/meshes/aws_robomaker_warehouse_ClutteringA_01_collision.DAE
[1.015s] -- Up-to-date: /home/lalit/cyb_ws/install/anvrit_gazebo/share/anvrit_gazebo//models/aws_robomaker_warehouse_DeskC_01
[1.015s] -- Up-to-date: /home/lalit/cyb_ws/install/anvrit_gazebo/share/anvrit_gazebo//models/aws_robomaker_warehouse_DeskC_01/materials
[1.015s] -- Up-to-date: /home/lalit/cyb_ws/install/anvrit_gazebo/share/anvrit_gazebo//models/aws_robomaker_warehouse_DeskC_01/materials/.DS_Store
[1.015s] -- Up-to-date: /home/lalit/cyb_ws/install/anvrit_gazebo/share/anvrit_gazebo//models/aws_robomaker_warehouse_DeskC_01/materials/textures
[1.016s] -- Up-to-date: /home/lalit/cyb_ws/install/anvrit_gazebo/share/anvrit_gazebo//models/aws_robomaker_warehouse_DeskC_01/materials/textures/aws_robomaker_warehouse_DeskC_04.png
[1.018s] -- Up-to-date: /home/lalit/cyb_ws/install/anvrit_gazebo/share/anvrit_gazebo//models/aws_robomaker_warehouse_DeskC_01/materials/textures/aws_robomaker_warehouse_DeskC_02.png
[1.018s] -- Up-to-date: /home/lalit/cyb_ws/install/anvrit_gazebo/share/anvrit_gazebo//models/aws_robomaker_warehouse_DeskC_01/materials/textures/aws_robomaker_warehouse_DeskC_01.png
[1.018s] -- Up-to-date: /home/lalit/cyb_ws/install/anvrit_gazebo/share/anvrit_gazebo//models/aws_robomaker_warehouse_DeskC_01/materials/textures/aws_robomaker_warehouse_DeskC_03.png
[1.019s] -- Up-to-date: /home/lalit/cyb_ws/install/anvrit_gazebo/share/anvrit_gazebo//models/aws_robomaker_warehouse_DeskC_01/materials/textures/aws_robomaker_warehouse_DeskC_03.psd
[1.019s] -- Up-to-date: /home/lalit/cyb_ws/install/anvrit_gazebo/share/anvrit_gazebo//models/aws_robomaker_warehouse_DeskC_01/model.config
[1.019s] -- Up-to-date: /home/lalit/cyb_ws/install/anvrit_gazebo/share/anvrit_gazebo//models/aws_robomaker_warehouse_DeskC_01/model.sdf
[1.019s] -- Up-to-date: /home/lalit/cyb_ws/install/anvrit_gazebo/share/anvrit_gazebo//models/aws_robomaker_warehouse_DeskC_01/meshes
[1.019s] -- Up-to-date: /home/lalit/cyb_ws/install/anvrit_gazebo/share/anvrit_gazebo//models/aws_robomaker_warehouse_DeskC_01/meshes/aws_robomaker_warehouse_DeskC_01_collision.DAE
[1.020s] -- Up-to-date: /home/lalit/cyb_ws/install/anvrit_gazebo/share/anvrit_gazebo//models/aws_robomaker_warehouse_DeskC_01/meshes/aws_robomaker_warehouse_DeskC_01_visual.DAE
[1.021s] -- Up-to-date: /home/lalit/cyb_ws/install/anvrit_gazebo/share/anvrit_gazebo//models/aws_robomaker_warehouse_Bucket_01
[1.022s] -- Up-to-date: /home/lalit/cyb_ws/install/anvrit_gazebo/share/anvrit_gazebo//models/aws_robomaker_warehouse_Bucket_01/materials
[1.022s] -- Up-to-date: /home/lalit/cyb_ws/install/anvrit_gazebo/share/anvrit_gazebo//models/aws_robomaker_warehouse_Bucket_01/materials/.DS_Store
[1.023s] -- Up-to-date: /home/lalit/cyb_ws/install/anvrit_gazebo/share/anvrit_gazebo//models/aws_robomaker_warehouse_Bucket_01/materials/textures
[1.023s] -- Up-to-date: /home/lalit/cyb_ws/install/anvrit_gazebo/share/anvrit_gazebo//models/aws_robomaker_warehouse_Bucket_01/materials/textures/aws_robomaker_warehouse_Bucket_01.png
[1.023s] -- Up-to-date: /home/lalit/cyb_ws/install/anvrit_gazebo/share/anvrit_gazebo//models/aws_robomaker_warehouse_Bucket_01/.DS_Store
[1.024s] -- Up-to-date: /home/lalit/cyb_ws/install/anvrit_gazebo/share/anvrit_gazebo//models/aws_robomaker_warehouse_Bucket_01/model.config
[1.025s] -- Up-to-date: /home/lalit/cyb_ws/install/anvrit_gazebo/share/anvrit_gazebo//models/aws_robomaker_warehouse_Bucket_01/model.sdf
[1.028s] -- Up-to-date: /home/lalit/cyb_ws/install/anvrit_gazebo/share/anvrit_gazebo//models/aws_robomaker_warehouse_Bucket_01/meshes
[1.029s] -- Up-to-date: /home/lalit/cyb_ws/install/anvrit_gazebo/share/anvrit_gazebo//models/aws_robomaker_warehouse_Bucket_01/meshes/aws_robomaker_warehouse_Bucket_01_collision.DAE
[1.031s] -- Up-to-date: /home/lalit/cyb_ws/install/anvrit_gazebo/share/anvrit_gazebo//models/aws_robomaker_warehouse_Bucket_01/meshes/aws_robomaker_warehouse_Bucket_01_visual.DAE
[1.031s] -- Up-to-date: /home/lalit/cyb_ws/install/anvrit_gazebo/share/anvrit_gazebo//models/aws_robomaker_warehouse_ClutteringD_01
[1.031s] -- Up-to-date: /home/lalit/cyb_ws/install/anvrit_gazebo/share/anvrit_gazebo//models/aws_robomaker_warehouse_ClutteringD_01/materials
[1.032s] -- Up-to-date: /home/lalit/cyb_ws/install/anvrit_gazebo/share/anvrit_gazebo//models/aws_robomaker_warehouse_ClutteringD_01/materials/textures
[1.032s] -- Up-to-date: /home/lalit/cyb_ws/install/anvrit_gazebo/share/anvrit_gazebo//models/aws_robomaker_warehouse_ClutteringD_01/materials/textures/aws_robomaker_warehouse_ClutteringD_01.png
[1.034s] -- Up-to-date: /home/lalit/cyb_ws/install/anvrit_gazebo/share/anvrit_gazebo//models/aws_robomaker_warehouse_ClutteringD_01/materials/textures/aws_robomaker_warehouse_ClutteringD_02.png
[1.034s] -- Up-to-date: /home/lalit/cyb_ws/install/anvrit_gazebo/share/anvrit_gazebo//models/aws_robomaker_warehouse_ClutteringD_01/model.config
[1.034s] -- Up-to-date: /home/lalit/cyb_ws/install/anvrit_gazebo/share/anvrit_gazebo//models/aws_robomaker_warehouse_ClutteringD_01/model.sdf
[1.034s] -- Up-to-date: /home/lalit/cyb_ws/install/anvrit_gazebo/share/anvrit_gazebo//models/aws_robomaker_warehouse_ClutteringD_01/meshes
[1.034s] -- Up-to-date: /home/lalit/cyb_ws/install/anvrit_gazebo/share/anvrit_gazebo//models/aws_robomaker_warehouse_ClutteringD_01/meshes/aws_robomaker_warehouse_ClutteringD_01_visual.DAE
[1.035s] -- Up-to-date: /home/lalit/cyb_ws/install/anvrit_gazebo/share/anvrit_gazebo//models/aws_robomaker_warehouse_ClutteringD_01/meshes/aws_robomaker_warehouse_ClutteringD_01_collision.DAE
[1.035s] -- Up-to-date: /home/lalit/cyb_ws/install/anvrit_gazebo/share/anvrit_gazebo//models/aws_robomaker_warehouse_Lamp_01
[1.035s] -- Up-to-date: /home/lalit/cyb_ws/install/anvrit_gazebo/share/anvrit_gazebo//models/aws_robomaker_warehouse_Lamp_01/materials
[1.036s] -- Up-to-date: /home/lalit/cyb_ws/install/anvrit_gazebo/share/anvrit_gazebo//models/aws_robomaker_warehouse_Lamp_01/materials/textures
[1.037s] -- Up-to-date: /home/lalit/cyb_ws/install/anvrit_gazebo/share/anvrit_gazebo//models/aws_robomaker_warehouse_Lamp_01/materials/textures/aws_robomaker_warehouse_Lamp_01.png
[1.038s] -- Up-to-date: /home/lalit/cyb_ws/install/anvrit_gazebo/share/anvrit_gazebo//models/aws_robomaker_warehouse_Lamp_01/model.config
[1.038s] -- Up-to-date: /home/lalit/cyb_ws/install/anvrit_gazebo/share/anvrit_gazebo//models/aws_robomaker_warehouse_Lamp_01/model.sdf
[1.040s] -- Up-to-date: /home/lalit/cyb_ws/install/anvrit_gazebo/share/anvrit_gazebo//models/aws_robomaker_warehouse_Lamp_01/meshes
[1.040s] -- Up-to-date: /home/lalit/cyb_ws/install/anvrit_gazebo/share/anvrit_gazebo//models/aws_robomaker_warehouse_Lamp_01/meshes/aws_robomaker_warehouse_Lamp_01_visual.DAE
[1.040s] -- Up-to-date: /home/lalit/cyb_ws/install/anvrit_gazebo/share/anvrit_gazebo//models/aws_robomaker_warehouse_Lamp_01/meshes/aws_robomaker_warehouse_Lamp_01_collision.DAE
[1.041s] -- Up-to-date: /home/lalit/cyb_ws/install/anvrit_gazebo/share/anvrit_gazebo//models/aws_robomaker_warehouse_TrashCanC_01
[1.041s] -- Up-to-date: /home/lalit/cyb_ws/install/anvrit_gazebo/share/anvrit_gazebo//models/aws_robomaker_warehouse_TrashCanC_01/materials
[1.042s] -- Up-to-date: /home/lalit/cyb_ws/install/anvrit_gazebo/share/anvrit_gazebo//models/aws_robomaker_warehouse_TrashCanC_01/materials/textures
[1.042s] -- Up-to-date: /home/lalit/cyb_ws/install/anvrit_gazebo/share/anvrit_gazebo//models/aws_robomaker_warehouse_TrashCanC_01/materials/textures/aws_robomaker_warehouse_TrashCanC_01.png
[1.042s] -- Up-to-date: /home/lalit/cyb_ws/install/anvrit_gazebo/share/anvrit_gazebo//models/aws_robomaker_warehouse_TrashCanC_01/model.config
[1.042s] -- Up-to-date: /home/lalit/cyb_ws/install/anvrit_gazebo/share/anvrit_gazebo//models/aws_robomaker_warehouse_TrashCanC_01/model.sdf
[1.043s] -- Up-to-date: /home/lalit/cyb_ws/install/anvrit_gazebo/share/anvrit_gazebo//models/aws_robomaker_warehouse_TrashCanC_01/meshes
[1.043s] -- Up-to-date: /home/lalit/cyb_ws/install/anvrit_gazebo/share/anvrit_gazebo//models/aws_robomaker_warehouse_TrashCanC_01/meshes/aws_robomaker_warehouse_TrashCanC_01_visual.DAE
[1.043s] -- Up-to-date: /home/lalit/cyb_ws/install/anvrit_gazebo/share/anvrit_gazebo//models/aws_robomaker_warehouse_TrashCanC_01/meshes/aws_robomaker_warehouse_TrashCanC_01_collision.DAE
[1.043s] -- Up-to-date: /home/lalit/cyb_ws/install/anvrit_gazebo/share/anvrit_gazebo//models/aws_robomaker_warehouse_GroundB_01
[1.045s] -- Up-to-date: /home/lalit/cyb_ws/install/anvrit_gazebo/share/anvrit_gazebo//models/aws_robomaker_warehouse_GroundB_01/materials
[1.046s] -- Up-to-date: /home/lalit/cyb_ws/install/anvrit_gazebo/share/anvrit_gazebo//models/aws_robomaker_warehouse_GroundB_01/materials/textures
[1.048s] -- Up-to-date: /home/lalit/cyb_ws/install/anvrit_gazebo/share/anvrit_gazebo//models/aws_robomaker_warehouse_GroundB_01/materials/textures/aws_robomaker_warehouse_GroundB_01.png
[1.049s] -- Up-to-date: /home/lalit/cyb_ws/install/anvrit_gazebo/share/anvrit_gazebo//models/aws_robomaker_warehouse_GroundB_01/materials/textures/aws_robomaker_warehouse_GroundB_02.png
[1.049s] -- Up-to-date: /home/lalit/cyb_ws/install/anvrit_gazebo/share/anvrit_gazebo//models/aws_robomaker_warehouse_GroundB_01/model.config
[1.050s] -- Up-to-date: /home/lalit/cyb_ws/install/anvrit_gazebo/share/anvrit_gazebo//models/aws_robomaker_warehouse_GroundB_01/model.sdf
[1.050s] -- Up-to-date: /home/lalit/cyb_ws/install/anvrit_gazebo/share/anvrit_gazebo//models/aws_robomaker_warehouse_GroundB_01/meshes
[1.051s] -- Up-to-date: /home/lalit/cyb_ws/install/anvrit_gazebo/share/anvrit_gazebo//models/aws_robomaker_warehouse_GroundB_01/meshes/aws_robomaker_warehouse_GroundB_01_collision.DAE
[1.051s] -- Up-to-date: /home/lalit/cyb_ws/install/anvrit_gazebo/share/anvrit_gazebo//models/aws_robomaker_warehouse_GroundB_01/meshes/aws_robomaker_warehouse_GroundB_01_visual.DAE
[1.051s] -- Up-to-date: /home/lalit/cyb_ws/install/anvrit_gazebo/share/anvrit_gazebo//models/aws_robomaker_warehouse_ShelfE_01
[1.052s] -- Up-to-date: /home/lalit/cyb_ws/install/anvrit_gazebo/share/anvrit_gazebo//models/aws_robomaker_warehouse_ShelfE_01/materials
[1.052s] -- Up-to-date: /home/lalit/cyb_ws/install/anvrit_gazebo/share/anvrit_gazebo//models/aws_robomaker_warehouse_ShelfE_01/materials/.DS_Store
[1.052s] -- Up-to-date: /home/lalit/cyb_ws/install/anvrit_gazebo/share/anvrit_gazebo//models/aws_robomaker_warehouse_ShelfE_01/materials/textures
[1.053s] -- Up-to-date: /home/lalit/cyb_ws/install/anvrit_gazebo/share/anvrit_gazebo//models/aws_robomaker_warehouse_ShelfE_01/materials/textures/aws_robomaker_warehouse_ShelfE_03.png
[1.053s] -- Up-to-date: /home/lalit/cyb_ws/install/anvrit_gazebo/share/anvrit_gazebo//models/aws_robomaker_warehouse_ShelfE_01/materials/textures/aws_robomaker_warehouse_ShelfE_01.png
[1.053s] -- Up-to-date: /home/lalit/cyb_ws/install/anvrit_gazebo/share/anvrit_gazebo//models/aws_robomaker_warehouse_ShelfE_01/materials/textures/aws_robomaker_warehouse_ShelfE_02.png
[1.054s] -- Up-to-date: /home/lalit/cyb_ws/install/anvrit_gazebo/share/anvrit_gazebo//models/aws_robomaker_warehouse_ShelfE_01/materials/textures/aws_robomaker_warehouse_ShelfE_04.png
[1.054s] -- Up-to-date: /home/lalit/cyb_ws/install/anvrit_gazebo/share/anvrit_gazebo//models/aws_robomaker_warehouse_ShelfE_01/.DS_Store
[1.054s] -- Up-to-date: /home/lalit/cyb_ws/install/anvrit_gazebo/share/anvrit_gazebo//models/aws_robomaker_warehouse_ShelfE_01/model.config
[1.055s] -- Up-to-date: /home/lalit/cyb_ws/install/anvrit_gazebo/share/anvrit_gazebo//models/aws_robomaker_warehouse_ShelfE_01/model.sdf
[1.055s] -- Up-to-date: /home/lalit/cyb_ws/install/anvrit_gazebo/share/anvrit_gazebo//models/aws_robomaker_warehouse_ShelfE_01/meshes
[1.055s] -- Up-to-date: /home/lalit/cyb_ws/install/anvrit_gazebo/share/anvrit_gazebo//models/aws_robomaker_warehouse_ShelfE_01/meshes/aws_robomaker_warehouse_ShelfE_01_collision.DAE
[1.056s] -- Up-to-date: /home/lalit/cyb_ws/install/anvrit_gazebo/share/anvrit_gazebo//models/aws_robomaker_warehouse_ShelfE_01/meshes/aws_robomaker_warehouse_ShelfE_01_visual.DAE
[1.056s] -- Up-to-date: /home/lalit/cyb_ws/install/anvrit_gazebo/share/anvrit_gazebo//models/aws_robomaker_warehouse_WallB_01
[1.056s] -- Up-to-date: /home/lalit/cyb_ws/install/anvrit_gazebo/share/anvrit_gazebo//models/aws_robomaker_warehouse_WallB_01/materials
[1.057s] -- Up-to-date: /home/lalit/cyb_ws/install/anvrit_gazebo/share/anvrit_gazebo//models/aws_robomaker_warehouse_WallB_01/materials/textures
[1.057s] -- Up-to-date: /home/lalit/cyb_ws/install/anvrit_gazebo/share/anvrit_gazebo//models/aws_robomaker_warehouse_WallB_01/materials/textures/aws_robomaker_warehouse_WallB_01.png
[1.057s] -- Up-to-date: /home/lalit/cyb_ws/install/anvrit_gazebo/share/anvrit_gazebo//models/aws_robomaker_warehouse_WallB_01/model.config
[1.057s] -- Up-to-date: /home/lalit/cyb_ws/install/anvrit_gazebo/share/anvrit_gazebo//models/aws_robomaker_warehouse_WallB_01/model.sdf
[1.058s] -- Up-to-date: /home/lalit/cyb_ws/install/anvrit_gazebo/share/anvrit_gazebo//models/aws_robomaker_warehouse_WallB_01/meshes
[1.058s] -- Up-to-date: /home/lalit/cyb_ws/install/anvrit_gazebo/share/anvrit_gazebo//models/aws_robomaker_warehouse_WallB_01/meshes/aws_robomaker_warehouse_WallB_01_collision.DAE
[1.058s] -- Up-to-date: /home/lalit/cyb_ws/install/anvrit_gazebo/share/anvrit_gazebo//models/aws_robomaker_warehouse_WallB_01/meshes/aws_robomaker_warehouse_WallB_01_visual.DAE
[1.059s] -- Up-to-date: /home/lalit/cyb_ws/install/anvrit_gazebo/share/anvrit_gazebo//models/aws_robomaker_warehouse_ClutteringC_01
[1.059s] -- Up-to-date: /home/lalit/cyb_ws/install/anvrit_gazebo/share/anvrit_gazebo//models/aws_robomaker_warehouse_ClutteringC_01/materials
[1.060s] -- Up-to-date: /home/lalit/cyb_ws/install/anvrit_gazebo/share/anvrit_gazebo//models/aws_robomaker_warehouse_ClutteringC_01/materials/textures
[1.060s] -- Up-to-date: /home/lalit/cyb_ws/install/anvrit_gazebo/share/anvrit_gazebo//models/aws_robomaker_warehouse_ClutteringC_01/materials/textures/aws_robomaker_warehouse_ClutteringC_01.png
[1.060s] -- Up-to-date: /home/lalit/cyb_ws/install/anvrit_gazebo/share/anvrit_gazebo//models/aws_robomaker_warehouse_ClutteringC_01/materials/textures/aws_robomaker_warehouse_ClutteringC_02.png
[1.061s] -- Up-to-date: /home/lalit/cyb_ws/install/anvrit_gazebo/share/anvrit_gazebo//models/aws_robomaker_warehouse_ClutteringC_01/model.config
[1.061s] -- Up-to-date: /home/lalit/cyb_ws/install/anvrit_gazebo/share/anvrit_gazebo//models/aws_robomaker_warehouse_ClutteringC_01/model.sdf
[1.062s] -- Up-to-date: /home/lalit/cyb_ws/install/anvrit_gazebo/share/anvrit_gazebo//models/aws_robomaker_warehouse_ClutteringC_01/meshes
[1.062s] -- Up-to-date: /home/lalit/cyb_ws/install/anvrit_gazebo/share/anvrit_gazebo//models/aws_robomaker_warehouse_ClutteringC_01/meshes/aws_robomaker_warehouse_ClutteringC_01_collision.DAE
[1.062s] -- Up-to-date: /home/lalit/cyb_ws/install/anvrit_gazebo/share/anvrit_gazebo//models/aws_robomaker_warehouse_ClutteringC_01/meshes/aws_robomaker_warehouse_ClutteringC_01_visual.DAE
[1.063s] -- Up-to-date: /home/lalit/cyb_ws/install/anvrit_gazebo/share/anvrit_gazebo//models/aws_robomaker_warehouse_ShelfF_01
[1.063s] -- Up-to-date: /home/lalit/cyb_ws/install/anvrit_gazebo/share/anvrit_gazebo//models/aws_robomaker_warehouse_ShelfF_01/materials
[1.063s] -- Up-to-date: /home/lalit/cyb_ws/install/anvrit_gazebo/share/anvrit_gazebo//models/aws_robomaker_warehouse_ShelfF_01/materials/textures
[1.064s] -- Up-to-date: /home/lalit/cyb_ws/install/anvrit_gazebo/share/anvrit_gazebo//models/aws_robomaker_warehouse_ShelfF_01/materials/textures/aws_robomaker_warehouse_ShelfF_02.png
[1.064s] -- Up-to-date: /home/lalit/cyb_ws/install/anvrit_gazebo/share/anvrit_gazebo//models/aws_robomaker_warehouse_ShelfF_01/materials/textures/aws_robomaker_warehouse_ShelfF_03.png
[1.064s] -- Up-to-date: /home/lalit/cyb_ws/install/anvrit_gazebo/share/anvrit_gazebo//models/aws_robomaker_warehouse_ShelfF_01/materials/textures/aws_robomaker_warehouse_ShelfF_01.png
[1.065s] -- Up-to-date: /home/lalit/cyb_ws/install/anvrit_gazebo/share/anvrit_gazebo//models/aws_robomaker_warehouse_ShelfF_01/model.config
[1.065s] -- Up-to-date: /home/lalit/cyb_ws/install/anvrit_gazebo/share/anvrit_gazebo//models/aws_robomaker_warehouse_ShelfF_01/model.sdf
[1.065s] -- Up-to-date: /home/lalit/cyb_ws/install/anvrit_gazebo/share/anvrit_gazebo//models/aws_robomaker_warehouse_ShelfF_01/meshes
[1.066s] -- Up-to-date: /home/lalit/cyb_ws/install/anvrit_gazebo/share/anvrit_gazebo//models/aws_robomaker_warehouse_ShelfF_01/meshes/aws_robomaker_warehouse_ShelfF_01_collision.DAE
[1.066s] -- Up-to-date: /home/lalit/cyb_ws/install/anvrit_gazebo/share/anvrit_gazebo//models/aws_robomaker_warehouse_ShelfF_01/meshes/aws_robomaker_warehouse_ShelfF_01_visual.DAE
[1.066s] -- Up-to-date: /home/lalit/cyb_ws/install/anvrit_gazebo/share/anvrit_gazebo//models/aws_robomaker_warehouse_PalletJackB_01
[1.067s] -- Up-to-date: /home/lalit/cyb_ws/install/anvrit_gazebo/share/anvrit_gazebo//models/aws_robomaker_warehouse_PalletJackB_01/materials
[1.067s] -- Up-to-date: /home/lalit/cyb_ws/install/anvrit_gazebo/share/anvrit_gazebo//models/aws_robomaker_warehouse_PalletJackB_01/materials/.DS_Store
[1.068s] -- Up-to-date: /home/lalit/cyb_ws/install/anvrit_gazebo/share/anvrit_gazebo//models/aws_robomaker_warehouse_PalletJackB_01/materials/textures
[1.068s] -- Up-to-date: /home/lalit/cyb_ws/install/anvrit_gazebo/share/anvrit_gazebo//models/aws_robomaker_warehouse_PalletJackB_01/materials/textures/aws_robomaker_warehouse_PalletJackB_01.png
[1.068s] -- Up-to-date: /home/lalit/cyb_ws/install/anvrit_gazebo/share/anvrit_gazebo//models/aws_robomaker_warehouse_PalletJackB_01/materials/textures/aws_robomaker_warehouse_PalletJackB_02.png
[1.070s] -- Up-to-date: /home/lalit/cyb_ws/install/anvrit_gazebo/share/anvrit_gazebo//models/aws_robomaker_warehouse_PalletJackB_01/.DS_Store
[1.070s] -- Up-to-date: /home/lalit/cyb_ws/install/anvrit_gazebo/share/anvrit_gazebo//models/aws_robomaker_warehouse_PalletJackB_01/model.config
[1.071s] -- Up-to-date: /home/lalit/cyb_ws/install/anvrit_gazebo/share/anvrit_gazebo//models/aws_robomaker_warehouse_PalletJackB_01/model.sdf
[1.071s] -- Up-to-date: /home/lalit/cyb_ws/install/anvrit_gazebo/share/anvrit_gazebo//models/aws_robomaker_warehouse_PalletJackB_01/meshes
[1.072s] -- Up-to-date: /home/lalit/cyb_ws/install/anvrit_gazebo/share/anvrit_gazebo//models/aws_robomaker_warehouse_PalletJackB_01/meshes/aws_robomaker_warehouse_PalletJackB_01_collision.DAE
[1.073s] -- Up-to-date: /home/lalit/cyb_ws/install/anvrit_gazebo/share/anvrit_gazebo//models/aws_robomaker_warehouse_PalletJackB_01/meshes/aws_robomaker_warehouse_PalletJackB_01_visual.DAE
[1.073s] -- Up-to-date: /home/lalit/cyb_ws/install/anvrit_gazebo/share/ament_index/resource_index/package_run_dependencies/anvrit_gazebo
[1.073s] -- Up-to-date: /home/lalit/cyb_ws/install/anvrit_gazebo/share/ament_index/resource_index/parent_prefix_path/anvrit_gazebo
[1.074s] -- Up-to-date: /home/lalit/cyb_ws/install/anvrit_gazebo/share/anvrit_gazebo/environment/ament_prefix_path.sh
[1.075s] -- Up-to-date: /home/lalit/cyb_ws/install/anvrit_gazebo/share/anvrit_gazebo/environment/ament_prefix_path.dsv
[1.075s] -- Up-to-date: /home/lalit/cyb_ws/install/anvrit_gazebo/share/anvrit_gazebo/environment/path.sh
[1.076s] -- Up-to-date: /home/lalit/cyb_ws/install/anvrit_gazebo/share/anvrit_gazebo/environment/path.dsv
[1.076s] -- Up-to-date: /home/lalit/cyb_ws/install/anvrit_gazebo/share/anvrit_gazebo/local_setup.bash
[1.077s] -- Up-to-date: /home/lalit/cyb_ws/install/anvrit_gazebo/share/anvrit_gazebo/local_setup.sh
[1.077s] -- Up-to-date: /home/lalit/cyb_ws/install/anvrit_gazebo/share/anvrit_gazebo/local_setup.zsh
[1.080s] -- Up-to-date: /home/lalit/cyb_ws/install/anvrit_gazebo/share/anvrit_gazebo/local_setup.dsv
[1.081s] -- Installing: /home/lalit/cyb_ws/install/anvrit_gazebo/share/anvrit_gazebo/package.dsv
[1.082s] -- Up-to-date: /home/lalit/cyb_ws/install/anvrit_gazebo/share/ament_index/resource_index/packages/anvrit_gazebo
[1.082s] -- Up-to-date: /home/lalit/cyb_ws/install/anvrit_gazebo/share/anvrit_gazebo/cmake/anvrit_gazeboConfig.cmake
[1.083s] -- Up-to-date: /home/lalit/cyb_ws/install/anvrit_gazebo/share/anvrit_gazebo/cmake/anvrit_gazeboConfig-version.cmake
[1.084s] -- Up-to-date: /home/lalit/cyb_ws/install/anvrit_gazebo/share/anvrit_gazebo/package.xml
[1.085s] Invoked command in '/home/lalit/cyb_ws/build/anvrit_gazebo' returned '0': CMAKE_PREFIX_PATH=${CMAKE_PREFIX_PATH}:/home/lalit/cyb_ws/install/anvrit_odometry:/home/lalit/cyb_ws/install/anvrit_navigation:/home/lalit/ros2_ws/install/turtle_controller:/home/lalit/ros2_ws/install/nav2_gps_waypoint_follower_demo:/home/lalit/ros2_ws/install/bot_control:/home/lalit/ros2_ws/install/anvrit_odometry:/opt/ros/humble /usr/bin/cmake --install /home/lalit/cyb_ws/build/anvrit_gazebo
