[0.042s] Invoking command in '/home/lalit/cyb_ws/build/anvrit_description': CMAKE_PREFIX_PATH=${CMAKE_PREFIX_PATH}:/home/lalit/ros2_ws/src/install/turtle_controller:/home/lalit/ros2_ws/src/install/bot_control:/home/lalit/ros2_ws/src/install/nav2_gps_waypoint_follower_demo:/home/lalit/ros2_ws/src/install/anvrit_odometry:/home/lalit/ros2_ws/src/install/anvrit_navigation:/home/lalit/ros2_ws/install/turtle_controller:/home/lalit/ros2_ws/install/nav2_gps_waypoint_follower_demo:/home/lalit/ros2_ws/install/bot_control:/home/lalit/ros2_ws/install/anvrit_odometry:/opt/ros/humble /usr/bin/cmake /home/lalit/cyb_ws/src/Anvrit/anvrit_description -DCMAKE_INSTALL_PREFIX=/home/lalit/cyb_ws/install/anvrit_description
[0.582s] -- The C compiler identification is GNU 11.4.0
[0.584s] -- The CXX compiler identification is GNU 11.4.0
[0.585s] -- Detecting C compiler ABI info
[0.585s] -- Detecting C compiler ABI info - done
[0.585s] -- Check for working C compiler: /usr/bin/cc - skipped
[0.586s] -- Detecting C compile features
[0.586s] -- Detecting C compile features - done
[0.586s] -- Detecting CXX compiler ABI info
[0.600s] -- Detecting CXX compiler ABI info - done
[0.619s] -- Check for working CXX compiler: /usr/bin/c++ - skipped
[0.619s] -- Detecting CXX compile features
[0.620s] -- Detecting CXX compile features - done
[0.627s] -- Found ament_cmake: 1.3.9 (/opt/ros/humble/share/ament_cmake/cmake)
[0.943s] -- Found Python3: /usr/bin/python3 (found version "3.10.12") found components: Interpreter 
[1.155s] -- Found ament_lint_auto: 0.12.11 (/opt/ros/humble/share/ament_lint_auto/cmake)
[1.339s] -- Added test 'flake8' to check Python code syntax and style conventions
[1.341s] -- Added test 'lint_cmake' to check CMake code style
[1.342s] -- Added test 'pep257' to check Python code against some of the docstring style conventions in PEP 257
[1.345s] -- Added test 'xmllint' to check XML markup files
[1.347s] -- Configuring done
[1.352s] -- Generating done
[1.353s] -- Build files have been written to: /home/lalit/cyb_ws/build/anvrit_description
[1.361s] Invoked command in '/home/lalit/cyb_ws/build/anvrit_description' returned '0': CMAKE_PREFIX_PATH=${CMAKE_PREFIX_PATH}:/home/lalit/ros2_ws/src/install/turtle_controller:/home/lalit/ros2_ws/src/install/bot_control:/home/lalit/ros2_ws/src/install/nav2_gps_waypoint_follower_demo:/home/lalit/ros2_ws/src/install/anvrit_odometry:/home/lalit/ros2_ws/src/install/anvrit_navigation:/home/lalit/ros2_ws/install/turtle_controller:/home/lalit/ros2_ws/install/nav2_gps_waypoint_follower_demo:/home/lalit/ros2_ws/install/bot_control:/home/lalit/ros2_ws/install/anvrit_odometry:/opt/ros/humble /usr/bin/cmake /home/lalit/cyb_ws/src/Anvrit/anvrit_description -DCMAKE_INSTALL_PREFIX=/home/lalit/cyb_ws/install/anvrit_description
[1.365s] Invoking command in '/home/lalit/cyb_ws/build/anvrit_description': CMAKE_PREFIX_PATH=${CMAKE_PREFIX_PATH}:/home/lalit/ros2_ws/src/install/turtle_controller:/home/lalit/ros2_ws/src/install/bot_control:/home/lalit/ros2_ws/src/install/nav2_gps_waypoint_follower_demo:/home/lalit/ros2_ws/src/install/anvrit_odometry:/home/lalit/ros2_ws/src/install/anvrit_navigation:/home/lalit/ros2_ws/install/turtle_controller:/home/lalit/ros2_ws/install/nav2_gps_waypoint_follower_demo:/home/lalit/ros2_ws/install/bot_control:/home/lalit/ros2_ws/install/anvrit_odometry:/opt/ros/humble /usr/bin/cmake --build /home/lalit/cyb_ws/build/anvrit_description -- -j16 -l16
[1.439s] Invoked command in '/home/lalit/cyb_ws/build/anvrit_description' returned '0': CMAKE_PREFIX_PATH=${CMAKE_PREFIX_PATH}:/home/lalit/ros2_ws/src/install/turtle_controller:/home/lalit/ros2_ws/src/install/bot_control:/home/lalit/ros2_ws/src/install/nav2_gps_waypoint_follower_demo:/home/lalit/ros2_ws/src/install/anvrit_odometry:/home/lalit/ros2_ws/src/install/anvrit_navigation:/home/lalit/ros2_ws/install/turtle_controller:/home/lalit/ros2_ws/install/nav2_gps_waypoint_follower_demo:/home/lalit/ros2_ws/install/bot_control:/home/lalit/ros2_ws/install/anvrit_odometry:/opt/ros/humble /usr/bin/cmake --build /home/lalit/cyb_ws/build/anvrit_description -- -j16 -l16
[1.512s] Invoking command in '/home/lalit/cyb_ws/build/anvrit_description': CMAKE_PREFIX_PATH=${CMAKE_PREFIX_PATH}:/home/lalit/ros2_ws/src/install/turtle_controller:/home/lalit/ros2_ws/src/install/bot_control:/home/lalit/ros2_ws/src/install/nav2_gps_waypoint_follower_demo:/home/lalit/ros2_ws/src/install/anvrit_odometry:/home/lalit/ros2_ws/src/install/anvrit_navigation:/home/lalit/ros2_ws/install/turtle_controller:/home/lalit/ros2_ws/install/nav2_gps_waypoint_follower_demo:/home/lalit/ros2_ws/install/bot_control:/home/lalit/ros2_ws/install/anvrit_odometry:/opt/ros/humble /usr/bin/cmake --install /home/lalit/cyb_ws/build/anvrit_description
[1.528s] -- Install configuration: ""
[1.528s] -- Installing: /home/lalit/cyb_ws/install/anvrit_description/share/anvrit_description//launch
[1.528s] -- Installing: /home/lalit/cyb_ws/install/anvrit_description/share/anvrit_description//launch/spawn_anvrit.launch.py
[1.529s] -- Installing: /home/lalit/cyb_ws/install/anvrit_description/share/anvrit_description//launch/robot_state_publisher.launch.py
[1.529s] -- Installing: /home/lalit/cyb_ws/install/anvrit_description/share/anvrit_description//launch/empty_world.launch.py
[1.529s] -- Installing: /home/lalit/cyb_ws/install/anvrit_description/share/anvrit_description//meshes
[1.530s] -- Installing: /home/lalit/cyb_ws/install/anvrit_description/share/anvrit_description//meshes/camera_link.STL
[1.535s] -- Installing: /home/lalit/cyb_ws/install/anvrit_description/share/anvrit_description//meshes/phone_link.STL
[1.537s] -- Installing: /home/lalit/cyb_ws/install/anvrit_description/share/anvrit_description//meshes/base_link.STL
[1.557s] -- Installing: /home/lalit/cyb_ws/install/anvrit_description/share/anvrit_description//meshes/caster_1_link.STL
[1.558s] -- Installing: /home/lalit/cyb_ws/install/anvrit_description/share/anvrit_description//meshes/lidar_link.STL
[1.559s] -- Installing: /home/lalit/cyb_ws/install/anvrit_description/share/anvrit_description//meshes/caster_2_link.STL
[1.560s] -- Installing: /home/lalit/cyb_ws/install/anvrit_description/share/anvrit_description//meshes/left_wheel_link.STL
[1.561s] -- Installing: /home/lalit/cyb_ws/install/anvrit_description/share/anvrit_description//meshes/gps_link.STL
[1.565s] -- Installing: /home/lalit/cyb_ws/install/anvrit_description/share/anvrit_description//meshes/wheel.stl
[1.575s] -- Installing: /home/lalit/cyb_ws/install/anvrit_description/share/anvrit_description//meshes/right_wheel_link.STL
[1.576s] -- Installing: /home/lalit/cyb_ws/install/anvrit_description/share/anvrit_description//worlds
[1.577s] -- Installing: /home/lalit/cyb_ws/install/anvrit_description/share/anvrit_description//worlds/empty_world.world
[1.577s] -- Installing: /home/lalit/cyb_ws/install/anvrit_description/share/anvrit_description//urdf
[1.577s] -- Installing: /home/lalit/cyb_ws/install/anvrit_description/share/anvrit_description//urdf/anvrit.gazebo
[1.578s] -- Installing: /home/lalit/cyb_ws/install/anvrit_description/share/anvrit_description//urdf/anvrit.urdf.xacro
[1.578s] -- Installing: /home/lalit/cyb_ws/install/anvrit_description/share/ament_index/resource_index/package_run_dependencies/anvrit_description
[1.579s] -- Installing: /home/lalit/cyb_ws/install/anvrit_description/share/ament_index/resource_index/parent_prefix_path/anvrit_description
[1.579s] -- Installing: /home/lalit/cyb_ws/install/anvrit_description/share/anvrit_description/environment/ament_prefix_path.sh
[1.579s] -- Installing: /home/lalit/cyb_ws/install/anvrit_description/share/anvrit_description/environment/ament_prefix_path.dsv
[1.579s] -- Installing: /home/lalit/cyb_ws/install/anvrit_description/share/anvrit_description/environment/path.sh
[1.580s] -- Installing: /home/lalit/cyb_ws/install/anvrit_description/share/anvrit_description/environment/path.dsv
[1.580s] -- Installing: /home/lalit/cyb_ws/install/anvrit_description/share/anvrit_description/local_setup.bash
[1.580s] -- Installing: /home/lalit/cyb_ws/install/anvrit_description/share/anvrit_description/local_setup.sh
[1.580s] -- Installing: /home/lalit/cyb_ws/install/anvrit_description/share/anvrit_description/local_setup.zsh
[1.580s] -- Installing: /home/lalit/cyb_ws/install/anvrit_description/share/anvrit_description/local_setup.dsv
[1.581s] -- Installing: /home/lalit/cyb_ws/install/anvrit_description/share/anvrit_description/package.dsv
[1.581s] -- Installing: /home/lalit/cyb_ws/install/anvrit_description/share/ament_index/resource_index/packages/anvrit_description
[1.581s] -- Installing: /home/lalit/cyb_ws/install/anvrit_description/share/anvrit_description/cmake/anvrit_descriptionConfig.cmake
[1.581s] -- Installing: /home/lalit/cyb_ws/install/anvrit_description/share/anvrit_description/cmake/anvrit_descriptionConfig-version.cmake
[1.582s] -- Installing: /home/lalit/cyb_ws/install/anvrit_description/share/anvrit_description/package.xml
[1.584s] Invoked command in '/home/lalit/cyb_ws/build/anvrit_description' returned '0': CMAKE_PREFIX_PATH=${CMAKE_PREFIX_PATH}:/home/lalit/ros2_ws/src/install/turtle_controller:/home/lalit/ros2_ws/src/install/bot_control:/home/lalit/ros2_ws/src/install/nav2_gps_waypoint_follower_demo:/home/lalit/ros2_ws/src/install/anvrit_odometry:/home/lalit/ros2_ws/src/install/anvrit_navigation:/home/lalit/ros2_ws/install/turtle_controller:/home/lalit/ros2_ws/install/nav2_gps_waypoint_follower_demo:/home/lalit/ros2_ws/install/bot_control:/home/lalit/ros2_ws/install/anvrit_odometry:/opt/ros/humble /usr/bin/cmake --install /home/lalit/cyb_ws/build/anvrit_description
