[0.047s] Invoking command in '/home/lalit/cyb_ws/build/anvrit_gazebo': CMAKE_PREFIX_PATH=${CMAKE_PREFIX_PATH}:/home/lalit/cyb_ws/install/anvrit_odometry:/home/lalit/cyb_ws/install/anvrit_navigation:/home/lalit/ros2_ws/install/turtle_controller:/home/lalit/ros2_ws/install/nav2_gps_waypoint_follower_demo:/home/lalit/ros2_ws/install/bot_control:/home/lalit/ros2_ws/install/anvrit_odometry:/opt/ros/humble /usr/bin/cmake --build /home/lalit/cyb_ws/build/anvrit_gazebo -- -j16 -l16
[0.518s] Invoked command in '/home/lalit/cyb_ws/build/anvrit_gazebo' returned '0': CMAKE_PREFIX_PATH=${CMAKE_PREFIX_PATH}:/home/lalit/cyb_ws/install/anvrit_odometry:/home/lalit/cyb_ws/install/anvrit_navigation:/home/lalit/ros2_ws/install/turtle_controller:/home/lalit/ros2_ws/install/nav2_gps_waypoint_follower_demo:/home/lalit/ros2_ws/install/bot_control:/home/lalit/ros2_ws/install/anvrit_odometry:/opt/ros/humble /usr/bin/cmake --build /home/lalit/cyb_ws/build/anvrit_gazebo -- -j16 -l16
[0.920s] Invoking command in '/home/lalit/cyb_ws/build/anvrit_gazebo': CMAKE_PREFIX_PATH=${CMAKE_PREFIX_PATH}:/home/lalit/cyb_ws/install/anvrit_odometry:/home/lalit/cyb_ws/install/anvrit_navigation:/home/lalit/ros2_ws/install/turtle_controller:/home/lalit/ros2_ws/install/nav2_gps_waypoint_follower_demo:/home/lalit/ros2_ws/install/bot_control:/home/lalit/ros2_ws/install/anvrit_odometry:/opt/ros/humble /usr/bin/cmake --install /home/lalit/cyb_ws/build/anvrit_gazebo
[0.934s] -- Install configuration: ""
[0.935s] -- Up-to-date: /home/lalit/cyb_ws/install/anvrit_gazebo/share/anvrit_gazebo//launch
[0.935s] -- Up-to-date: /home/lalit/cyb_ws/install/anvrit_gazebo/share/anvrit_gazebo//launch/warehouse_world.launch.py
[0.935s] -- Up-to-date: /home/lalit/cyb_ws/install/anvrit_gazebo/share/anvrit_gazebo//worlds
[0.935s] -- Up-to-date: /home/lalit/cyb_ws/install/anvrit_gazebo/share/anvrit_gazebo//worlds/small_warehouse.world
[0.936s] -- Up-to-date: /home/lalit/cyb_ws/install/anvrit_gazebo/share/anvrit_gazebo//worlds/no_roof_small_warehouse.world
[0.936s] -- Up-to-date: /home/lalit/cyb_ws/install/anvrit_gazebo/share/anvrit_gazebo//models
[0.936s] -- Up-to-date: /home/lalit/cyb_ws/install/anvrit_gazebo/share/anvrit_gazebo//models/aws_robomaker_warehouse_RoofB_01
[0.936s] -- Up-to-date: /home/lalit/cyb_ws/install/anvrit_gazebo/share/anvrit_gazebo//models/aws_robomaker_warehouse_RoofB_01/materials
[0.936s] -- Up-to-date: /home/lalit/cyb_ws/install/anvrit_gazebo/share/anvrit_gazebo//models/aws_robomaker_warehouse_RoofB_01/materials/textures
[0.936s] -- Up-to-date: /home/lalit/cyb_ws/install/anvrit_gazebo/share/anvrit_gazebo//models/aws_robomaker_warehouse_RoofB_01/materials/textures/aws_robomaker_warehouse_RoofB_01.png
[0.936s] -- Up-to-date: /home/lalit/cyb_ws/install/anvrit_gazebo/share/anvrit_gazebo//models/aws_robomaker_warehouse_RoofB_01/model.config
[0.936s] -- Up-to-date: /home/lalit/cyb_ws/install/anvrit_gazebo/share/anvrit_gazebo//models/aws_robomaker_warehouse_RoofB_01/model.sdf
[0.936s] -- Up-to-date: /home/lalit/cyb_ws/install/anvrit_gazebo/share/anvrit_gazebo//models/aws_robomaker_warehouse_RoofB_01/meshes
[0.936s] -- Up-to-date: /home/lalit/cyb_ws/install/anvrit_gazebo/share/anvrit_gazebo//models/aws_robomaker_warehouse_RoofB_01/meshes/aws_robomaker_warehouse_RoofB_01_collision.DAE
[0.937s] -- Up-to-date: /home/lalit/cyb_ws/install/anvrit_gazebo/share/anvrit_gazebo//models/aws_robomaker_warehouse_RoofB_01/meshes/aws_robomaker_warehouse_RoofB_01_visual.DAE
[0.937s] -- Up-to-date: /home/lalit/cyb_ws/install/anvrit_gazebo/share/anvrit_gazebo//models/aws_robomaker_warehouse_ShelfD_01
[0.937s] -- Up-to-date: /home/lalit/cyb_ws/install/anvrit_gazebo/share/anvrit_gazebo//models/aws_robomaker_warehouse_ShelfD_01/materials
[0.937s] -- Up-to-date: /home/lalit/cyb_ws/install/anvrit_gazebo/share/anvrit_gazebo//models/aws_robomaker_warehouse_ShelfD_01/materials/textures
[0.937s] -- Up-to-date: /home/lalit/cyb_ws/install/anvrit_gazebo/share/anvrit_gazebo//models/aws_robomaker_warehouse_ShelfD_01/materials/textures/aws_robomaker_warehouse_ShelfD_01.png
[0.937s] -- Up-to-date: /home/lalit/cyb_ws/install/anvrit_gazebo/share/anvrit_gazebo//models/aws_robomaker_warehouse_ShelfD_01/materials/textures/aws_robomaker_warehouse_ShelfD_04.png
[0.940s] -- Up-to-date: /home/lalit/cyb_ws/install/anvrit_gazebo/share/anvrit_gazebo//models/aws_robomaker_warehouse_ShelfD_01/materials/textures/aws_robomaker_warehouse_ShelfD_02.png
[0.940s] -- Up-to-date: /home/lalit/cyb_ws/install/anvrit_gazebo/share/anvrit_gazebo//models/aws_robomaker_warehouse_ShelfD_01/materials/textures/aws_robomaker_warehouse_ShelfD_03.png
[0.940s] -- Up-to-date: /home/lalit/cyb_ws/install/anvrit_gazebo/share/anvrit_gazebo//models/aws_robomaker_warehouse_ShelfD_01/model.config
[0.941s] -- Up-to-date: /home/lalit/cyb_ws/install/anvrit_gazebo/share/anvrit_gazebo//models/aws_robomaker_warehouse_ShelfD_01/model.sdf
[0.941s] -- Up-to-date: /home/lalit/cyb_ws/install/anvrit_gazebo/share/anvrit_gazebo//models/aws_robomaker_warehouse_ShelfD_01/meshes
[0.942s] -- Up-to-date: /home/lalit/cyb_ws/install/anvrit_gazebo/share/anvrit_gazebo//models/aws_robomaker_warehouse_ShelfD_01/meshes/aws_robomaker_warehouse_ShelfD_01_collision.DAE
[0.943s] -- Up-to-date: /home/lalit/cyb_ws/install/anvrit_gazebo/share/anvrit_gazebo//models/aws_robomaker_warehouse_ShelfD_01/meshes/aws_robomaker_warehouse_ShelfD_01_visual.DAE
[0.943s] -- Up-to-date: /home/lalit/cyb_ws/install/anvrit_gazebo/share/anvrit_gazebo//models/aws_robomaker_warehouse_ClutteringA_01
[0.943s] -- Up-to-date: /home/lalit/cyb_ws/install/anvrit_gazebo/share/anvrit_gazebo//models/aws_robomaker_warehouse_ClutteringA_01/materials
[0.943s] -- Up-to-date: /home/lalit/cyb_ws/install/anvrit_gazebo/share/anvrit_gazebo//models/aws_robomaker_warehouse_ClutteringA_01/materials/.DS_Store
[0.944s] -- Up-to-date: /home/lalit/cyb_ws/install/anvrit_gazebo/share/anvrit_gazebo//models/aws_robomaker_warehouse_ClutteringA_01/materials/textures
[0.944s] -- Up-to-date: /home/lalit/cyb_ws/install/anvrit_gazebo/share/anvrit_gazebo//models/aws_robomaker_warehouse_ClutteringA_01/materials/textures/.DS_Store
[0.944s] -- Up-to-date: /home/lalit/cyb_ws/install/anvrit_gazebo/share/anvrit_gazebo//models/aws_robomaker_warehouse_ClutteringA_01/materials/textures/aws_robomaker_warehouse_ClutteringA_03.png
[0.945s] -- Up-to-date: /home/lalit/cyb_ws/install/anvrit_gazebo/share/anvrit_gazebo//models/aws_robomaker_warehouse_ClutteringA_01/materials/textures/aws_robomaker_warehouse_ClutteringA_02.png
[0.945s] -- Up-to-date: /home/lalit/cyb_ws/install/anvrit_gazebo/share/anvrit_gazebo//models/aws_robomaker_warehouse_ClutteringA_01/materials/textures/aws_robomaker_warehouse_ClutteringA_01.png
[0.945s] -- Up-to-date: /home/lalit/cyb_ws/install/anvrit_gazebo/share/anvrit_gazebo//models/aws_robomaker_warehouse_ClutteringA_01/.DS_Store
[0.945s] -- Up-to-date: /home/lalit/cyb_ws/install/anvrit_gazebo/share/anvrit_gazebo//models/aws_robomaker_warehouse_ClutteringA_01/model.config
[0.946s] -- Up-to-date: /home/lalit/cyb_ws/install/anvrit_gazebo/share/anvrit_gazebo//models/aws_robomaker_warehouse_ClutteringA_01/model.sdf
[0.946s] -- Up-to-date: /home/lalit/cyb_ws/install/anvrit_gazebo/share/anvrit_gazebo//models/aws_robomaker_warehouse_ClutteringA_01/meshes
[0.946s] -- Up-to-date: /home/lalit/cyb_ws/install/anvrit_gazebo/share/anvrit_gazebo//models/aws_robomaker_warehouse_ClutteringA_01/meshes/aws_robomaker_warehouse_ClutteringA_01_visual.DAE
[0.946s] -- Up-to-date: /home/lalit/cyb_ws/install/anvrit_gazebo/share/anvrit_gazebo//models/aws_robomaker_warehouse_ClutteringA_01/meshes/aws_robomaker_warehouse_ClutteringA_01_collision.DAE
[0.946s] -- Up-to-date: /home/lalit/cyb_ws/install/anvrit_gazebo/share/anvrit_gazebo//models/aws_robomaker_warehouse_DeskC_01
[0.946s] -- Up-to-date: /home/lalit/cyb_ws/install/anvrit_gazebo/share/anvrit_gazebo//models/aws_robomaker_warehouse_DeskC_01/materials
[0.946s] -- Up-to-date: /home/lalit/cyb_ws/install/anvrit_gazebo/share/anvrit_gazebo//models/aws_robomaker_warehouse_DeskC_01/materials/.DS_Store
[0.946s] -- Up-to-date: /home/lalit/cyb_ws/install/anvrit_gazebo/share/anvrit_gazebo//models/aws_robomaker_warehouse_DeskC_01/materials/textures
[0.946s] -- Up-to-date: /home/lalit/cyb_ws/install/anvrit_gazebo/share/anvrit_gazebo//models/aws_robomaker_warehouse_DeskC_01/materials/textures/aws_robomaker_warehouse_DeskC_04.png
[0.947s] -- Up-to-date: /home/lalit/cyb_ws/install/anvrit_gazebo/share/anvrit_gazebo//models/aws_robomaker_warehouse_DeskC_01/materials/textures/aws_robomaker_warehouse_DeskC_02.png
[0.947s] -- Up-to-date: /home/lalit/cyb_ws/install/anvrit_gazebo/share/anvrit_gazebo//models/aws_robomaker_warehouse_DeskC_01/materials/textures/aws_robomaker_warehouse_DeskC_01.png
[0.947s] -- Up-to-date: /home/lalit/cyb_ws/install/anvrit_gazebo/share/anvrit_gazebo//models/aws_robomaker_warehouse_DeskC_01/materials/textures/aws_robomaker_warehouse_DeskC_03.png
[0.947s] -- Up-to-date: /home/lalit/cyb_ws/install/anvrit_gazebo/share/anvrit_gazebo//models/aws_robomaker_warehouse_DeskC_01/materials/textures/aws_robomaker_warehouse_DeskC_03.psd
[0.947s] -- Up-to-date: /home/lalit/cyb_ws/install/anvrit_gazebo/share/anvrit_gazebo//models/aws_robomaker_warehouse_DeskC_01/model.config
[0.947s] -- Up-to-date: /home/lalit/cyb_ws/install/anvrit_gazebo/share/anvrit_gazebo//models/aws_robomaker_warehouse_DeskC_01/model.sdf
[0.947s] -- Up-to-date: /home/lalit/cyb_ws/install/anvrit_gazebo/share/anvrit_gazebo//models/aws_robomaker_warehouse_DeskC_01/meshes
[0.947s] -- Up-to-date: /home/lalit/cyb_ws/install/anvrit_gazebo/share/anvrit_gazebo//models/aws_robomaker_warehouse_DeskC_01/meshes/aws_robomaker_warehouse_DeskC_01_collision.DAE
[0.948s] -- Up-to-date: /home/lalit/cyb_ws/install/anvrit_gazebo/share/anvrit_gazebo//models/aws_robomaker_warehouse_DeskC_01/meshes/aws_robomaker_warehouse_DeskC_01_visual.DAE
[0.948s] -- Up-to-date: /home/lalit/cyb_ws/install/anvrit_gazebo/share/anvrit_gazebo//models/aws_robomaker_warehouse_Bucket_01
[0.948s] -- Up-to-date: /home/lalit/cyb_ws/install/anvrit_gazebo/share/anvrit_gazebo//models/aws_robomaker_warehouse_Bucket_01/materials
[0.948s] -- Up-to-date: /home/lalit/cyb_ws/install/anvrit_gazebo/share/anvrit_gazebo//models/aws_robomaker_warehouse_Bucket_01/materials/.DS_Store
[0.948s] -- Up-to-date: /home/lalit/cyb_ws/install/anvrit_gazebo/share/anvrit_gazebo//models/aws_robomaker_warehouse_Bucket_01/materials/textures
[0.948s] -- Up-to-date: /home/lalit/cyb_ws/install/anvrit_gazebo/share/anvrit_gazebo//models/aws_robomaker_warehouse_Bucket_01/materials/textures/aws_robomaker_warehouse_Bucket_01.png
[0.948s] -- Up-to-date: /home/lalit/cyb_ws/install/anvrit_gazebo/share/anvrit_gazebo//models/aws_robomaker_warehouse_Bucket_01/.DS_Store
[0.949s] -- Up-to-date: /home/lalit/cyb_ws/install/anvrit_gazebo/share/anvrit_gazebo//models/aws_robomaker_warehouse_Bucket_01/model.config
[0.949s] -- Up-to-date: /home/lalit/cyb_ws/install/anvrit_gazebo/share/anvrit_gazebo//models/aws_robomaker_warehouse_Bucket_01/model.sdf
[0.949s] -- Up-to-date: /home/lalit/cyb_ws/install/anvrit_gazebo/share/anvrit_gazebo//models/aws_robomaker_warehouse_Bucket_01/meshes
[0.949s] -- Up-to-date: /home/lalit/cyb_ws/install/anvrit_gazebo/share/anvrit_gazebo//models/aws_robomaker_warehouse_Bucket_01/meshes/aws_robomaker_warehouse_Bucket_01_collision.DAE
[0.949s] -- Up-to-date: /home/lalit/cyb_ws/install/anvrit_gazebo/share/anvrit_gazebo//models/aws_robomaker_warehouse_Bucket_01/meshes/aws_robomaker_warehouse_Bucket_01_visual.DAE
[0.949s] -- Up-to-date: /home/lalit/cyb_ws/install/anvrit_gazebo/share/anvrit_gazebo//models/aws_robomaker_warehouse_ClutteringD_01
[0.949s] -- Up-to-date: /home/lalit/cyb_ws/install/anvrit_gazebo/share/anvrit_gazebo//models/aws_robomaker_warehouse_ClutteringD_01/materials
[0.949s] -- Up-to-date: /home/lalit/cyb_ws/install/anvrit_gazebo/share/anvrit_gazebo//models/aws_robomaker_warehouse_ClutteringD_01/materials/textures
[0.949s] -- Up-to-date: /home/lalit/cyb_ws/install/anvrit_gazebo/share/anvrit_gazebo//models/aws_robomaker_warehouse_ClutteringD_01/materials/textures/aws_robomaker_warehouse_ClutteringD_01.png
[0.949s] -- Up-to-date: /home/lalit/cyb_ws/install/anvrit_gazebo/share/anvrit_gazebo//models/aws_robomaker_warehouse_ClutteringD_01/materials/textures/aws_robomaker_warehouse_ClutteringD_02.png
[0.950s] -- Up-to-date: /home/lalit/cyb_ws/install/anvrit_gazebo/share/anvrit_gazebo//models/aws_robomaker_warehouse_ClutteringD_01/model.config
[0.950s] -- Up-to-date: /home/lalit/cyb_ws/install/anvrit_gazebo/share/anvrit_gazebo//models/aws_robomaker_warehouse_ClutteringD_01/model.sdf
[0.950s] -- Up-to-date: /home/lalit/cyb_ws/install/anvrit_gazebo/share/anvrit_gazebo//models/aws_robomaker_warehouse_ClutteringD_01/meshes
[0.950s] -- Up-to-date: /home/lalit/cyb_ws/install/anvrit_gazebo/share/anvrit_gazebo//models/aws_robomaker_warehouse_ClutteringD_01/meshes/aws_robomaker_warehouse_ClutteringD_01_visual.DAE
[0.950s] -- Up-to-date: /home/lalit/cyb_ws/install/anvrit_gazebo/share/anvrit_gazebo//models/aws_robomaker_warehouse_ClutteringD_01/meshes/aws_robomaker_warehouse_ClutteringD_01_collision.DAE
[0.950s] -- Up-to-date: /home/lalit/cyb_ws/install/anvrit_gazebo/share/anvrit_gazebo//models/aws_robomaker_warehouse_Lamp_01
[0.950s] -- Up-to-date: /home/lalit/cyb_ws/install/anvrit_gazebo/share/anvrit_gazebo//models/aws_robomaker_warehouse_Lamp_01/materials
[0.950s] -- Up-to-date: /home/lalit/cyb_ws/install/anvrit_gazebo/share/anvrit_gazebo//models/aws_robomaker_warehouse_Lamp_01/materials/textures
[0.950s] -- Up-to-date: /home/lalit/cyb_ws/install/anvrit_gazebo/share/anvrit_gazebo//models/aws_robomaker_warehouse_Lamp_01/materials/textures/aws_robomaker_warehouse_Lamp_01.png
[0.950s] -- Up-to-date: /home/lalit/cyb_ws/install/anvrit_gazebo/share/anvrit_gazebo//models/aws_robomaker_warehouse_Lamp_01/model.config
[0.950s] -- Up-to-date: /home/lalit/cyb_ws/install/anvrit_gazebo/share/anvrit_gazebo//models/aws_robomaker_warehouse_Lamp_01/model.sdf
[0.951s] -- Up-to-date: /home/lalit/cyb_ws/install/anvrit_gazebo/share/anvrit_gazebo//models/aws_robomaker_warehouse_Lamp_01/meshes
[0.951s] -- Up-to-date: /home/lalit/cyb_ws/install/anvrit_gazebo/share/anvrit_gazebo//models/aws_robomaker_warehouse_Lamp_01/meshes/aws_robomaker_warehouse_Lamp_01_visual.DAE
[0.951s] -- Up-to-date: /home/lalit/cyb_ws/install/anvrit_gazebo/share/anvrit_gazebo//models/aws_robomaker_warehouse_Lamp_01/meshes/aws_robomaker_warehouse_Lamp_01_collision.DAE
[0.951s] -- Up-to-date: /home/lalit/cyb_ws/install/anvrit_gazebo/share/anvrit_gazebo//models/aws_robomaker_warehouse_TrashCanC_01
[0.951s] -- Up-to-date: /home/lalit/cyb_ws/install/anvrit_gazebo/share/anvrit_gazebo//models/aws_robomaker_warehouse_TrashCanC_01/materials
[0.951s] -- Up-to-date: /home/lalit/cyb_ws/install/anvrit_gazebo/share/anvrit_gazebo//models/aws_robomaker_warehouse_TrashCanC_01/materials/textures
[0.951s] -- Up-to-date: /home/lalit/cyb_ws/install/anvrit_gazebo/share/anvrit_gazebo//models/aws_robomaker_warehouse_TrashCanC_01/materials/textures/aws_robomaker_warehouse_TrashCanC_01.png
[0.951s] -- Up-to-date: /home/lalit/cyb_ws/install/anvrit_gazebo/share/anvrit_gazebo//models/aws_robomaker_warehouse_TrashCanC_01/model.config
[0.951s] -- Up-to-date: /home/lalit/cyb_ws/install/anvrit_gazebo/share/anvrit_gazebo//models/aws_robomaker_warehouse_TrashCanC_01/model.sdf
[0.951s] -- Up-to-date: /home/lalit/cyb_ws/install/anvrit_gazebo/share/anvrit_gazebo//models/aws_robomaker_warehouse_TrashCanC_01/meshes
[0.951s] -- Up-to-date: /home/lalit/cyb_ws/install/anvrit_gazebo/share/anvrit_gazebo//models/aws_robomaker_warehouse_TrashCanC_01/meshes/aws_robomaker_warehouse_TrashCanC_01_visual.DAE
[0.952s] -- Up-to-date: /home/lalit/cyb_ws/install/anvrit_gazebo/share/anvrit_gazebo//models/aws_robomaker_warehouse_TrashCanC_01/meshes/aws_robomaker_warehouse_TrashCanC_01_collision.DAE
[0.952s] -- Up-to-date: /home/lalit/cyb_ws/install/anvrit_gazebo/share/anvrit_gazebo//models/aws_robomaker_warehouse_GroundB_01
[0.952s] -- Up-to-date: /home/lalit/cyb_ws/install/anvrit_gazebo/share/anvrit_gazebo//models/aws_robomaker_warehouse_GroundB_01/materials
[0.952s] -- Up-to-date: /home/lalit/cyb_ws/install/anvrit_gazebo/share/anvrit_gazebo//models/aws_robomaker_warehouse_GroundB_01/materials/textures
[0.952s] -- Up-to-date: /home/lalit/cyb_ws/install/anvrit_gazebo/share/anvrit_gazebo//models/aws_robomaker_warehouse_GroundB_01/materials/textures/aws_robomaker_warehouse_GroundB_01.png
[0.952s] -- Up-to-date: /home/lalit/cyb_ws/install/anvrit_gazebo/share/anvrit_gazebo//models/aws_robomaker_warehouse_GroundB_01/materials/textures/aws_robomaker_warehouse_GroundB_02.png
[0.952s] -- Up-to-date: /home/lalit/cyb_ws/install/anvrit_gazebo/share/anvrit_gazebo//models/aws_robomaker_warehouse_GroundB_01/model.config
[0.952s] -- Up-to-date: /home/lalit/cyb_ws/install/anvrit_gazebo/share/anvrit_gazebo//models/aws_robomaker_warehouse_GroundB_01/model.sdf
[0.952s] -- Up-to-date: /home/lalit/cyb_ws/install/anvrit_gazebo/share/anvrit_gazebo//models/aws_robomaker_warehouse_GroundB_01/meshes
[0.952s] -- Up-to-date: /home/lalit/cyb_ws/install/anvrit_gazebo/share/anvrit_gazebo//models/aws_robomaker_warehouse_GroundB_01/meshes/aws_robomaker_warehouse_GroundB_01_collision.DAE
[0.953s] -- Up-to-date: /home/lalit/cyb_ws/install/anvrit_gazebo/share/anvrit_gazebo//models/aws_robomaker_warehouse_GroundB_01/meshes/aws_robomaker_warehouse_GroundB_01_visual.DAE
[0.953s] -- Up-to-date: /home/lalit/cyb_ws/install/anvrit_gazebo/share/anvrit_gazebo//models/aws_robomaker_warehouse_ShelfE_01
[0.953s] -- Up-to-date: /home/lalit/cyb_ws/install/anvrit_gazebo/share/anvrit_gazebo//models/aws_robomaker_warehouse_ShelfE_01/materials
[0.953s] -- Up-to-date: /home/lalit/cyb_ws/install/anvrit_gazebo/share/anvrit_gazebo//models/aws_robomaker_warehouse_ShelfE_01/materials/.DS_Store
[0.953s] -- Up-to-date: /home/lalit/cyb_ws/install/anvrit_gazebo/share/anvrit_gazebo//models/aws_robomaker_warehouse_ShelfE_01/materials/textures
[0.953s] -- Up-to-date: /home/lalit/cyb_ws/install/anvrit_gazebo/share/anvrit_gazebo//models/aws_robomaker_warehouse_ShelfE_01/materials/textures/aws_robomaker_warehouse_ShelfE_03.png
[0.953s] -- Up-to-date: /home/lalit/cyb_ws/install/anvrit_gazebo/share/anvrit_gazebo//models/aws_robomaker_warehouse_ShelfE_01/materials/textures/aws_robomaker_warehouse_ShelfE_01.png
[0.953s] -- Up-to-date: /home/lalit/cyb_ws/install/anvrit_gazebo/share/anvrit_gazebo//models/aws_robomaker_warehouse_ShelfE_01/materials/textures/aws_robomaker_warehouse_ShelfE_02.png
[0.953s] -- Up-to-date: /home/lalit/cyb_ws/install/anvrit_gazebo/share/anvrit_gazebo//models/aws_robomaker_warehouse_ShelfE_01/materials/textures/aws_robomaker_warehouse_ShelfE_04.png
[0.954s] -- Up-to-date: /home/lalit/cyb_ws/install/anvrit_gazebo/share/anvrit_gazebo//models/aws_robomaker_warehouse_ShelfE_01/.DS_Store
[0.954s] -- Up-to-date: /home/lalit/cyb_ws/install/anvrit_gazebo/share/anvrit_gazebo//models/aws_robomaker_warehouse_ShelfE_01/model.config
[0.954s] -- Up-to-date: /home/lalit/cyb_ws/install/anvrit_gazebo/share/anvrit_gazebo//models/aws_robomaker_warehouse_ShelfE_01/model.sdf
[0.954s] -- Up-to-date: /home/lalit/cyb_ws/install/anvrit_gazebo/share/anvrit_gazebo//models/aws_robomaker_warehouse_ShelfE_01/meshes
[0.954s] -- Up-to-date: /home/lalit/cyb_ws/install/anvrit_gazebo/share/anvrit_gazebo//models/aws_robomaker_warehouse_ShelfE_01/meshes/aws_robomaker_warehouse_ShelfE_01_collision.DAE
[0.954s] -- Up-to-date: /home/lalit/cyb_ws/install/anvrit_gazebo/share/anvrit_gazebo//models/aws_robomaker_warehouse_ShelfE_01/meshes/aws_robomaker_warehouse_ShelfE_01_visual.DAE
[0.954s] -- Up-to-date: /home/lalit/cyb_ws/install/anvrit_gazebo/share/anvrit_gazebo//models/aws_robomaker_warehouse_WallB_01
[0.955s] -- Up-to-date: /home/lalit/cyb_ws/install/anvrit_gazebo/share/anvrit_gazebo//models/aws_robomaker_warehouse_WallB_01/materials
[0.955s] -- Up-to-date: /home/lalit/cyb_ws/install/anvrit_gazebo/share/anvrit_gazebo//models/aws_robomaker_warehouse_WallB_01/materials/textures
[0.955s] -- Up-to-date: /home/lalit/cyb_ws/install/anvrit_gazebo/share/anvrit_gazebo//models/aws_robomaker_warehouse_WallB_01/materials/textures/aws_robomaker_warehouse_WallB_01.png
[0.955s] -- Up-to-date: /home/lalit/cyb_ws/install/anvrit_gazebo/share/anvrit_gazebo//models/aws_robomaker_warehouse_WallB_01/model.config
[0.955s] -- Up-to-date: /home/lalit/cyb_ws/install/anvrit_gazebo/share/anvrit_gazebo//models/aws_robomaker_warehouse_WallB_01/model.sdf
[0.955s] -- Up-to-date: /home/lalit/cyb_ws/install/anvrit_gazebo/share/anvrit_gazebo//models/aws_robomaker_warehouse_WallB_01/meshes
[0.955s] -- Up-to-date: /home/lalit/cyb_ws/install/anvrit_gazebo/share/anvrit_gazebo//models/aws_robomaker_warehouse_WallB_01/meshes/aws_robomaker_warehouse_WallB_01_collision.DAE
[0.955s] -- Up-to-date: /home/lalit/cyb_ws/install/anvrit_gazebo/share/anvrit_gazebo//models/aws_robomaker_warehouse_WallB_01/meshes/aws_robomaker_warehouse_WallB_01_visual.DAE
[0.955s] -- Up-to-date: /home/lalit/cyb_ws/install/anvrit_gazebo/share/anvrit_gazebo//models/aws_robomaker_warehouse_ClutteringC_01
[0.955s] -- Up-to-date: /home/lalit/cyb_ws/install/anvrit_gazebo/share/anvrit_gazebo//models/aws_robomaker_warehouse_ClutteringC_01/materials
[0.956s] -- Up-to-date: /home/lalit/cyb_ws/install/anvrit_gazebo/share/anvrit_gazebo//models/aws_robomaker_warehouse_ClutteringC_01/materials/textures
[0.956s] -- Up-to-date: /home/lalit/cyb_ws/install/anvrit_gazebo/share/anvrit_gazebo//models/aws_robomaker_warehouse_ClutteringC_01/materials/textures/aws_robomaker_warehouse_ClutteringC_01.png
[0.956s] -- Up-to-date: /home/lalit/cyb_ws/install/anvrit_gazebo/share/anvrit_gazebo//models/aws_robomaker_warehouse_ClutteringC_01/materials/textures/aws_robomaker_warehouse_ClutteringC_02.png
[0.956s] -- Up-to-date: /home/lalit/cyb_ws/install/anvrit_gazebo/share/anvrit_gazebo//models/aws_robomaker_warehouse_ClutteringC_01/model.config
[0.956s] -- Up-to-date: /home/lalit/cyb_ws/install/anvrit_gazebo/share/anvrit_gazebo//models/aws_robomaker_warehouse_ClutteringC_01/model.sdf
[0.956s] -- Up-to-date: /home/lalit/cyb_ws/install/anvrit_gazebo/share/anvrit_gazebo//models/aws_robomaker_warehouse_ClutteringC_01/meshes
[0.956s] -- Up-to-date: /home/lalit/cyb_ws/install/anvrit_gazebo/share/anvrit_gazebo//models/aws_robomaker_warehouse_ClutteringC_01/meshes/aws_robomaker_warehouse_ClutteringC_01_collision.DAE
[0.956s] -- Up-to-date: /home/lalit/cyb_ws/install/anvrit_gazebo/share/anvrit_gazebo//models/aws_robomaker_warehouse_ClutteringC_01/meshes/aws_robomaker_warehouse_ClutteringC_01_visual.DAE
[0.956s] -- Up-to-date: /home/lalit/cyb_ws/install/anvrit_gazebo/share/anvrit_gazebo//models/aws_robomaker_warehouse_ShelfF_01
[0.957s] -- Up-to-date: /home/lalit/cyb_ws/install/anvrit_gazebo/share/anvrit_gazebo//models/aws_robomaker_warehouse_ShelfF_01/materials
[0.957s] -- Up-to-date: /home/lalit/cyb_ws/install/anvrit_gazebo/share/anvrit_gazebo//models/aws_robomaker_warehouse_ShelfF_01/materials/textures
[0.957s] -- Up-to-date: /home/lalit/cyb_ws/install/anvrit_gazebo/share/anvrit_gazebo//models/aws_robomaker_warehouse_ShelfF_01/materials/textures/aws_robomaker_warehouse_ShelfF_02.png
[0.957s] -- Up-to-date: /home/lalit/cyb_ws/install/anvrit_gazebo/share/anvrit_gazebo//models/aws_robomaker_warehouse_ShelfF_01/materials/textures/aws_robomaker_warehouse_ShelfF_03.png
[0.957s] -- Up-to-date: /home/lalit/cyb_ws/install/anvrit_gazebo/share/anvrit_gazebo//models/aws_robomaker_warehouse_ShelfF_01/materials/textures/aws_robomaker_warehouse_ShelfF_01.png
[0.957s] -- Up-to-date: /home/lalit/cyb_ws/install/anvrit_gazebo/share/anvrit_gazebo//models/aws_robomaker_warehouse_ShelfF_01/model.config
[0.957s] -- Up-to-date: /home/lalit/cyb_ws/install/anvrit_gazebo/share/anvrit_gazebo//models/aws_robomaker_warehouse_ShelfF_01/model.sdf
[0.957s] -- Up-to-date: /home/lalit/cyb_ws/install/anvrit_gazebo/share/anvrit_gazebo//models/aws_robomaker_warehouse_ShelfF_01/meshes
[0.957s] -- Up-to-date: /home/lalit/cyb_ws/install/anvrit_gazebo/share/anvrit_gazebo//models/aws_robomaker_warehouse_ShelfF_01/meshes/aws_robomaker_warehouse_ShelfF_01_collision.DAE
[0.957s] -- Up-to-date: /home/lalit/cyb_ws/install/anvrit_gazebo/share/anvrit_gazebo//models/aws_robomaker_warehouse_ShelfF_01/meshes/aws_robomaker_warehouse_ShelfF_01_visual.DAE
[0.958s] -- Up-to-date: /home/lalit/cyb_ws/install/anvrit_gazebo/share/anvrit_gazebo//models/aws_robomaker_warehouse_PalletJackB_01
[0.958s] -- Up-to-date: /home/lalit/cyb_ws/install/anvrit_gazebo/share/anvrit_gazebo//models/aws_robomaker_warehouse_PalletJackB_01/materials
[0.958s] -- Up-to-date: /home/lalit/cyb_ws/install/anvrit_gazebo/share/anvrit_gazebo//models/aws_robomaker_warehouse_PalletJackB_01/materials/.DS_Store
[0.958s] -- Up-to-date: /home/lalit/cyb_ws/install/anvrit_gazebo/share/anvrit_gazebo//models/aws_robomaker_warehouse_PalletJackB_01/materials/textures
[0.958s] -- Up-to-date: /home/lalit/cyb_ws/install/anvrit_gazebo/share/anvrit_gazebo//models/aws_robomaker_warehouse_PalletJackB_01/materials/textures/aws_robomaker_warehouse_PalletJackB_01.png
[0.958s] -- Up-to-date: /home/lalit/cyb_ws/install/anvrit_gazebo/share/anvrit_gazebo//models/aws_robomaker_warehouse_PalletJackB_01/materials/textures/aws_robomaker_warehouse_PalletJackB_02.png
[0.958s] -- Up-to-date: /home/lalit/cyb_ws/install/anvrit_gazebo/share/anvrit_gazebo//models/aws_robomaker_warehouse_PalletJackB_01/.DS_Store
[0.958s] -- Up-to-date: /home/lalit/cyb_ws/install/anvrit_gazebo/share/anvrit_gazebo//models/aws_robomaker_warehouse_PalletJackB_01/model.config
[0.958s] -- Up-to-date: /home/lalit/cyb_ws/install/anvrit_gazebo/share/anvrit_gazebo//models/aws_robomaker_warehouse_PalletJackB_01/model.sdf
[0.958s] -- Up-to-date: /home/lalit/cyb_ws/install/anvrit_gazebo/share/anvrit_gazebo//models/aws_robomaker_warehouse_PalletJackB_01/meshes
[0.959s] -- Up-to-date: /home/lalit/cyb_ws/install/anvrit_gazebo/share/anvrit_gazebo//models/aws_robomaker_warehouse_PalletJackB_01/meshes/aws_robomaker_warehouse_PalletJackB_01_collision.DAE
[0.959s] -- Up-to-date: /home/lalit/cyb_ws/install/anvrit_gazebo/share/anvrit_gazebo//models/aws_robomaker_warehouse_PalletJackB_01/meshes/aws_robomaker_warehouse_PalletJackB_01_visual.DAE
[0.959s] -- Up-to-date: /home/lalit/cyb_ws/install/anvrit_gazebo/share/ament_index/resource_index/package_run_dependencies/anvrit_gazebo
[0.959s] -- Up-to-date: /home/lalit/cyb_ws/install/anvrit_gazebo/share/ament_index/resource_index/parent_prefix_path/anvrit_gazebo
[0.959s] -- Up-to-date: /home/lalit/cyb_ws/install/anvrit_gazebo/share/anvrit_gazebo/environment/ament_prefix_path.sh
[0.969s] -- Up-to-date: /home/lalit/cyb_ws/install/anvrit_gazebo/share/anvrit_gazebo/environment/ament_prefix_path.dsv
[0.969s] -- Up-to-date: /home/lalit/cyb_ws/install/anvrit_gazebo/share/anvrit_gazebo/environment/path.sh
[0.969s] -- Up-to-date: /home/lalit/cyb_ws/install/anvrit_gazebo/share/anvrit_gazebo/environment/path.dsv
[0.970s] -- Up-to-date: /home/lalit/cyb_ws/install/anvrit_gazebo/share/anvrit_gazebo/local_setup.bash
[0.970s] -- Up-to-date: /home/lalit/cyb_ws/install/anvrit_gazebo/share/anvrit_gazebo/local_setup.sh
[0.970s] -- Up-to-date: /home/lalit/cyb_ws/install/anvrit_gazebo/share/anvrit_gazebo/local_setup.zsh
[0.970s] -- Up-to-date: /home/lalit/cyb_ws/install/anvrit_gazebo/share/anvrit_gazebo/local_setup.dsv
[0.971s] -- Installing: /home/lalit/cyb_ws/install/anvrit_gazebo/share/anvrit_gazebo/package.dsv
[0.971s] -- Up-to-date: /home/lalit/cyb_ws/install/anvrit_gazebo/share/ament_index/resource_index/packages/anvrit_gazebo
[0.971s] -- Up-to-date: /home/lalit/cyb_ws/install/anvrit_gazebo/share/anvrit_gazebo/cmake/anvrit_gazeboConfig.cmake
[0.972s] -- Up-to-date: /home/lalit/cyb_ws/install/anvrit_gazebo/share/anvrit_gazebo/cmake/anvrit_gazeboConfig-version.cmake
[0.972s] -- Up-to-date: /home/lalit/cyb_ws/install/anvrit_gazebo/share/anvrit_gazebo/package.xml
[0.986s] Invoked command in '/home/lalit/cyb_ws/build/anvrit_gazebo' returned '0': CMAKE_PREFIX_PATH=${CMAKE_PREFIX_PATH}:/home/lalit/cyb_ws/install/anvrit_odometry:/home/lalit/cyb_ws/install/anvrit_navigation:/home/lalit/ros2_ws/install/turtle_controller:/home/lalit/ros2_ws/install/nav2_gps_waypoint_follower_demo:/home/lalit/ros2_ws/install/bot_control:/home/lalit/ros2_ws/install/anvrit_odometry:/opt/ros/humble /usr/bin/cmake --install /home/lalit/cyb_ws/build/anvrit_gazebo
