running develop
running egg_info
writing anvrit_odometry.egg-info/PKG-INFO
writing dependency_links to anvrit_odometry.egg-info/dependency_links.txt
writing entry points to anvrit_odometry.egg-info/entry_points.txt
writing requirements to anvrit_odometry.egg-info/requires.txt
writing top-level names to anvrit_odometry.egg-info/top_level.txt
reading manifest file 'anvrit_odometry.egg-info/SOURCES.txt'
writing manifest file 'anvrit_odometry.egg-info/SOURCES.txt'
running build_ext
Creating /home/lalit/cyb_ws/install/anvrit_odometry/lib/python3.10/site-packages/anvrit-odometry.egg-link (link to .)
Installing odm_gen1 script to /home/lalit/cyb_ws/install/anvrit_odometry/lib/anvrit_odometry
Installing odometry_gen script to /home/lalit/cyb_ws/install/anvrit_odometry/lib/anvrit_odometry
Installing pid script to /home/lalit/cyb_ws/install/anvrit_odometry/lib/anvrit_odometry
Installing rpm_gen script to /home/lalit/cyb_ws/install/anvrit_odometry/lib/anvrit_odometry
Installing teleop script to /home/lalit/cyb_ws/install/anvrit_odometry/lib/anvrit_odometry
Installing ticks_publisher script to /home/lalit/cyb_ws/install/anvrit_odometry/lib/anvrit_odometry

Installed /home/lalit/cyb_ws/build/anvrit_odometry
running symlink_data
symbolically linking /home/lalit/cyb_ws/build/anvrit_odometry/resource/anvrit_odometry -> /home/lalit/cyb_ws/install/anvrit_odometry/share/ament_index/resource_index/packages
symbolically linking /home/lalit/cyb_ws/build/anvrit_odometry/package.xml -> /home/lalit/cyb_ws/install/anvrit_odometry/share/anvrit_odometry
symbolically linking /home/lalit/cyb_ws/build/anvrit_odometry/launch/odm_gen_launch.py -> /home/lalit/cyb_ws/install/anvrit_odometry/share/anvrit_odometry/launch
symbolically linking /home/lalit/cyb_ws/build/anvrit_odometry/launch/visual.launch.py -> /home/lalit/cyb_ws/install/anvrit_odometry/share/anvrit_odometry/launch
