[0.406s] Invoking command in '/home/lalit/cyb_ws/build/anvrit_odometry': PYTHONPATH=/home/lalit/cyb_ws/build/anvrit_odometry/prefix_override:/usr/lib/python3/dist-packages/colcon_core/task/python/colcon_distutils_commands:/home/lalit/cyb_ws/install/anvrit_odometry/lib/python3.10/site-packages:${PYTHONPATH} /usr/bin/python3 -W ignore:setup.py install is deprecated setup.py develop --editable --build-directory /home/lalit/cyb_ws/build/anvrit_odometry/build --no-deps symlink_data --force
[0.582s] running develop
[0.676s] running egg_info
[0.676s] writing anvrit_odometry.egg-info/PKG-INFO
[0.676s] writing dependency_links to anvrit_odometry.egg-info/dependency_links.txt
[0.676s] writing entry points to anvrit_odometry.egg-info/entry_points.txt
[0.677s] writing requirements to anvrit_odometry.egg-info/requires.txt
[0.677s] writing top-level names to anvrit_odometry.egg-info/top_level.txt
[0.677s] reading manifest file 'anvrit_odometry.egg-info/SOURCES.txt'
[0.679s] writing manifest file 'anvrit_odometry.egg-info/SOURCES.txt'
[0.680s] running build_ext
[0.680s] Creating /home/lalit/cyb_ws/install/anvrit_odometry/lib/python3.10/site-packages/anvrit-odometry.egg-link (link to .)
[0.680s] Installing odm_gen1 script to /home/lalit/cyb_ws/install/anvrit_odometry/lib/anvrit_odometry
[0.681s] Installing odometry_gen script to /home/lalit/cyb_ws/install/anvrit_odometry/lib/anvrit_odometry
[0.681s] Installing pid script to /home/lalit/cyb_ws/install/anvrit_odometry/lib/anvrit_odometry
[0.681s] Installing rpm_gen script to /home/lalit/cyb_ws/install/anvrit_odometry/lib/anvrit_odometry
[0.681s] Installing teleop script to /home/lalit/cyb_ws/install/anvrit_odometry/lib/anvrit_odometry
[0.681s] Installing ticks_publisher script to /home/lalit/cyb_ws/install/anvrit_odometry/lib/anvrit_odometry
[0.681s] 
[0.681s] Installed /home/lalit/cyb_ws/build/anvrit_odometry
[0.682s] running symlink_data
[0.682s] symbolically linking /home/lalit/cyb_ws/build/anvrit_odometry/resource/anvrit_odometry -> /home/lalit/cyb_ws/install/anvrit_odometry/share/ament_index/resource_index/packages
[0.682s] symbolically linking /home/lalit/cyb_ws/build/anvrit_odometry/package.xml -> /home/lalit/cyb_ws/install/anvrit_odometry/share/anvrit_odometry
[0.682s] symbolically linking /home/lalit/cyb_ws/build/anvrit_odometry/launch/odm_gen_launch.py -> /home/lalit/cyb_ws/install/anvrit_odometry/share/anvrit_odometry/launch
[0.682s] symbolically linking /home/lalit/cyb_ws/build/anvrit_odometry/launch/visual.launch.py -> /home/lalit/cyb_ws/install/anvrit_odometry/share/anvrit_odometry/launch
[0.699s] Invoked command in '/home/lalit/cyb_ws/build/anvrit_odometry' returned '0': PYTHONPATH=/home/lalit/cyb_ws/build/anvrit_odometry/prefix_override:/usr/lib/python3/dist-packages/colcon_core/task/python/colcon_distutils_commands:/home/lalit/cyb_ws/install/anvrit_odometry/lib/python3.10/site-packages:${PYTHONPATH} /usr/bin/python3 -W ignore:setup.py install is deprecated setup.py develop --editable --build-directory /home/lalit/cyb_ws/build/anvrit_odometry/build --no-deps symlink_data --force
