[0.040s] Invoking command in '/home/lalit/ros2_ws/src/Anvrit/build/anvrit_description': CMAKE_PREFIX_PATH=${CMAKE_PREFIX_PATH}:/home/lalit/ros2_ws/install/turtle_controller:/home/lalit/ros2_ws/install/nav2_gps_waypoint_follower_demo:/home/lalit/ros2_ws/install/bot_control:/home/lalit/ros2_ws/install/anvrit_odometry:/opt/ros/humble /usr/bin/cmake /home/lalit/ros2_ws/src/Anvrit/anvrit_description -DCMAKE_INSTALL_PREFIX=/home/lalit/ros2_ws/src/Anvrit/install/anvrit_description
[0.533s] -- The C compiler identification is GNU 11.4.0
[0.536s] -- The CXX compiler identification is GNU 11.4.0
[0.536s] -- Detecting C compiler ABI info
[0.536s] -- Detecting C compiler ABI info - done
[0.537s] -- Check for working C compiler: /usr/bin/cc - skipped
[0.537s] -- Detecting C compile features
[0.537s] -- Detecting C compile features - done
[0.537s] -- Detecting CXX compiler ABI info
[0.676s] -- Detecting CXX compiler ABI info - done
[0.690s] -- Check for working CXX compiler: /usr/bin/c++ - skipped
[0.690s] -- Detecting CXX compile features
[0.691s] -- Detecting CXX compile features - done
[0.703s] -- Found ament_cmake: 1.3.9 (/opt/ros/humble/share/ament_cmake/cmake)
[1.024s] -- Found Python3: /usr/bin/python3 (found version "3.10.12") found components: Interpreter 
[1.241s] -- Found ament_lint_auto: 0.12.11 (/opt/ros/humble/share/ament_lint_auto/cmake)
[1.416s] -- Added test 'flake8' to check Python code syntax and style conventions
[1.418s] -- Added test 'lint_cmake' to check CMake code style
[1.419s] -- Added test 'pep257' to check Python code against some of the docstring style conventions in PEP 257
[1.421s] -- Added test 'xmllint' to check XML markup files
[1.424s] -- Configuring done
[1.428s] -- Generating done
[1.429s] -- Build files have been written to: /home/lalit/ros2_ws/src/Anvrit/build/anvrit_description
[1.436s] Invoked command in '/home/lalit/ros2_ws/src/Anvrit/build/anvrit_description' returned '0': CMAKE_PREFIX_PATH=${CMAKE_PREFIX_PATH}:/home/lalit/ros2_ws/install/turtle_controller:/home/lalit/ros2_ws/install/nav2_gps_waypoint_follower_demo:/home/lalit/ros2_ws/install/bot_control:/home/lalit/ros2_ws/install/anvrit_odometry:/opt/ros/humble /usr/bin/cmake /home/lalit/ros2_ws/src/Anvrit/anvrit_description -DCMAKE_INSTALL_PREFIX=/home/lalit/ros2_ws/src/Anvrit/install/anvrit_description
[1.439s] Invoking command in '/home/lalit/ros2_ws/src/Anvrit/build/anvrit_description': CMAKE_PREFIX_PATH=${CMAKE_PREFIX_PATH}:/home/lalit/ros2_ws/install/turtle_controller:/home/lalit/ros2_ws/install/nav2_gps_waypoint_follower_demo:/home/lalit/ros2_ws/install/bot_control:/home/lalit/ros2_ws/install/anvrit_odometry:/opt/ros/humble /usr/bin/cmake --build /home/lalit/ros2_ws/src/Anvrit/build/anvrit_description -- -j16 -l16
[1.515s] Invoked command in '/home/lalit/ros2_ws/src/Anvrit/build/anvrit_description' returned '0': CMAKE_PREFIX_PATH=${CMAKE_PREFIX_PATH}:/home/lalit/ros2_ws/install/turtle_controller:/home/lalit/ros2_ws/install/nav2_gps_waypoint_follower_demo:/home/lalit/ros2_ws/install/bot_control:/home/lalit/ros2_ws/install/anvrit_odometry:/opt/ros/humble /usr/bin/cmake --build /home/lalit/ros2_ws/src/Anvrit/build/anvrit_description -- -j16 -l16
[1.582s] Invoking command in '/home/lalit/ros2_ws/src/Anvrit/build/anvrit_description': CMAKE_PREFIX_PATH=${CMAKE_PREFIX_PATH}:/home/lalit/ros2_ws/install/turtle_controller:/home/lalit/ros2_ws/install/nav2_gps_waypoint_follower_demo:/home/lalit/ros2_ws/install/bot_control:/home/lalit/ros2_ws/install/anvrit_odometry:/opt/ros/humble /usr/bin/cmake --install /home/lalit/ros2_ws/src/Anvrit/build/anvrit_description
[1.596s] -- Install configuration: ""
[1.596s] -- Installing: /home/lalit/ros2_ws/src/Anvrit/install/anvrit_description/share/anvrit_description//launch
[1.597s] -- Installing: /home/lalit/ros2_ws/src/Anvrit/install/anvrit_description/share/anvrit_description//launch/spawn_anvrit.launch.py
[1.597s] -- Installing: /home/lalit/ros2_ws/src/Anvrit/install/anvrit_description/share/anvrit_description//launch/robot_state_publisher.launch.py
[1.597s] -- Installing: /home/lalit/ros2_ws/src/Anvrit/install/anvrit_description/share/anvrit_description//launch/empty_world.launch.py
[1.597s] -- Installing: /home/lalit/ros2_ws/src/Anvrit/install/anvrit_description/share/anvrit_description//meshes
[1.598s] -- Installing: /home/lalit/ros2_ws/src/Anvrit/install/anvrit_description/share/anvrit_description//meshes/camera_link.STL
[1.599s] -- Installing: /home/lalit/ros2_ws/src/Anvrit/install/anvrit_description/share/anvrit_description//meshes/phone_link.STL
[1.601s] -- Installing: /home/lalit/ros2_ws/src/Anvrit/install/anvrit_description/share/anvrit_description//meshes/base_link.STL
[1.625s] -- Installing: /home/lalit/ros2_ws/src/Anvrit/install/anvrit_description/share/anvrit_description//meshes/caster_1_link.STL
[1.626s] -- Installing: /home/lalit/ros2_ws/src/Anvrit/install/anvrit_description/share/anvrit_description//meshes/lidar_link.STL
[1.628s] -- Installing: /home/lalit/ros2_ws/src/Anvrit/install/anvrit_description/share/anvrit_description//meshes/caster_2_link.STL
[1.629s] -- Installing: /home/lalit/ros2_ws/src/Anvrit/install/anvrit_description/share/anvrit_description//meshes/left_wheel_link.STL
[1.630s] -- Installing: /home/lalit/ros2_ws/src/Anvrit/install/anvrit_description/share/anvrit_description//meshes/gps_link.STL
[1.635s] -- Installing: /home/lalit/ros2_ws/src/Anvrit/install/anvrit_description/share/anvrit_description//meshes/wheel.stl
[1.647s] -- Installing: /home/lalit/ros2_ws/src/Anvrit/install/anvrit_description/share/anvrit_description//meshes/right_wheel_link.STL
[1.648s] -- Installing: /home/lalit/ros2_ws/src/Anvrit/install/anvrit_description/share/anvrit_description//worlds
[1.648s] -- Installing: /home/lalit/ros2_ws/src/Anvrit/install/anvrit_description/share/anvrit_description//worlds/empty_world.world
[1.649s] -- Installing: /home/lalit/ros2_ws/src/Anvrit/install/anvrit_description/share/anvrit_description//urdf
[1.649s] -- Installing: /home/lalit/ros2_ws/src/Anvrit/install/anvrit_description/share/anvrit_description//urdf/anvrit.gazebo
[1.649s] -- Installing: /home/lalit/ros2_ws/src/Anvrit/install/anvrit_description/share/anvrit_description//urdf/anvrit.urdf.xacro
[1.650s] -- Installing: /home/lalit/ros2_ws/src/Anvrit/install/anvrit_description/share/ament_index/resource_index/package_run_dependencies/anvrit_description
[1.650s] -- Installing: /home/lalit/ros2_ws/src/Anvrit/install/anvrit_description/share/ament_index/resource_index/parent_prefix_path/anvrit_description
[1.650s] -- Installing: /home/lalit/ros2_ws/src/Anvrit/install/anvrit_description/share/anvrit_description/environment/ament_prefix_path.sh
[1.650s] -- Installing: /home/lalit/ros2_ws/src/Anvrit/install/anvrit_description/share/anvrit_description/environment/ament_prefix_path.dsv
[1.650s] -- Installing: /home/lalit/ros2_ws/src/Anvrit/install/anvrit_description/share/anvrit_description/environment/path.sh
[1.651s] -- Installing: /home/lalit/ros2_ws/src/Anvrit/install/anvrit_description/share/anvrit_description/environment/path.dsv
[1.651s] -- Installing: /home/lalit/ros2_ws/src/Anvrit/install/anvrit_description/share/anvrit_description/local_setup.bash
[1.651s] -- Installing: /home/lalit/ros2_ws/src/Anvrit/install/anvrit_description/share/anvrit_description/local_setup.sh
[1.651s] -- Installing: /home/lalit/ros2_ws/src/Anvrit/install/anvrit_description/share/anvrit_description/local_setup.zsh
[1.651s] -- Installing: /home/lalit/ros2_ws/src/Anvrit/install/anvrit_description/share/anvrit_description/local_setup.dsv
[1.652s] -- Installing: /home/lalit/ros2_ws/src/Anvrit/install/anvrit_description/share/anvrit_description/package.dsv
[1.652s] -- Installing: /home/lalit/ros2_ws/src/Anvrit/install/anvrit_description/share/ament_index/resource_index/packages/anvrit_description
[1.652s] -- Installing: /home/lalit/ros2_ws/src/Anvrit/install/anvrit_description/share/anvrit_description/cmake/anvrit_descriptionConfig.cmake
[1.652s] -- Installing: /home/lalit/ros2_ws/src/Anvrit/install/anvrit_description/share/anvrit_description/cmake/anvrit_descriptionConfig-version.cmake
[1.652s] -- Installing: /home/lalit/ros2_ws/src/Anvrit/install/anvrit_description/share/anvrit_description/package.xml
[1.656s] Invoked command in '/home/lalit/ros2_ws/src/Anvrit/build/anvrit_description' returned '0': CMAKE_PREFIX_PATH=${CMAKE_PREFIX_PATH}:/home/lalit/ros2_ws/install/turtle_controller:/home/lalit/ros2_ws/install/nav2_gps_waypoint_follower_demo:/home/lalit/ros2_ws/install/bot_control:/home/lalit/ros2_ws/install/anvrit_odometry:/opt/ros/humble /usr/bin/cmake --install /home/lalit/ros2_ws/src/Anvrit/build/anvrit_description
