[0.059s] Invoking command in '/home/lalit/cyb_ws/build/anvrit_description': CMAKE_PREFIX_PATH=${CMAKE_PREFIX_PATH}:/home/lalit/ros2_ws/install/turtle_controller:/home/lalit/ros2_ws/install/nav2_gps_waypoint_follower_demo:/home/lalit/ros2_ws/install/bot_control:/home/lalit/ros2_ws/install/anvrit_odometry:/opt/ros/humble /usr/bin/cmake --build /home/lalit/cyb_ws/build/anvrit_description -- -j16 -l16
[0.565s] Invoked command in '/home/lalit/cyb_ws/build/anvrit_description' returned '0': CMAKE_PREFIX_PATH=${CMAKE_PREFIX_PATH}:/home/lalit/ros2_ws/install/turtle_controller:/home/lalit/ros2_ws/install/nav2_gps_waypoint_follower_demo:/home/lalit/ros2_ws/install/bot_control:/home/lalit/ros2_ws/install/anvrit_odometry:/opt/ros/humble /usr/bin/cmake --build /home/lalit/cyb_ws/build/anvrit_description -- -j16 -l16
[0.993s] Invoking command in '/home/lalit/cyb_ws/build/anvrit_description': CMAKE_PREFIX_PATH=${CMAKE_PREFIX_PATH}:/home/lalit/ros2_ws/install/turtle_controller:/home/lalit/ros2_ws/install/nav2_gps_waypoint_follower_demo:/home/lalit/ros2_ws/install/bot_control:/home/lalit/ros2_ws/install/anvrit_odometry:/opt/ros/humble /usr/bin/cmake --install /home/lalit/cyb_ws/build/anvrit_description
[1.012s] -- Install configuration: ""
[1.013s] -- Up-to-date: /home/lalit/cyb_ws/install/anvrit_description/share/anvrit_description//launch
[1.013s] -- Up-to-date: /home/lalit/cyb_ws/install/anvrit_description/share/anvrit_description//launch/spawn_anvrit.launch.py
[1.014s] -- Up-to-date: /home/lalit/cyb_ws/install/anvrit_description/share/anvrit_description//launch/robot_state_publisher.launch.py
[1.014s] -- Up-to-date: /home/lalit/cyb_ws/install/anvrit_description/share/anvrit_description//launch/empty_world.launch.py
[1.014s] -- Up-to-date: /home/lalit/cyb_ws/install/anvrit_description/share/anvrit_description//meshes
[1.014s] -- Up-to-date: /home/lalit/cyb_ws/install/anvrit_description/share/anvrit_description//meshes/camera_link.STL
[1.014s] -- Up-to-date: /home/lalit/cyb_ws/install/anvrit_description/share/anvrit_description//meshes/phone_link.STL
[1.014s] -- Up-to-date: /home/lalit/cyb_ws/install/anvrit_description/share/anvrit_description//meshes/base_link.STL
[1.014s] -- Up-to-date: /home/lalit/cyb_ws/install/anvrit_description/share/anvrit_description//meshes/caster_1_link.STL
[1.014s] -- Up-to-date: /home/lalit/cyb_ws/install/anvrit_description/share/anvrit_description//meshes/lidar_link.STL
[1.014s] -- Up-to-date: /home/lalit/cyb_ws/install/anvrit_description/share/anvrit_description//meshes/caster_2_link.STL
[1.014s] -- Up-to-date: /home/lalit/cyb_ws/install/anvrit_description/share/anvrit_description//meshes/left_wheel_link.STL
[1.014s] -- Up-to-date: /home/lalit/cyb_ws/install/anvrit_description/share/anvrit_description//meshes/gps_link.STL
[1.015s] -- Up-to-date: /home/lalit/cyb_ws/install/anvrit_description/share/anvrit_description//meshes/wheel.stl
[1.015s] -- Up-to-date: /home/lalit/cyb_ws/install/anvrit_description/share/anvrit_description//meshes/right_wheel_link.STL
[1.015s] -- Up-to-date: /home/lalit/cyb_ws/install/anvrit_description/share/anvrit_description//worlds
[1.015s] -- Up-to-date: /home/lalit/cyb_ws/install/anvrit_description/share/anvrit_description//worlds/empty_world.world
[1.015s] -- Up-to-date: /home/lalit/cyb_ws/install/anvrit_description/share/anvrit_description//urdf
[1.015s] -- Up-to-date: /home/lalit/cyb_ws/install/anvrit_description/share/anvrit_description//urdf/anvrit.gazebo
[1.015s] -- Up-to-date: /home/lalit/cyb_ws/install/anvrit_description/share/anvrit_description//urdf/anvrit.urdf.xacro
[1.015s] -- Up-to-date: /home/lalit/cyb_ws/install/anvrit_description/share/ament_index/resource_index/package_run_dependencies/anvrit_description
[1.015s] -- Up-to-date: /home/lalit/cyb_ws/install/anvrit_description/share/ament_index/resource_index/parent_prefix_path/anvrit_description
[1.015s] -- Up-to-date: /home/lalit/cyb_ws/install/anvrit_description/share/anvrit_description/environment/ament_prefix_path.sh
[1.016s] -- Up-to-date: /home/lalit/cyb_ws/install/anvrit_description/share/anvrit_description/environment/ament_prefix_path.dsv
[1.016s] -- Up-to-date: /home/lalit/cyb_ws/install/anvrit_description/share/anvrit_description/environment/path.sh
[1.016s] -- Up-to-date: /home/lalit/cyb_ws/install/anvrit_description/share/anvrit_description/environment/path.dsv
[1.016s] -- Up-to-date: /home/lalit/cyb_ws/install/anvrit_description/share/anvrit_description/local_setup.bash
[1.016s] -- Up-to-date: /home/lalit/cyb_ws/install/anvrit_description/share/anvrit_description/local_setup.sh
[1.016s] -- Up-to-date: /home/lalit/cyb_ws/install/anvrit_description/share/anvrit_description/local_setup.zsh
[1.016s] -- Up-to-date: /home/lalit/cyb_ws/install/anvrit_description/share/anvrit_description/local_setup.dsv
[1.016s] -- Installing: /home/lalit/cyb_ws/install/anvrit_description/share/anvrit_description/package.dsv
[1.016s] -- Up-to-date: /home/lalit/cyb_ws/install/anvrit_description/share/ament_index/resource_index/packages/anvrit_description
[1.017s] -- Up-to-date: /home/lalit/cyb_ws/install/anvrit_description/share/anvrit_description/cmake/anvrit_descriptionConfig.cmake
[1.017s] -- Up-to-date: /home/lalit/cyb_ws/install/anvrit_description/share/anvrit_description/cmake/anvrit_descriptionConfig-version.cmake
[1.017s] -- Up-to-date: /home/lalit/cyb_ws/install/anvrit_description/share/anvrit_description/package.xml
[1.038s] Invoked command in '/home/lalit/cyb_ws/build/anvrit_description' returned '0': CMAKE_PREFIX_PATH=${CMAKE_PREFIX_PATH}:/home/lalit/ros2_ws/install/turtle_controller:/home/lalit/ros2_ws/install/nav2_gps_waypoint_follower_demo:/home/lalit/ros2_ws/install/bot_control:/home/lalit/ros2_ws/install/anvrit_odometry:/opt/ros/humble /usr/bin/cmake --install /home/lalit/cyb_ws/build/anvrit_description
