[0.142s] DEBUG:colcon:Command line arguments: ['/usr/bin/colcon', 'build']
[0.142s] DEBUG:colcon:Parsed command line arguments: Namespace(log_base=None, log_level=None, verb_name='build', build_base='build', install_base='install', merge_install=False, symlink_install=False, test_result_base=None, continue_on_error=False, executor='parallel', parallel_workers=16, event_handlers=None, ignore_user_meta=False, metas=['./colcon.meta'], base_paths=['.'], packages_ignore=None, packages_ignore_regex=None, paths=None, packages_up_to=None, packages_up_to_regex=None, packages_above=None, packages_above_and_dependencies=None, packages_above_depth=None, packages_select_by_dep=None, packages_skip_by_dep=None, packages_skip_up_to=None, packages_select_build_failed=False, packages_skip_build_finished=False, packages_select_test_failures=False, packages_skip_test_passed=False, packages_select=None, packages_skip=None, packages_select_regex=None, packages_skip_regex=None, packages_start=None, packages_end=None, allow_overriding=[], cmake_args=None, cmake_target=None, cmake_target_skip_unavailable=False, cmake_clean_cache=False, cmake_clean_first=False, cmake_force_configure=False, ament_cmake_args=None, catkin_cmake_args=None, catkin_skip_building_tests=False, mixin_files=None, mixin=None, verb_parser=<colcon_mixin.mixin.mixin_argument.MixinArgumentDecorator object at 0x71d3d3e3f790>, verb_extension=<colcon_core.verb.build.BuildVerb object at 0x71d3d3e3f1c0>, main=<bound method BuildVerb.main of <colcon_core.verb.build.BuildVerb object at 0x71d3d3e3f1c0>>, mixin_verb=('build',))
[0.316s] Level 1:colcon.colcon_core.package_discovery:discover_packages(colcon_meta) check parameters
[0.316s] Level 1:colcon.colcon_core.package_discovery:discover_packages(recursive) check parameters
[0.316s] Level 1:colcon.colcon_core.package_discovery:discover_packages(ignore) check parameters
[0.317s] Level 1:colcon.colcon_core.package_discovery:discover_packages(path) check parameters
[0.317s] Level 1:colcon.colcon_core.package_discovery:discover_packages(colcon_meta) discover
[0.317s] Level 1:colcon.colcon_core.package_discovery:discover_packages(recursive) discover
[0.317s] INFO:colcon.colcon_core.package_discovery:Crawling recursively for packages in '/home/lalit/ros2_ws/src/Anvrit'
[0.317s] Level 1:colcon.colcon_core.package_identification:_identify(.) by extensions ['ignore', 'ignore_ament_install']
[0.317s] Level 1:colcon.colcon_core.package_identification:_identify(.) by extension 'ignore'
[0.317s] Level 1:colcon.colcon_core.package_identification:_identify(.) by extension 'ignore_ament_install'
[0.317s] Level 1:colcon.colcon_core.package_identification:_identify(.) by extensions ['colcon_pkg']
[0.317s] Level 1:colcon.colcon_core.package_identification:_identify(.) by extension 'colcon_pkg'
[0.317s] Level 1:colcon.colcon_core.package_identification:_identify(.) by extensions ['colcon_meta']
[0.317s] Level 1:colcon.colcon_core.package_identification:_identify(.) by extension 'colcon_meta'
[0.317s] Level 1:colcon.colcon_core.package_identification:_identify(.) by extensions ['ros']
[0.317s] Level 1:colcon.colcon_core.package_identification:_identify(.) by extension 'ros'
[0.329s] Level 1:colcon.colcon_core.package_identification:_identify(.) by extensions ['cmake', 'python']
[0.329s] Level 1:colcon.colcon_core.package_identification:_identify(.) by extension 'cmake'
[0.329s] Level 1:colcon.colcon_core.package_identification:_identify(.) by extension 'python'
[0.329s] Level 1:colcon.colcon_core.package_identification:_identify(.) by extensions ['python_setup_py']
[0.329s] Level 1:colcon.colcon_core.package_identification:_identify(.) by extension 'python_setup_py'
[0.329s] Level 1:colcon.colcon_core.package_identification:_identify(anvrit_description) by extensions ['ignore', 'ignore_ament_install']
[0.330s] Level 1:colcon.colcon_core.package_identification:_identify(anvrit_description) by extension 'ignore'
[0.330s] Level 1:colcon.colcon_core.package_identification:_identify(anvrit_description) by extension 'ignore_ament_install'
[0.330s] Level 1:colcon.colcon_core.package_identification:_identify(anvrit_description) by extensions ['colcon_pkg']
[0.330s] Level 1:colcon.colcon_core.package_identification:_identify(anvrit_description) by extension 'colcon_pkg'
[0.330s] Level 1:colcon.colcon_core.package_identification:_identify(anvrit_description) by extensions ['colcon_meta']
[0.330s] Level 1:colcon.colcon_core.package_identification:_identify(anvrit_description) by extension 'colcon_meta'
[0.330s] Level 1:colcon.colcon_core.package_identification:_identify(anvrit_description) by extensions ['ros']
[0.330s] Level 1:colcon.colcon_core.package_identification:_identify(anvrit_description) by extension 'ros'
[0.333s] DEBUG:colcon.colcon_core.package_identification:Package 'anvrit_description' with type 'ros.ament_cmake' and name 'anvrit_description'
[0.333s] Level 1:colcon.colcon_core.package_identification:_identify(anvrit_gazebo) by extensions ['ignore', 'ignore_ament_install']
[0.333s] Level 1:colcon.colcon_core.package_identification:_identify(anvrit_gazebo) by extension 'ignore'
[0.333s] Level 1:colcon.colcon_core.package_identification:_identify(anvrit_gazebo) by extension 'ignore_ament_install'
[0.333s] Level 1:colcon.colcon_core.package_identification:_identify(anvrit_gazebo) by extensions ['colcon_pkg']
[0.333s] Level 1:colcon.colcon_core.package_identification:_identify(anvrit_gazebo) by extension 'colcon_pkg'
[0.333s] Level 1:colcon.colcon_core.package_identification:_identify(anvrit_gazebo) by extensions ['colcon_meta']
[0.333s] Level 1:colcon.colcon_core.package_identification:_identify(anvrit_gazebo) by extension 'colcon_meta'
[0.333s] Level 1:colcon.colcon_core.package_identification:_identify(anvrit_gazebo) by extensions ['ros']
[0.333s] Level 1:colcon.colcon_core.package_identification:_identify(anvrit_gazebo) by extension 'ros'
[0.334s] DEBUG:colcon.colcon_core.package_identification:Package 'anvrit_gazebo' with type 'ros.ament_cmake' and name 'anvrit_gazebo'
[0.334s] Level 1:colcon.colcon_core.package_identification:_identify(anvrit_navigation) by extensions ['ignore', 'ignore_ament_install']
[0.334s] Level 1:colcon.colcon_core.package_identification:_identify(anvrit_navigation) by extension 'ignore'
[0.334s] Level 1:colcon.colcon_core.package_identification:_identify(anvrit_navigation) by extension 'ignore_ament_install'
[0.334s] Level 1:colcon.colcon_core.package_identification:_identify(anvrit_navigation) by extensions ['colcon_pkg']
[0.334s] Level 1:colcon.colcon_core.package_identification:_identify(anvrit_navigation) by extension 'colcon_pkg'
[0.334s] Level 1:colcon.colcon_core.package_identification:_identify(anvrit_navigation) by extensions ['colcon_meta']
[0.334s] Level 1:colcon.colcon_core.package_identification:_identify(anvrit_navigation) by extension 'colcon_meta'
[0.334s] Level 1:colcon.colcon_core.package_identification:_identify(anvrit_navigation) by extensions ['ros']
[0.334s] Level 1:colcon.colcon_core.package_identification:_identify(anvrit_navigation) by extension 'ros'
[0.335s] DEBUG:colcon.colcon_core.package_identification:Package 'anvrit_navigation' with type 'ros.ament_python' and name 'anvrit_navigation'
[0.335s] Level 1:colcon.colcon_core.package_identification:_identify(anvrit_odometry) by extensions ['ignore', 'ignore_ament_install']
[0.335s] Level 1:colcon.colcon_core.package_identification:_identify(anvrit_odometry) by extension 'ignore'
[0.335s] Level 1:colcon.colcon_core.package_identification:_identify(anvrit_odometry) by extension 'ignore_ament_install'
[0.335s] Level 1:colcon.colcon_core.package_identification:_identify(anvrit_odometry) by extensions ['colcon_pkg']
[0.335s] Level 1:colcon.colcon_core.package_identification:_identify(anvrit_odometry) by extension 'colcon_pkg'
[0.335s] Level 1:colcon.colcon_core.package_identification:_identify(anvrit_odometry) by extensions ['colcon_meta']
[0.335s] Level 1:colcon.colcon_core.package_identification:_identify(anvrit_odometry) by extension 'colcon_meta'
[0.335s] Level 1:colcon.colcon_core.package_identification:_identify(anvrit_odometry) by extensions ['ros']
[0.335s] Level 1:colcon.colcon_core.package_identification:_identify(anvrit_odometry) by extension 'ros'
[0.336s] DEBUG:colcon.colcon_core.package_identification:Package 'anvrit_odometry' with type 'ros.ament_python' and name 'anvrit_odometry'
[0.336s] Level 1:colcon.colcon_core.package_identification:_identify(build) by extensions ['ignore', 'ignore_ament_install']
[0.336s] Level 1:colcon.colcon_core.package_identification:_identify(build) by extension 'ignore'
[0.336s] Level 1:colcon.colcon_core.package_identification:_identify(build) ignored
[0.336s] Level 1:colcon.colcon_core.package_identification:_identify(install) by extensions ['ignore', 'ignore_ament_install']
[0.336s] Level 1:colcon.colcon_core.package_identification:_identify(install) by extension 'ignore'
[0.336s] Level 1:colcon.colcon_core.package_identification:_identify(install) ignored
[0.336s] Level 1:colcon.colcon_core.package_identification:_identify(log) by extensions ['ignore', 'ignore_ament_install']
[0.337s] Level 1:colcon.colcon_core.package_identification:_identify(log) by extension 'ignore'
[0.337s] Level 1:colcon.colcon_core.package_identification:_identify(log) ignored
[0.337s] Level 1:colcon.colcon_core.package_discovery:discover_packages(recursive) using defaults
[0.337s] Level 1:colcon.colcon_core.package_discovery:discover_packages(ignore) discover
[0.337s] Level 1:colcon.colcon_core.package_discovery:discover_packages(ignore) using defaults
[0.337s] Level 1:colcon.colcon_core.package_discovery:discover_packages(path) discover
[0.337s] Level 1:colcon.colcon_core.package_discovery:discover_packages(path) using defaults
[0.363s] Level 1:colcon.colcon_core.package_discovery:discover_packages(prefix_path) check parameters
[0.363s] Level 1:colcon.colcon_core.package_discovery:discover_packages(prefix_path) discover
[0.371s] DEBUG:colcon.colcon_installed_package_information.package_discovery:Found 9 installed packages in /home/lalit/ros2_ws/install
[0.374s] DEBUG:colcon.colcon_installed_package_information.package_discovery:Found 419 installed packages in /opt/ros/humble
[0.377s] Level 1:colcon.colcon_core.package_discovery:discover_packages(prefix_path) using defaults
[0.460s] Level 5:colcon.colcon_core.verb:set package 'anvrit_description' build argument 'cmake_args' from command line to 'None'
[0.460s] Level 5:colcon.colcon_core.verb:set package 'anvrit_description' build argument 'cmake_target' from command line to 'None'
[0.460s] Level 5:colcon.colcon_core.verb:set package 'anvrit_description' build argument 'cmake_target_skip_unavailable' from command line to 'False'
[0.460s] Level 5:colcon.colcon_core.verb:set package 'anvrit_description' build argument 'cmake_clean_cache' from command line to 'False'
[0.460s] Level 5:colcon.colcon_core.verb:set package 'anvrit_description' build argument 'cmake_clean_first' from command line to 'False'
[0.460s] Level 5:colcon.colcon_core.verb:set package 'anvrit_description' build argument 'cmake_force_configure' from command line to 'False'
[0.460s] Level 5:colcon.colcon_core.verb:set package 'anvrit_description' build argument 'ament_cmake_args' from command line to 'None'
[0.460s] Level 5:colcon.colcon_core.verb:set package 'anvrit_description' build argument 'catkin_cmake_args' from command line to 'None'
[0.460s] Level 5:colcon.colcon_core.verb:set package 'anvrit_description' build argument 'catkin_skip_building_tests' from command line to 'False'
[0.460s] DEBUG:colcon.colcon_core.verb:Building package 'anvrit_description' with the following arguments: {'ament_cmake_args': None, 'build_base': '/home/lalit/ros2_ws/src/Anvrit/build/anvrit_description', 'catkin_cmake_args': None, 'catkin_skip_building_tests': False, 'cmake_args': None, 'cmake_clean_cache': False, 'cmake_clean_first': False, 'cmake_force_configure': False, 'cmake_target': None, 'cmake_target_skip_unavailable': False, 'install_base': '/home/lalit/ros2_ws/src/Anvrit/install/anvrit_description', 'merge_install': False, 'path': '/home/lalit/ros2_ws/src/Anvrit/anvrit_description', 'symlink_install': False, 'test_result_base': None}
[0.461s] Level 5:colcon.colcon_core.verb:set package 'anvrit_gazebo' build argument 'cmake_args' from command line to 'None'
[0.461s] Level 5:colcon.colcon_core.verb:set package 'anvrit_gazebo' build argument 'cmake_target' from command line to 'None'
[0.461s] Level 5:colcon.colcon_core.verb:set package 'anvrit_gazebo' build argument 'cmake_target_skip_unavailable' from command line to 'False'
[0.461s] Level 5:colcon.colcon_core.verb:set package 'anvrit_gazebo' build argument 'cmake_clean_cache' from command line to 'False'
[0.461s] Level 5:colcon.colcon_core.verb:set package 'anvrit_gazebo' build argument 'cmake_clean_first' from command line to 'False'
[0.461s] Level 5:colcon.colcon_core.verb:set package 'anvrit_gazebo' build argument 'cmake_force_configure' from command line to 'False'
[0.461s] Level 5:colcon.colcon_core.verb:set package 'anvrit_gazebo' build argument 'ament_cmake_args' from command line to 'None'
[0.461s] Level 5:colcon.colcon_core.verb:set package 'anvrit_gazebo' build argument 'catkin_cmake_args' from command line to 'None'
[0.461s] Level 5:colcon.colcon_core.verb:set package 'anvrit_gazebo' build argument 'catkin_skip_building_tests' from command line to 'False'
[0.461s] DEBUG:colcon.colcon_core.verb:Building package 'anvrit_gazebo' with the following arguments: {'ament_cmake_args': None, 'build_base': '/home/lalit/ros2_ws/src/Anvrit/build/anvrit_gazebo', 'catkin_cmake_args': None, 'catkin_skip_building_tests': False, 'cmake_args': None, 'cmake_clean_cache': False, 'cmake_clean_first': False, 'cmake_force_configure': False, 'cmake_target': None, 'cmake_target_skip_unavailable': False, 'install_base': '/home/lalit/ros2_ws/src/Anvrit/install/anvrit_gazebo', 'merge_install': False, 'path': '/home/lalit/ros2_ws/src/Anvrit/anvrit_gazebo', 'symlink_install': False, 'test_result_base': None}
[0.461s] Level 5:colcon.colcon_core.verb:set package 'anvrit_navigation' build argument 'cmake_args' from command line to 'None'
[0.461s] Level 5:colcon.colcon_core.verb:set package 'anvrit_navigation' build argument 'cmake_target' from command line to 'None'
[0.461s] Level 5:colcon.colcon_core.verb:set package 'anvrit_navigation' build argument 'cmake_target_skip_unavailable' from command line to 'False'
[0.461s] Level 5:colcon.colcon_core.verb:set package 'anvrit_navigation' build argument 'cmake_clean_cache' from command line to 'False'
[0.461s] Level 5:colcon.colcon_core.verb:set package 'anvrit_navigation' build argument 'cmake_clean_first' from command line to 'False'
[0.461s] Level 5:colcon.colcon_core.verb:set package 'anvrit_navigation' build argument 'cmake_force_configure' from command line to 'False'
[0.461s] Level 5:colcon.colcon_core.verb:set package 'anvrit_navigation' build argument 'ament_cmake_args' from command line to 'None'
[0.461s] Level 5:colcon.colcon_core.verb:set package 'anvrit_navigation' build argument 'catkin_cmake_args' from command line to 'None'
[0.461s] Level 5:colcon.colcon_core.verb:set package 'anvrit_navigation' build argument 'catkin_skip_building_tests' from command line to 'False'
[0.461s] DEBUG:colcon.colcon_core.verb:Building package 'anvrit_navigation' with the following arguments: {'ament_cmake_args': None, 'build_base': '/home/lalit/ros2_ws/src/Anvrit/build/anvrit_navigation', 'catkin_cmake_args': None, 'catkin_skip_building_tests': False, 'cmake_args': None, 'cmake_clean_cache': False, 'cmake_clean_first': False, 'cmake_force_configure': False, 'cmake_target': None, 'cmake_target_skip_unavailable': False, 'install_base': '/home/lalit/ros2_ws/src/Anvrit/install/anvrit_navigation', 'merge_install': False, 'path': '/home/lalit/ros2_ws/src/Anvrit/anvrit_navigation', 'symlink_install': False, 'test_result_base': None}
[0.462s] Level 5:colcon.colcon_core.verb:set package 'anvrit_odometry' build argument 'cmake_args' from command line to 'None'
[0.462s] Level 5:colcon.colcon_core.verb:set package 'anvrit_odometry' build argument 'cmake_target' from command line to 'None'
[0.462s] Level 5:colcon.colcon_core.verb:set package 'anvrit_odometry' build argument 'cmake_target_skip_unavailable' from command line to 'False'
[0.462s] Level 5:colcon.colcon_core.verb:set package 'anvrit_odometry' build argument 'cmake_clean_cache' from command line to 'False'
[0.462s] Level 5:colcon.colcon_core.verb:set package 'anvrit_odometry' build argument 'cmake_clean_first' from command line to 'False'
[0.462s] Level 5:colcon.colcon_core.verb:set package 'anvrit_odometry' build argument 'cmake_force_configure' from command line to 'False'
[0.462s] Level 5:colcon.colcon_core.verb:set package 'anvrit_odometry' build argument 'ament_cmake_args' from command line to 'None'
[0.462s] Level 5:colcon.colcon_core.verb:set package 'anvrit_odometry' build argument 'catkin_cmake_args' from command line to 'None'
[0.462s] Level 5:colcon.colcon_core.verb:set package 'anvrit_odometry' build argument 'catkin_skip_building_tests' from command line to 'False'
[0.462s] DEBUG:colcon.colcon_core.verb:Building package 'anvrit_odometry' with the following arguments: {'ament_cmake_args': None, 'build_base': '/home/lalit/ros2_ws/src/Anvrit/build/anvrit_odometry', 'catkin_cmake_args': None, 'catkin_skip_building_tests': False, 'cmake_args': None, 'cmake_clean_cache': False, 'cmake_clean_first': False, 'cmake_force_configure': False, 'cmake_target': None, 'cmake_target_skip_unavailable': False, 'install_base': '/home/lalit/ros2_ws/src/Anvrit/install/anvrit_odometry', 'merge_install': False, 'path': '/home/lalit/ros2_ws/src/Anvrit/anvrit_odometry', 'symlink_install': False, 'test_result_base': None}
[0.462s] INFO:colcon.colcon_core.executor:Executing jobs using 'parallel' executor
[0.463s] DEBUG:colcon.colcon_parallel_executor.executor.parallel:run_until_complete
[0.464s] INFO:colcon.colcon_ros.task.ament_cmake.build:Building ROS package in '/home/lalit/ros2_ws/src/Anvrit/anvrit_description' with build type 'ament_cmake'
[0.464s] INFO:colcon.colcon_cmake.task.cmake.build:Building CMake package in '/home/lalit/ros2_ws/src/Anvrit/anvrit_description'
[0.468s] INFO:colcon.colcon_core.plugin_system:Skipping extension 'colcon_core.shell.bat': Not used on non-Windows systems
[0.468s] INFO:colcon.colcon_core.shell:Skip shell extension 'powershell' for command environment: Not usable outside of PowerShell
[0.468s] DEBUG:colcon.colcon_core.shell:Skip shell extension 'dsv' for command environment
[0.474s] INFO:colcon.colcon_ros.task.ament_cmake.build:Building ROS package in '/home/lalit/ros2_ws/src/Anvrit/anvrit_gazebo' with build type 'ament_cmake'
[0.474s] INFO:colcon.colcon_cmake.task.cmake.build:Building CMake package in '/home/lalit/ros2_ws/src/Anvrit/anvrit_gazebo'
[0.475s] INFO:colcon.colcon_core.shell:Skip shell extension 'powershell' for command environment: Not usable outside of PowerShell
[0.475s] DEBUG:colcon.colcon_core.shell:Skip shell extension 'dsv' for command environment
[0.480s] INFO:colcon.colcon_ros.task.ament_python.build:Building ROS package in '/home/lalit/ros2_ws/src/Anvrit/anvrit_navigation' with build type 'ament_python'
[0.480s] Level 1:colcon.colcon_core.shell:create_environment_hook('anvrit_navigation', 'ament_prefix_path')
[0.481s] INFO:colcon.colcon_core.shell:Creating environment hook '/home/lalit/ros2_ws/src/Anvrit/install/anvrit_navigation/share/anvrit_navigation/hook/ament_prefix_path.ps1'
[0.483s] INFO:colcon.colcon_core.shell:Creating environment descriptor '/home/lalit/ros2_ws/src/Anvrit/install/anvrit_navigation/share/anvrit_navigation/hook/ament_prefix_path.dsv'
[0.484s] INFO:colcon.colcon_core.shell:Creating environment hook '/home/lalit/ros2_ws/src/Anvrit/install/anvrit_navigation/share/anvrit_navigation/hook/ament_prefix_path.sh'
[0.485s] INFO:colcon.colcon_core.shell:Skip shell extension 'powershell' for command environment: Not usable outside of PowerShell
[0.485s] DEBUG:colcon.colcon_core.shell:Skip shell extension 'dsv' for command environment
[0.491s] INFO:colcon.colcon_ros.task.ament_python.build:Building ROS package in '/home/lalit/ros2_ws/src/Anvrit/anvrit_odometry' with build type 'ament_python'
[0.491s] Level 1:colcon.colcon_core.shell:create_environment_hook('anvrit_odometry', 'ament_prefix_path')
[0.492s] INFO:colcon.colcon_core.shell:Creating environment hook '/home/lalit/ros2_ws/src/Anvrit/install/anvrit_odometry/share/anvrit_odometry/hook/ament_prefix_path.ps1'
[0.494s] INFO:colcon.colcon_core.shell:Creating environment descriptor '/home/lalit/ros2_ws/src/Anvrit/install/anvrit_odometry/share/anvrit_odometry/hook/ament_prefix_path.dsv'
[0.494s] INFO:colcon.colcon_core.shell:Creating environment hook '/home/lalit/ros2_ws/src/Anvrit/install/anvrit_odometry/share/anvrit_odometry/hook/ament_prefix_path.sh'
[0.495s] INFO:colcon.colcon_core.shell:Skip shell extension 'powershell' for command environment: Not usable outside of PowerShell
[0.495s] DEBUG:colcon.colcon_core.shell:Skip shell extension 'dsv' for command environment
[0.508s] DEBUG:colcon.colcon_core.event_handler.log_command:Invoking command in '/home/lalit/ros2_ws/src/Anvrit/build/anvrit_description': CMAKE_PREFIX_PATH=${CMAKE_PREFIX_PATH}:/home/lalit/ros2_ws/install/turtle_controller:/home/lalit/ros2_ws/install/nav2_gps_waypoint_follower_demo:/home/lalit/ros2_ws/install/bot_control:/home/lalit/ros2_ws/install/anvrit_odometry:/opt/ros/humble /usr/bin/cmake --build /home/lalit/ros2_ws/src/Anvrit/build/anvrit_description -- -j16 -l16
[0.521s] DEBUG:colcon.colcon_core.event_handler.log_command:Invoking command in '/home/lalit/ros2_ws/src/Anvrit/build/anvrit_gazebo': CMAKE_PREFIX_PATH=${CMAKE_PREFIX_PATH}:/home/lalit/ros2_ws/install/turtle_controller:/home/lalit/ros2_ws/install/nav2_gps_waypoint_follower_demo:/home/lalit/ros2_ws/install/bot_control:/home/lalit/ros2_ws/install/anvrit_odometry:/opt/ros/humble /usr/bin/cmake --build /home/lalit/ros2_ws/src/Anvrit/build/anvrit_gazebo -- -j16 -l16
[0.901s] INFO:colcon.colcon_core.task.python.build:Building Python package in '/home/lalit/ros2_ws/src/Anvrit/anvrit_navigation'
[0.901s] INFO:colcon.colcon_core.shell:Skip shell extension 'powershell' for command environment: Not usable outside of PowerShell
[0.901s] DEBUG:colcon.colcon_core.shell:Skip shell extension 'dsv' for command environment
[0.912s] DEBUG:colcon.colcon_core.event_handler.log_command:Invoked command in '/home/lalit/ros2_ws/src/Anvrit/build/anvrit_gazebo' returned '0': CMAKE_PREFIX_PATH=${CMAKE_PREFIX_PATH}:/home/lalit/ros2_ws/install/turtle_controller:/home/lalit/ros2_ws/install/nav2_gps_waypoint_follower_demo:/home/lalit/ros2_ws/install/bot_control:/home/lalit/ros2_ws/install/anvrit_odometry:/opt/ros/humble /usr/bin/cmake --build /home/lalit/ros2_ws/src/Anvrit/build/anvrit_gazebo -- -j16 -l16
[1.244s] INFO:colcon.colcon_core.task.python.build:Building Python package in '/home/lalit/ros2_ws/src/Anvrit/anvrit_odometry'
[1.244s] INFO:colcon.colcon_core.shell:Skip shell extension 'powershell' for command environment: Not usable outside of PowerShell
[1.244s] DEBUG:colcon.colcon_core.shell:Skip shell extension 'dsv' for command environment
[1.250s] DEBUG:colcon.colcon_core.event_handler.log_command:Invoked command in '/home/lalit/ros2_ws/src/Anvrit/build/anvrit_description' returned '0': CMAKE_PREFIX_PATH=${CMAKE_PREFIX_PATH}:/home/lalit/ros2_ws/install/turtle_controller:/home/lalit/ros2_ws/install/nav2_gps_waypoint_follower_demo:/home/lalit/ros2_ws/install/bot_control:/home/lalit/ros2_ws/install/anvrit_odometry:/opt/ros/humble /usr/bin/cmake --build /home/lalit/ros2_ws/src/Anvrit/build/anvrit_description -- -j16 -l16
[1.272s] DEBUG:colcon.colcon_core.event_handler.log_command:Invoking command in '/home/lalit/ros2_ws/src/Anvrit/build/anvrit_gazebo': CMAKE_PREFIX_PATH=${CMAKE_PREFIX_PATH}:/home/lalit/ros2_ws/install/turtle_controller:/home/lalit/ros2_ws/install/nav2_gps_waypoint_follower_demo:/home/lalit/ros2_ws/install/bot_control:/home/lalit/ros2_ws/install/anvrit_odometry:/opt/ros/humble /usr/bin/cmake --install /home/lalit/ros2_ws/src/Anvrit/build/anvrit_gazebo
[1.289s] DEBUG:colcon.colcon_core.event_handler.log_command:Invoking command in '/home/lalit/ros2_ws/src/Anvrit/build/anvrit_description': CMAKE_PREFIX_PATH=${CMAKE_PREFIX_PATH}:/home/lalit/ros2_ws/install/turtle_controller:/home/lalit/ros2_ws/install/nav2_gps_waypoint_follower_demo:/home/lalit/ros2_ws/install/bot_control:/home/lalit/ros2_ws/install/anvrit_odometry:/opt/ros/humble /usr/bin/cmake --install /home/lalit/ros2_ws/src/Anvrit/build/anvrit_description
[1.312s] Level 1:colcon.colcon_core.environment:create_environment_scripts_only(anvrit_description)
[1.317s] DEBUG:colcon.colcon_core.event_handler.log_command:Invoked command in '/home/lalit/ros2_ws/src/Anvrit/build/anvrit_description' returned '0': CMAKE_PREFIX_PATH=${CMAKE_PREFIX_PATH}:/home/lalit/ros2_ws/install/turtle_controller:/home/lalit/ros2_ws/install/nav2_gps_waypoint_follower_demo:/home/lalit/ros2_ws/install/bot_control:/home/lalit/ros2_ws/install/anvrit_odometry:/opt/ros/humble /usr/bin/cmake --install /home/lalit/ros2_ws/src/Anvrit/build/anvrit_description
[1.326s] Level 1:colcon.colcon_core.environment:checking '/home/lalit/ros2_ws/src/Anvrit/install/anvrit_description' for CMake module files
[1.328s] Level 1:colcon.colcon_core.environment:checking '/home/lalit/ros2_ws/src/Anvrit/install/anvrit_description' for CMake config files
[1.329s] Level 1:colcon.colcon_core.shell:create_environment_hook('anvrit_description', 'cmake_prefix_path')
[1.329s] INFO:colcon.colcon_core.shell:Creating environment hook '/home/lalit/ros2_ws/src/Anvrit/install/anvrit_description/share/anvrit_description/hook/cmake_prefix_path.ps1'
[1.331s] INFO:colcon.colcon_core.shell:Creating environment descriptor '/home/lalit/ros2_ws/src/Anvrit/install/anvrit_description/share/anvrit_description/hook/cmake_prefix_path.dsv'
[1.331s] INFO:colcon.colcon_core.shell:Creating environment hook '/home/lalit/ros2_ws/src/Anvrit/install/anvrit_description/share/anvrit_description/hook/cmake_prefix_path.sh'
[1.332s] Level 1:colcon.colcon_core.environment:checking '/home/lalit/ros2_ws/src/Anvrit/install/anvrit_description/bin'
[1.332s] Level 1:colcon.colcon_core.environment:checking '/home/lalit/ros2_ws/src/Anvrit/install/anvrit_description/lib/pkgconfig/anvrit_description.pc'
[1.333s] Level 1:colcon.colcon_core.environment:checking '/home/lalit/ros2_ws/src/Anvrit/install/anvrit_description/lib/python3.10/site-packages'
[1.333s] Level 1:colcon.colcon_core.environment:checking '/home/lalit/ros2_ws/src/Anvrit/install/anvrit_description/bin'
[1.333s] INFO:colcon.colcon_core.shell:Creating package script '/home/lalit/ros2_ws/src/Anvrit/install/anvrit_description/share/anvrit_description/package.ps1'
[1.335s] INFO:colcon.colcon_core.shell:Creating package descriptor '/home/lalit/ros2_ws/src/Anvrit/install/anvrit_description/share/anvrit_description/package.dsv'
[1.336s] INFO:colcon.colcon_core.shell:Creating package script '/home/lalit/ros2_ws/src/Anvrit/install/anvrit_description/share/anvrit_description/package.sh'
[1.338s] INFO:colcon.colcon_core.shell:Creating package script '/home/lalit/ros2_ws/src/Anvrit/install/anvrit_description/share/anvrit_description/package.bash'
[1.339s] INFO:colcon.colcon_core.shell:Creating package script '/home/lalit/ros2_ws/src/Anvrit/install/anvrit_description/share/anvrit_description/package.zsh'
[1.341s] Level 1:colcon.colcon_core.environment:create_file_with_runtime_dependencies(/home/lalit/ros2_ws/src/Anvrit/install/anvrit_description/share/colcon-core/packages/anvrit_description)
[1.344s] Level 1:colcon.colcon_core.environment:create_environment_scripts_only(anvrit_gazebo)
[1.344s] Level 1:colcon.colcon_core.environment:checking '/home/lalit/ros2_ws/src/Anvrit/install/anvrit_gazebo' for CMake module files
[1.346s] DEBUG:colcon.colcon_core.event_handler.log_command:Invoked command in '/home/lalit/ros2_ws/src/Anvrit/build/anvrit_gazebo' returned '0': CMAKE_PREFIX_PATH=${CMAKE_PREFIX_PATH}:/home/lalit/ros2_ws/install/turtle_controller:/home/lalit/ros2_ws/install/nav2_gps_waypoint_follower_demo:/home/lalit/ros2_ws/install/bot_control:/home/lalit/ros2_ws/install/anvrit_odometry:/opt/ros/humble /usr/bin/cmake --install /home/lalit/ros2_ws/src/Anvrit/build/anvrit_gazebo
[1.346s] Level 1:colcon.colcon_core.environment:checking '/home/lalit/ros2_ws/src/Anvrit/install/anvrit_gazebo' for CMake config files
[1.350s] Level 1:colcon.colcon_core.shell:create_environment_hook('anvrit_gazebo', 'cmake_prefix_path')
[1.350s] INFO:colcon.colcon_core.shell:Creating environment hook '/home/lalit/ros2_ws/src/Anvrit/install/anvrit_gazebo/share/anvrit_gazebo/hook/cmake_prefix_path.ps1'
[1.351s] INFO:colcon.colcon_core.shell:Creating environment descriptor '/home/lalit/ros2_ws/src/Anvrit/install/anvrit_gazebo/share/anvrit_gazebo/hook/cmake_prefix_path.dsv'
[1.352s] INFO:colcon.colcon_core.shell:Creating environment hook '/home/lalit/ros2_ws/src/Anvrit/install/anvrit_gazebo/share/anvrit_gazebo/hook/cmake_prefix_path.sh'
[1.353s] Level 1:colcon.colcon_core.environment:checking '/home/lalit/ros2_ws/src/Anvrit/install/anvrit_gazebo/bin'
[1.353s] Level 1:colcon.colcon_core.environment:checking '/home/lalit/ros2_ws/src/Anvrit/install/anvrit_gazebo/lib/pkgconfig/anvrit_gazebo.pc'
[1.354s] Level 1:colcon.colcon_core.environment:checking '/home/lalit/ros2_ws/src/Anvrit/install/anvrit_gazebo/lib/python3.10/site-packages'
[1.354s] Level 1:colcon.colcon_core.environment:checking '/home/lalit/ros2_ws/src/Anvrit/install/anvrit_gazebo/bin'
[1.355s] INFO:colcon.colcon_core.shell:Creating package script '/home/lalit/ros2_ws/src/Anvrit/install/anvrit_gazebo/share/anvrit_gazebo/package.ps1'
[1.356s] INFO:colcon.colcon_core.shell:Creating package descriptor '/home/lalit/ros2_ws/src/Anvrit/install/anvrit_gazebo/share/anvrit_gazebo/package.dsv'
[1.357s] INFO:colcon.colcon_core.shell:Creating package script '/home/lalit/ros2_ws/src/Anvrit/install/anvrit_gazebo/share/anvrit_gazebo/package.sh'
[1.357s] INFO:colcon.colcon_core.shell:Creating package script '/home/lalit/ros2_ws/src/Anvrit/install/anvrit_gazebo/share/anvrit_gazebo/package.bash'
[1.358s] INFO:colcon.colcon_core.shell:Creating package script '/home/lalit/ros2_ws/src/Anvrit/install/anvrit_gazebo/share/anvrit_gazebo/package.zsh'
[1.358s] Level 1:colcon.colcon_core.environment:create_file_with_runtime_dependencies(/home/lalit/ros2_ws/src/Anvrit/install/anvrit_gazebo/share/colcon-core/packages/anvrit_gazebo)
[1.383s] Level 1:colcon.colcon_core.environment:create_environment_scripts_only(anvrit_description)
[1.383s] Level 1:colcon.colcon_core.environment:checking '/home/lalit/ros2_ws/src/Anvrit/install/anvrit_description' for CMake module files
[1.385s] Level 1:colcon.colcon_core.environment:checking '/home/lalit/ros2_ws/src/Anvrit/install/anvrit_description' for CMake config files
[1.385s] Level 1:colcon.colcon_core.shell:create_environment_hook('anvrit_description', 'cmake_prefix_path')
[1.386s] INFO:colcon.colcon_core.shell:Creating environment hook '/home/lalit/ros2_ws/src/Anvrit/install/anvrit_description/share/anvrit_description/hook/cmake_prefix_path.ps1'
[1.387s] INFO:colcon.colcon_core.shell:Creating environment descriptor '/home/lalit/ros2_ws/src/Anvrit/install/anvrit_description/share/anvrit_description/hook/cmake_prefix_path.dsv'
[1.388s] INFO:colcon.colcon_core.shell:Creating environment hook '/home/lalit/ros2_ws/src/Anvrit/install/anvrit_description/share/anvrit_description/hook/cmake_prefix_path.sh'
[1.389s] Level 1:colcon.colcon_core.environment:checking '/home/lalit/ros2_ws/src/Anvrit/install/anvrit_description/bin'
[1.389s] Level 1:colcon.colcon_core.environment:checking '/home/lalit/ros2_ws/src/Anvrit/install/anvrit_description/lib/pkgconfig/anvrit_description.pc'
[1.390s] Level 1:colcon.colcon_core.environment:checking '/home/lalit/ros2_ws/src/Anvrit/install/anvrit_description/lib/python3.10/site-packages'
[1.390s] Level 1:colcon.colcon_core.environment:checking '/home/lalit/ros2_ws/src/Anvrit/install/anvrit_description/bin'
[1.391s] INFO:colcon.colcon_core.shell:Creating package script '/home/lalit/ros2_ws/src/Anvrit/install/anvrit_description/share/anvrit_description/package.ps1'
[1.393s] INFO:colcon.colcon_core.shell:Creating package descriptor '/home/lalit/ros2_ws/src/Anvrit/install/anvrit_description/share/anvrit_description/package.dsv'
[1.394s] INFO:colcon.colcon_core.shell:Creating package script '/home/lalit/ros2_ws/src/Anvrit/install/anvrit_description/share/anvrit_description/package.sh'
[1.396s] INFO:colcon.colcon_core.shell:Creating package script '/home/lalit/ros2_ws/src/Anvrit/install/anvrit_description/share/anvrit_description/package.bash'
[1.397s] INFO:colcon.colcon_core.shell:Creating package script '/home/lalit/ros2_ws/src/Anvrit/install/anvrit_description/share/anvrit_description/package.zsh'
[1.398s] Level 1:colcon.colcon_core.environment:create_file_with_runtime_dependencies(/home/lalit/ros2_ws/src/Anvrit/install/anvrit_description/share/colcon-core/packages/anvrit_description)
[1.402s] Level 1:colcon.colcon_core.environment:create_environment_scripts_only(anvrit_gazebo)
[1.403s] Level 1:colcon.colcon_core.environment:checking '/home/lalit/ros2_ws/src/Anvrit/install/anvrit_gazebo' for CMake module files
[1.404s] Level 1:colcon.colcon_core.environment:checking '/home/lalit/ros2_ws/src/Anvrit/install/anvrit_gazebo' for CMake config files
[1.408s] Level 1:colcon.colcon_core.shell:create_environment_hook('anvrit_gazebo', 'cmake_prefix_path')
[1.409s] INFO:colcon.colcon_core.shell:Creating environment hook '/home/lalit/ros2_ws/src/Anvrit/install/anvrit_gazebo/share/anvrit_gazebo/hook/cmake_prefix_path.ps1'
[1.410s] INFO:colcon.colcon_core.shell:Creating environment descriptor '/home/lalit/ros2_ws/src/Anvrit/install/anvrit_gazebo/share/anvrit_gazebo/hook/cmake_prefix_path.dsv'
[1.411s] INFO:colcon.colcon_core.shell:Creating environment hook '/home/lalit/ros2_ws/src/Anvrit/install/anvrit_gazebo/share/anvrit_gazebo/hook/cmake_prefix_path.sh'
[1.412s] Level 1:colcon.colcon_core.environment:checking '/home/lalit/ros2_ws/src/Anvrit/install/anvrit_gazebo/bin'
[1.412s] Level 1:colcon.colcon_core.environment:checking '/home/lalit/ros2_ws/src/Anvrit/install/anvrit_gazebo/lib/pkgconfig/anvrit_gazebo.pc'
[1.413s] Level 1:colcon.colcon_core.environment:checking '/home/lalit/ros2_ws/src/Anvrit/install/anvrit_gazebo/lib/python3.10/site-packages'
[1.413s] Level 1:colcon.colcon_core.environment:checking '/home/lalit/ros2_ws/src/Anvrit/install/anvrit_gazebo/bin'
[1.414s] INFO:colcon.colcon_core.shell:Creating package script '/home/lalit/ros2_ws/src/Anvrit/install/anvrit_gazebo/share/anvrit_gazebo/package.ps1'
[1.415s] INFO:colcon.colcon_core.shell:Creating package descriptor '/home/lalit/ros2_ws/src/Anvrit/install/anvrit_gazebo/share/anvrit_gazebo/package.dsv'
[1.416s] INFO:colcon.colcon_core.shell:Creating package script '/home/lalit/ros2_ws/src/Anvrit/install/anvrit_gazebo/share/anvrit_gazebo/package.sh'
[1.417s] INFO:colcon.colcon_core.shell:Creating package script '/home/lalit/ros2_ws/src/Anvrit/install/anvrit_gazebo/share/anvrit_gazebo/package.bash'
[1.418s] INFO:colcon.colcon_core.shell:Creating package script '/home/lalit/ros2_ws/src/Anvrit/install/anvrit_gazebo/share/anvrit_gazebo/package.zsh'
[1.419s] Level 1:colcon.colcon_core.environment:create_file_with_runtime_dependencies(/home/lalit/ros2_ws/src/Anvrit/install/anvrit_gazebo/share/colcon-core/packages/anvrit_gazebo)
[2.009s] DEBUG:colcon.colcon_core.event_handler.log_command:Invoking command in '/home/lalit/ros2_ws/src/Anvrit/anvrit_odometry': PYTHONPATH=/home/lalit/ros2_ws/src/Anvrit/build/anvrit_odometry/prefix_override:/usr/lib/python3/dist-packages/colcon_core/task/python/colcon_distutils_commands:/home/lalit/ros2_ws/src/Anvrit/install/anvrit_odometry/lib/python3.10/site-packages:${PYTHONPATH} /usr/bin/python3 -W ignore:setup.py install is deprecated setup.py egg_info --egg-base ../build/anvrit_odometry build --build-base /home/lalit/ros2_ws/src/Anvrit/build/anvrit_odometry/build install --record /home/lalit/ros2_ws/src/Anvrit/build/anvrit_odometry/install.log --single-version-externally-managed install_data
[2.011s] DEBUG:colcon.colcon_core.event_handler.log_command:Invoking command in '/home/lalit/ros2_ws/src/Anvrit/anvrit_navigation': PYTHONPATH=/home/lalit/ros2_ws/src/Anvrit/build/anvrit_navigation/prefix_override:/usr/lib/python3/dist-packages/colcon_core/task/python/colcon_distutils_commands:/home/lalit/ros2_ws/src/Anvrit/install/anvrit_navigation/lib/python3.10/site-packages:${PYTHONPATH} /usr/bin/python3 -W ignore:setup.py install is deprecated setup.py egg_info --egg-base ../build/anvrit_navigation build --build-base /home/lalit/ros2_ws/src/Anvrit/build/anvrit_navigation/build install --record /home/lalit/ros2_ws/src/Anvrit/build/anvrit_navigation/install.log --single-version-externally-managed install_data
[2.463s] Level 1:colcon.colcon_core.environment:checking '/home/lalit/ros2_ws/src/Anvrit/install/anvrit_navigation' for CMake module files
[2.464s] DEBUG:colcon.colcon_core.event_handler.log_command:Invoked command in '/home/lalit/ros2_ws/src/Anvrit/anvrit_navigation' returned '0': PYTHONPATH=/home/lalit/ros2_ws/src/Anvrit/build/anvrit_navigation/prefix_override:/usr/lib/python3/dist-packages/colcon_core/task/python/colcon_distutils_commands:/home/lalit/ros2_ws/src/Anvrit/install/anvrit_navigation/lib/python3.10/site-packages:${PYTHONPATH} /usr/bin/python3 -W ignore:setup.py install is deprecated setup.py egg_info --egg-base ../build/anvrit_navigation build --build-base /home/lalit/ros2_ws/src/Anvrit/build/anvrit_navigation/build install --record /home/lalit/ros2_ws/src/Anvrit/build/anvrit_navigation/install.log --single-version-externally-managed install_data
[2.464s] Level 1:colcon.colcon_core.environment:checking '/home/lalit/ros2_ws/src/Anvrit/install/anvrit_navigation' for CMake config files
[2.467s] Level 1:colcon.colcon_core.environment:checking '/home/lalit/ros2_ws/src/Anvrit/install/anvrit_navigation/lib'
[2.467s] Level 1:colcon.colcon_core.environment:checking '/home/lalit/ros2_ws/src/Anvrit/install/anvrit_navigation/bin'
[2.467s] Level 1:colcon.colcon_core.environment:checking '/home/lalit/ros2_ws/src/Anvrit/install/anvrit_navigation/lib/pkgconfig/anvrit_navigation.pc'
[2.468s] Level 1:colcon.colcon_core.environment:checking '/home/lalit/ros2_ws/src/Anvrit/install/anvrit_navigation/lib/python3.10/site-packages'
[2.468s] Level 1:colcon.colcon_core.shell:create_environment_hook('anvrit_navigation', 'pythonpath')
[2.468s] INFO:colcon.colcon_core.shell:Creating environment hook '/home/lalit/ros2_ws/src/Anvrit/install/anvrit_navigation/share/anvrit_navigation/hook/pythonpath.ps1'
[2.469s] INFO:colcon.colcon_core.shell:Creating environment descriptor '/home/lalit/ros2_ws/src/Anvrit/install/anvrit_navigation/share/anvrit_navigation/hook/pythonpath.dsv'
[2.470s] INFO:colcon.colcon_core.shell:Creating environment hook '/home/lalit/ros2_ws/src/Anvrit/install/anvrit_navigation/share/anvrit_navigation/hook/pythonpath.sh'
[2.470s] Level 1:colcon.colcon_core.environment:checking '/home/lalit/ros2_ws/src/Anvrit/install/anvrit_navigation/bin'
[2.471s] Level 1:colcon.colcon_core.environment:create_environment_scripts_only(anvrit_navigation)
[2.471s] INFO:colcon.colcon_core.shell:Creating package script '/home/lalit/ros2_ws/src/Anvrit/install/anvrit_navigation/share/anvrit_navigation/package.ps1'
[2.472s] INFO:colcon.colcon_core.shell:Creating package descriptor '/home/lalit/ros2_ws/src/Anvrit/install/anvrit_navigation/share/anvrit_navigation/package.dsv'
[2.473s] INFO:colcon.colcon_core.shell:Creating package script '/home/lalit/ros2_ws/src/Anvrit/install/anvrit_navigation/share/anvrit_navigation/package.sh'
[2.473s] INFO:colcon.colcon_core.shell:Creating package script '/home/lalit/ros2_ws/src/Anvrit/install/anvrit_navigation/share/anvrit_navigation/package.bash'
[2.474s] INFO:colcon.colcon_core.shell:Creating package script '/home/lalit/ros2_ws/src/Anvrit/install/anvrit_navigation/share/anvrit_navigation/package.zsh'
[2.474s] Level 1:colcon.colcon_core.environment:create_file_with_runtime_dependencies(/home/lalit/ros2_ws/src/Anvrit/install/anvrit_navigation/share/colcon-core/packages/anvrit_navigation)
[2.476s] Level 1:colcon.colcon_core.environment:checking '/home/lalit/ros2_ws/src/Anvrit/install/anvrit_odometry' for CMake module files
[2.477s] DEBUG:colcon.colcon_core.event_handler.log_command:Invoked command in '/home/lalit/ros2_ws/src/Anvrit/anvrit_odometry' returned '0': PYTHONPATH=/home/lalit/ros2_ws/src/Anvrit/build/anvrit_odometry/prefix_override:/usr/lib/python3/dist-packages/colcon_core/task/python/colcon_distutils_commands:/home/lalit/ros2_ws/src/Anvrit/install/anvrit_odometry/lib/python3.10/site-packages:${PYTHONPATH} /usr/bin/python3 -W ignore:setup.py install is deprecated setup.py egg_info --egg-base ../build/anvrit_odometry build --build-base /home/lalit/ros2_ws/src/Anvrit/build/anvrit_odometry/build install --record /home/lalit/ros2_ws/src/Anvrit/build/anvrit_odometry/install.log --single-version-externally-managed install_data
[2.478s] Level 1:colcon.colcon_core.environment:checking '/home/lalit/ros2_ws/src/Anvrit/install/anvrit_odometry' for CMake config files
[2.479s] Level 1:colcon.colcon_core.environment:checking '/home/lalit/ros2_ws/src/Anvrit/install/anvrit_odometry/lib'
[2.479s] Level 1:colcon.colcon_core.environment:checking '/home/lalit/ros2_ws/src/Anvrit/install/anvrit_odometry/bin'
[2.479s] Level 1:colcon.colcon_core.environment:checking '/home/lalit/ros2_ws/src/Anvrit/install/anvrit_odometry/lib/pkgconfig/anvrit_odometry.pc'
[2.479s] Level 1:colcon.colcon_core.environment:checking '/home/lalit/ros2_ws/src/Anvrit/install/anvrit_odometry/lib/python3.10/site-packages'
[2.480s] Level 1:colcon.colcon_core.shell:create_environment_hook('anvrit_odometry', 'pythonpath')
[2.480s] INFO:colcon.colcon_core.shell:Creating environment hook '/home/lalit/ros2_ws/src/Anvrit/install/anvrit_odometry/share/anvrit_odometry/hook/pythonpath.ps1'
[2.480s] INFO:colcon.colcon_core.shell:Creating environment descriptor '/home/lalit/ros2_ws/src/Anvrit/install/anvrit_odometry/share/anvrit_odometry/hook/pythonpath.dsv'
[2.481s] INFO:colcon.colcon_core.shell:Creating environment hook '/home/lalit/ros2_ws/src/Anvrit/install/anvrit_odometry/share/anvrit_odometry/hook/pythonpath.sh'
[2.482s] Level 1:colcon.colcon_core.environment:checking '/home/lalit/ros2_ws/src/Anvrit/install/anvrit_odometry/bin'
[2.482s] Level 1:colcon.colcon_core.environment:create_environment_scripts_only(anvrit_odometry)
[2.482s] INFO:colcon.colcon_core.shell:Creating package script '/home/lalit/ros2_ws/src/Anvrit/install/anvrit_odometry/share/anvrit_odometry/package.ps1'
[2.483s] INFO:colcon.colcon_core.shell:Creating package descriptor '/home/lalit/ros2_ws/src/Anvrit/install/anvrit_odometry/share/anvrit_odometry/package.dsv'
[2.483s] INFO:colcon.colcon_core.shell:Creating package script '/home/lalit/ros2_ws/src/Anvrit/install/anvrit_odometry/share/anvrit_odometry/package.sh'
[2.484s] INFO:colcon.colcon_core.shell:Creating package script '/home/lalit/ros2_ws/src/Anvrit/install/anvrit_odometry/share/anvrit_odometry/package.bash'
[2.484s] INFO:colcon.colcon_core.shell:Creating package script '/home/lalit/ros2_ws/src/Anvrit/install/anvrit_odometry/share/anvrit_odometry/package.zsh'
[2.484s] Level 1:colcon.colcon_core.environment:create_file_with_runtime_dependencies(/home/lalit/ros2_ws/src/Anvrit/install/anvrit_odometry/share/colcon-core/packages/anvrit_odometry)
[2.485s] DEBUG:colcon.colcon_parallel_executor.executor.parallel:closing loop
[2.485s] DEBUG:colcon.colcon_parallel_executor.executor.parallel:loop closed
[2.485s] DEBUG:colcon.colcon_parallel_executor.executor.parallel:run_until_complete finished with '0'
[2.485s] DEBUG:colcon.colcon_core.event_reactor:joining thread
[2.496s] INFO:colcon.colcon_core.plugin_system:Skipping extension 'colcon_notification.desktop_notification.terminal_notifier': Not used on non-Darwin systems
[2.496s] INFO:colcon.colcon_core.plugin_system:Skipping extension 'colcon_notification.desktop_notification.win32': Not used on non-Windows systems
[2.496s] INFO:colcon.colcon_notification.desktop_notification:Sending desktop notification using 'notify2'
[2.535s] DEBUG:colcon.colcon_core.event_reactor:joined thread
[2.536s] INFO:colcon.colcon_core.shell:Creating prefix script '/home/lalit/ros2_ws/src/Anvrit/install/local_setup.ps1'
[2.538s] INFO:colcon.colcon_core.shell:Creating prefix util module '/home/lalit/ros2_ws/src/Anvrit/install/_local_setup_util_ps1.py'
[2.541s] INFO:colcon.colcon_core.shell:Creating prefix chain script '/home/lalit/ros2_ws/src/Anvrit/install/setup.ps1'
[2.545s] INFO:colcon.colcon_core.shell:Creating prefix script '/home/lalit/ros2_ws/src/Anvrit/install/local_setup.sh'
[2.547s] INFO:colcon.colcon_core.shell:Creating prefix util module '/home/lalit/ros2_ws/src/Anvrit/install/_local_setup_util_sh.py'
[2.547s] INFO:colcon.colcon_core.shell:Creating prefix chain script '/home/lalit/ros2_ws/src/Anvrit/install/setup.sh'
[2.550s] INFO:colcon.colcon_core.shell:Creating prefix script '/home/lalit/ros2_ws/src/Anvrit/install/local_setup.bash'
[2.551s] INFO:colcon.colcon_core.shell:Creating prefix chain script '/home/lalit/ros2_ws/src/Anvrit/install/setup.bash'
[2.553s] INFO:colcon.colcon_core.shell:Creating prefix script '/home/lalit/ros2_ws/src/Anvrit/install/local_setup.zsh'
[2.554s] INFO:colcon.colcon_core.shell:Creating prefix chain script '/home/lalit/ros2_ws/src/Anvrit/install/setup.zsh'
