[0.051s] Invoking command in '/home/lalit/cyb_ws/build/anvrit_description': CMAKE_PREFIX_PATH=${CMAKE_PREFIX_PATH}:/home/lalit/ros2_ws/install/turtle_controller:/home/lalit/ros2_ws/install/nav2_gps_waypoint_follower_demo:/home/lalit/ros2_ws/install/bot_control:/home/lalit/ros2_ws/install/anvrit_odometry:/opt/ros/humble /usr/bin/cmake --build /home/lalit/cyb_ws/build/anvrit_description -- -j16 -l16
[0.682s] Invoked command in '/home/lalit/cyb_ws/build/anvrit_description' returned '0': CMAKE_PREFIX_PATH=${CMAKE_PREFIX_PATH}:/home/lalit/ros2_ws/install/turtle_controller:/home/lalit/ros2_ws/install/nav2_gps_waypoint_follower_demo:/home/lalit/ros2_ws/install/bot_control:/home/lalit/ros2_ws/install/anvrit_odometry:/opt/ros/humble /usr/bin/cmake --build /home/lalit/cyb_ws/build/anvrit_description -- -j16 -l16
[1.195s] Invoking command in '/home/lalit/cyb_ws/build/anvrit_description': CMAKE_PREFIX_PATH=${CMAKE_PREFIX_PATH}:/home/lalit/ros2_ws/install/turtle_controller:/home/lalit/ros2_ws/install/nav2_gps_waypoint_follower_demo:/home/lalit/ros2_ws/install/bot_control:/home/lalit/ros2_ws/install/anvrit_odometry:/opt/ros/humble /usr/bin/cmake --install /home/lalit/cyb_ws/build/anvrit_description
[1.212s] -- Install configuration: ""
[1.212s] -- Up-to-date: /home/lalit/cyb_ws/install/anvrit_description/share/anvrit_description//launch
[1.213s] -- Up-to-date: /home/lalit/cyb_ws/install/anvrit_description/share/anvrit_description//launch/spawn_anvrit.launch.py
[1.214s] -- Up-to-date: /home/lalit/cyb_ws/install/anvrit_description/share/anvrit_description//launch/robot_state_publisher.launch.py
[1.214s] -- Up-to-date: /home/lalit/cyb_ws/install/anvrit_description/share/anvrit_description//launch/empty_world.launch.py
[1.214s] -- Up-to-date: /home/lalit/cyb_ws/install/anvrit_description/share/anvrit_description//meshes
[1.215s] -- Up-to-date: /home/lalit/cyb_ws/install/anvrit_description/share/anvrit_description//meshes/camera_link.STL
[1.215s] -- Up-to-date: /home/lalit/cyb_ws/install/anvrit_description/share/anvrit_description//meshes/phone_link.STL
[1.216s] -- Up-to-date: /home/lalit/cyb_ws/install/anvrit_description/share/anvrit_description//meshes/base_link.STL
[1.216s] -- Up-to-date: /home/lalit/cyb_ws/install/anvrit_description/share/anvrit_description//meshes/caster_1_link.STL
[1.216s] -- Up-to-date: /home/lalit/cyb_ws/install/anvrit_description/share/anvrit_description//meshes/lidar_link.STL
[1.217s] -- Up-to-date: /home/lalit/cyb_ws/install/anvrit_description/share/anvrit_description//meshes/caster_2_link.STL
[1.218s] -- Up-to-date: /home/lalit/cyb_ws/install/anvrit_description/share/anvrit_description//meshes/left_wheel_link.STL
[1.219s] -- Up-to-date: /home/lalit/cyb_ws/install/anvrit_description/share/anvrit_description//meshes/gps_link.STL
[1.219s] -- Up-to-date: /home/lalit/cyb_ws/install/anvrit_description/share/anvrit_description//meshes/wheel.stl
[1.220s] -- Up-to-date: /home/lalit/cyb_ws/install/anvrit_description/share/anvrit_description//meshes/right_wheel_link.STL
[1.220s] -- Up-to-date: /home/lalit/cyb_ws/install/anvrit_description/share/anvrit_description//worlds
[1.221s] -- Up-to-date: /home/lalit/cyb_ws/install/anvrit_description/share/anvrit_description//worlds/empty_world.world
[1.222s] -- Up-to-date: /home/lalit/cyb_ws/install/anvrit_description/share/anvrit_description//urdf
[1.223s] -- Up-to-date: /home/lalit/cyb_ws/install/anvrit_description/share/anvrit_description//urdf/anvrit.gazebo
[1.223s] -- Up-to-date: /home/lalit/cyb_ws/install/anvrit_description/share/anvrit_description//urdf/anvrit.urdf.xacro
[1.223s] -- Up-to-date: /home/lalit/cyb_ws/install/anvrit_description/share/ament_index/resource_index/package_run_dependencies/anvrit_description
[1.223s] -- Up-to-date: /home/lalit/cyb_ws/install/anvrit_description/share/ament_index/resource_index/parent_prefix_path/anvrit_description
[1.224s] -- Up-to-date: /home/lalit/cyb_ws/install/anvrit_description/share/anvrit_description/environment/ament_prefix_path.sh
[1.224s] -- Up-to-date: /home/lalit/cyb_ws/install/anvrit_description/share/anvrit_description/environment/ament_prefix_path.dsv
[1.225s] -- Up-to-date: /home/lalit/cyb_ws/install/anvrit_description/share/anvrit_description/environment/path.sh
[1.225s] -- Up-to-date: /home/lalit/cyb_ws/install/anvrit_description/share/anvrit_description/environment/path.dsv
[1.225s] -- Up-to-date: /home/lalit/cyb_ws/install/anvrit_description/share/anvrit_description/local_setup.bash
[1.226s] -- Up-to-date: /home/lalit/cyb_ws/install/anvrit_description/share/anvrit_description/local_setup.sh
[1.226s] -- Up-to-date: /home/lalit/cyb_ws/install/anvrit_description/share/anvrit_description/local_setup.zsh
[1.226s] -- Up-to-date: /home/lalit/cyb_ws/install/anvrit_description/share/anvrit_description/local_setup.dsv
[1.226s] -- Up-to-date: /home/lalit/cyb_ws/install/anvrit_description/share/anvrit_description/package.dsv
[1.228s] -- Up-to-date: /home/lalit/cyb_ws/install/anvrit_description/share/ament_index/resource_index/packages/anvrit_description
[1.228s] -- Up-to-date: /home/lalit/cyb_ws/install/anvrit_description/share/anvrit_description/cmake/anvrit_descriptionConfig.cmake
[1.229s] -- Up-to-date: /home/lalit/cyb_ws/install/anvrit_description/share/anvrit_description/cmake/anvrit_descriptionConfig-version.cmake
[1.229s] -- Up-to-date: /home/lalit/cyb_ws/install/anvrit_description/share/anvrit_description/package.xml
[1.246s] Invoked command in '/home/lalit/cyb_ws/build/anvrit_description' returned '0': CMAKE_PREFIX_PATH=${CMAKE_PREFIX_PATH}:/home/lalit/ros2_ws/install/turtle_controller:/home/lalit/ros2_ws/install/nav2_gps_waypoint_follower_demo:/home/lalit/ros2_ws/install/bot_control:/home/lalit/ros2_ws/install/anvrit_odometry:/opt/ros/humble /usr/bin/cmake --install /home/lalit/cyb_ws/build/anvrit_description
